Archive member included to satisfy reference by file (symbol)

/usr/local/Cellar/arm-none-eabi-gcc/9-2019-q4-major/gcc/bin/../lib/gcc/arm-none-eabi/9.2.1/thumb/v6-m/nofp/libgcc.a(_dvmd_tls.o)
                              CMakeFiles/accel_ml.dir/Users/mjrovai/pico/pico-sdk/src/rp2_common/pico_divider/divider.S.obj (__aeabi_idiv0)
/usr/local/Cellar/arm-none-eabi-gcc/9-2019-q4-major/gcc/bin/../lib/gcc/arm-none-eabi/9.2.1/../../../../arm-none-eabi/lib/thumb/v6-m/nofp/libc.a(lib_a-calloc.o)
                              CMakeFiles/accel_ml.dir/Users/mjrovai/pico/pico-sdk/src/rp2_common/pico_malloc/pico_malloc.c.obj (calloc)
/usr/local/Cellar/arm-none-eabi-gcc/9-2019-q4-major/gcc/bin/../lib/gcc/arm-none-eabi/9.2.1/../../../../arm-none-eabi/lib/thumb/v6-m/nofp/libc.a(lib_a-callocr.o)
                              /usr/local/Cellar/arm-none-eabi-gcc/9-2019-q4-major/gcc/bin/../lib/gcc/arm-none-eabi/9.2.1/../../../../arm-none-eabi/lib/thumb/v6-m/nofp/libc.a(lib_a-calloc.o) (_calloc_r)
/usr/local/Cellar/arm-none-eabi-gcc/9-2019-q4-major/gcc/bin/../lib/gcc/arm-none-eabi/9.2.1/../../../../arm-none-eabi/lib/thumb/v6-m/nofp/libc.a(lib_a-impure.o)
                              /usr/local/Cellar/arm-none-eabi-gcc/9-2019-q4-major/gcc/bin/../lib/gcc/arm-none-eabi/9.2.1/../../../../arm-none-eabi/lib/thumb/v6-m/nofp/libc.a(lib_a-calloc.o) (_impure_ptr)
/usr/local/Cellar/arm-none-eabi-gcc/9-2019-q4-major/gcc/bin/../lib/gcc/arm-none-eabi/9.2.1/../../../../arm-none-eabi/lib/thumb/v6-m/nofp/libc.a(lib_a-init.o)
                              /usr/local/Cellar/arm-none-eabi-gcc/9-2019-q4-major/gcc/bin/../lib/gcc/arm-none-eabi/9.2.1/../../../../arm-none-eabi/lib/thumb/v6-m/nofp/crt0.o (__libc_init_array)
/usr/local/Cellar/arm-none-eabi-gcc/9-2019-q4-major/gcc/bin/../lib/gcc/arm-none-eabi/9.2.1/../../../../arm-none-eabi/lib/thumb/v6-m/nofp/libc.a(lib_a-malloc.o)
                              CMakeFiles/accel_ml.dir/Users/mjrovai/pico/pico-sdk/src/rp2_common/pico_malloc/pico_malloc.c.obj (malloc)
/usr/local/Cellar/arm-none-eabi-gcc/9-2019-q4-major/gcc/bin/../lib/gcc/arm-none-eabi/9.2.1/../../../../arm-none-eabi/lib/thumb/v6-m/nofp/libc.a(lib_a-mallocr.o)
                              /usr/local/Cellar/arm-none-eabi-gcc/9-2019-q4-major/gcc/bin/../lib/gcc/arm-none-eabi/9.2.1/../../../../arm-none-eabi/lib/thumb/v6-m/nofp/libc.a(lib_a-callocr.o) (_malloc_r)
/usr/local/Cellar/arm-none-eabi-gcc/9-2019-q4-major/gcc/bin/../lib/gcc/arm-none-eabi/9.2.1/../../../../arm-none-eabi/lib/thumb/v6-m/nofp/libc.a(lib_a-mlock.o)
                              /usr/local/Cellar/arm-none-eabi-gcc/9-2019-q4-major/gcc/bin/../lib/gcc/arm-none-eabi/9.2.1/../../../../arm-none-eabi/lib/thumb/v6-m/nofp/libc.a(lib_a-mallocr.o) (__malloc_lock)
/usr/local/Cellar/arm-none-eabi-gcc/9-2019-q4-major/gcc/bin/../lib/gcc/arm-none-eabi/9.2.1/../../../../arm-none-eabi/lib/thumb/v6-m/nofp/libc.a(lib_a-sbrkr.o)
                              /usr/local/Cellar/arm-none-eabi-gcc/9-2019-q4-major/gcc/bin/../lib/gcc/arm-none-eabi/9.2.1/../../../../arm-none-eabi/lib/thumb/v6-m/nofp/libc.a(lib_a-mallocr.o) (_sbrk_r)
/usr/local/Cellar/arm-none-eabi-gcc/9-2019-q4-major/gcc/bin/../lib/gcc/arm-none-eabi/9.2.1/../../../../arm-none-eabi/lib/thumb/v6-m/nofp/libc.a(lib_a-strlen-stub.o)
                              CMakeFiles/accel_ml.dir/Users/mjrovai/pico/pico-sdk/src/rp2_common/pico_stdio/stdio.c.obj (strlen)
/usr/local/Cellar/arm-none-eabi-gcc/9-2019-q4-major/gcc/bin/../lib/gcc/arm-none-eabi/9.2.1/../../../../arm-none-eabi/lib/thumb/v6-m/nofp/libc.a(lib_a-freer.o)
                              /usr/local/Cellar/arm-none-eabi-gcc/9-2019-q4-major/gcc/bin/../lib/gcc/arm-none-eabi/9.2.1/../../../../arm-none-eabi/lib/thumb/v6-m/nofp/libc.a(lib_a-malloc.o) (_free_r)
/usr/local/Cellar/arm-none-eabi-gcc/9-2019-q4-major/gcc/bin/../lib/gcc/arm-none-eabi/9.2.1/../../../../arm-none-eabi/lib/thumb/v6-m/nofp/libc.a(lib_a-lock.o)
                              /usr/local/Cellar/arm-none-eabi-gcc/9-2019-q4-major/gcc/bin/../lib/gcc/arm-none-eabi/9.2.1/../../../../arm-none-eabi/lib/thumb/v6-m/nofp/libc.a(lib_a-mlock.o) (__retarget_lock_acquire_recursive)
/usr/local/Cellar/arm-none-eabi-gcc/9-2019-q4-major/gcc/bin/../lib/gcc/arm-none-eabi/9.2.1/../../../../arm-none-eabi/lib/thumb/v6-m/nofp/libc.a(lib_a-reent.o)
                              /usr/local/Cellar/arm-none-eabi-gcc/9-2019-q4-major/gcc/bin/../lib/gcc/arm-none-eabi/9.2.1/../../../../arm-none-eabi/lib/thumb/v6-m/nofp/libc.a(lib_a-sbrkr.o) (errno)

Allocating common symbols
Common symbol       size              file

__lock___atexit_recursive_mutex
                    0x1               /usr/local/Cellar/arm-none-eabi-gcc/9-2019-q4-major/gcc/bin/../lib/gcc/arm-none-eabi/9.2.1/../../../../arm-none-eabi/lib/thumb/v6-m/nofp/libc.a(lib_a-lock.o)
sf_table            0x100             CMakeFiles/accel_ml.dir/Users/mjrovai/pico/pico-sdk/src/rp2_common/pico_float/float_init_rom.c.obj
__lock___arc4random_mutex
[...]
Memory Configuration

Name             Origin             Length             Attributes
FLASH            0x0000000010000000 0x0000000000200000 xr
RAM              0x0000000020000000 0x0000000000040000 xrw
SCRATCH_X        0x0000000020040000 0x0000000000001000 xrw
SCRATCH_Y        0x0000000020041000 0x0000000000001000 xrw
*default*        0x0000000000000000 0xffffffffffffffff

Linker script and memory map

LOAD /usr/local/Cellar/arm-none-eabi-gcc/9-2019-q4-major/gcc/bin/../lib/gcc/arm-none-eabi/9.2.1/thumb/v6-m/nofp/crti.o
LOAD /usr/local/Cellar/arm-none-eabi-gcc/9-2019-q4-major/gcc/bin/../lib/gcc/arm-none-eabi/9.2.1/thumb/v6-m/nofp/crtbegin.o
LOAD /usr/local/Cellar/arm-none-eabi-gcc/9-2019-q4-major/gcc/bin/../lib/gcc/arm-none-eabi/9.2.1/../../../../arm-none-eabi/lib/thumb/v6-m/nofp/crt0.o

.flash_begin    0x0000000010000000        0x0
                0x0000000010000000                __flash_binary_start = .

.boot2          0x0000000010000000      0x100
                0x0000000010000000                __boot2_start__ = .
 *(.boot2)
 .boot2         0x0000000010000000      0x100 /var/folders/ss/f643n9x53s754jfn9_g46s800000gn/T//ccc3JICh.o
                0x0000000010000100                __boot2_end__ = .
                0x0000000000000001                ASSERT (((__boot2_end__ - __boot2_start__) == 0x100), ERROR: Pico second stage bootloader must be 256 bytes in size)

.text           0x0000000010000100     0x6b98
                0x0000000010000100                __logical_binary_start = .
 *(.vectors)
 .vectors       0x0000000010000100       0xd4 CMakeFiles/accel_ml.dir/Users/mjrovai/pico/pico-sdk/src/rp2_common/pico_standard_link/crt0.S.obj
                0x0000000010000100                __vectors
                0x00000000100001c0                isr_invalid
                0x00000000100001c2                isr_nmi
                0x00000000100001c4                isr_hardfault
                0x00000000100001c6                isr_svcall
                0x00000000100001c8                isr_pendsv
                0x00000000100001ca                isr_systick
                0x00000000100001cc                isr_irq23
                0x00000000100001cc                isr_irq18
                0x00000000100001cc                isr_irq28
                0x00000000100001cc                isr_irq19
                0x00000000100001cc                isr_irq0
                0x00000000100001cc                isr_irq6
                0x00000000100001cc                isr_irq22
                0x00000000100001cc                isr_irq17
                0x00000000100001cc                isr_irq14
                0x00000000100001cc                isr_irq2
                0x00000000100001cc                isr_irq10
                0x00000000100001cc                isr_irq8
                0x00000000100001cc                isr_irq24
                0x00000000100001cc                isr_irq1
                0x00000000100001cc                isr_irq7
                0x00000000100001cc                isr_irq21
                0x00000000100001cc                isr_irq20
                0x00000000100001cc                isr_irq15
                0x00000000100001cc                isr_irq25
                0x00000000100001cc                isr_irq4
                0x00000000100001cc                isr_irq16
                0x00000000100001cc                isr_irq29
                0x00000000100001cc                isr_irq26
                0x00000000100001cc                isr_irq3
                0x00000000100001cc                isr_irq9
                0x00000000100001cc                __unhandled_user_irq
                0x00000000100001cc                isr_irq13
                0x00000000100001cc                isr_irq27
                0x00000000100001cc                isr_irq31
                0x00000000100001cc                isr_irq5
                0x00000000100001cc                isr_irq11
                0x00000000100001cc                isr_irq30
                0x00000000100001cc                isr_irq12
                0x00000000100001d2                unhandled_user_irq_num_in_r0
 *(.binary_info_header)
 .binary_info_header
                0x00000000100001d4       0x14 CMakeFiles/accel_ml.dir/Users/mjrovai/pico/pico-sdk/src/rp2_common/pico_standard_link/crt0.S.obj
                0x00000000100001e8                __binary_info_header_end = .
 *(.reset)
 .reset         0x00000000100001e8       0xa8 CMakeFiles/accel_ml.dir/Users/mjrovai/pico/pico-sdk/src/rp2_common/pico_standard_link/crt0.S.obj
                0x00000000100001e8                _entry_point
                0x0000000010000266                __get_current_exception
 .reset         0x0000000010000290       0x30 CMakeFiles/accel_ml.dir/Users/mjrovai/pico/pico-sdk/src/rp2_common/pico_standard_link/binary_info.c.obj
 *(.init)
 .init          0x00000000100002c0        0x4 /usr/local/Cellar/arm-none-eabi-gcc/9-2019-q4-major/gcc/bin/../lib/gcc/arm-none-eabi/9.2.1/thumb/v6-m/nofp/crti.o
                0x00000000100002c0                _init
 *(EXCLUDE_FILE(*libm.a: *libc.a:*lib_a-mem*.o *libgcc.a:) .text*)
 .text          0x00000000100002c4       0x48 /usr/local/Cellar/arm-none-eabi-gcc/9-2019-q4-major/gcc/bin/../lib/gcc/arm-none-eabi/9.2.1/thumb/v6-m/nofp/crtbegin.o
 .text.adc_gpio_init
                0x000000001000030c       0x20 CMakeFiles/accel_ml.dir/accel_mma7361l.c.obj
 .text.startup.main
                0x000000001000032c      0x19c CMakeFiles/accel_ml.dir/accel_mma7361l.c.obj
                0x000000001000032c                main
 .text.gpio_set_function
                0x00000000100004c8       0x30 CMakeFiles/accel_ml.dir/Users/mjrovai/pico/pico-sdk/src/rp2_common/hardware_gpio/gpio.c.obj
                0x00000000100004c8                gpio_set_function
 .text.gpio_set_pulls
                0x00000000100004f8       0x30 CMakeFiles/accel_ml.dir/Users/mjrovai/pico/pico-sdk/src/rp2_common/hardware_gpio/gpio.c.obj
                0x00000000100004f8                gpio_set_pulls
 .text.gpio_set_input_enabled
                0x0000000010000528       0x28 CMakeFiles/accel_ml.dir/Users/mjrovai/pico/pico-sdk/src/rp2_common/hardware_gpio/gpio.c.obj
                0x0000000010000528                gpio_set_input_enabled
 .text.hw_claim_or_assert
                0x0000000010000550       0x60 CMakeFiles/accel_ml.dir/Users/mjrovai/pico/pico-sdk/src/rp2_common/hardware_claim/claim.c.obj
                0x0000000010000550                hw_claim_or_assert
 .text.hw_claim_unused_from_range
                0x00000000100005b0       0x9c CMakeFiles/accel_ml.dir/Users/mjrovai/pico/pico-sdk/src/rp2_common/hardware_claim/claim.c.obj
                0x00000000100005b0                hw_claim_unused_from_range
 .text.spin_locks_reset
                0x000000001000064c       0x1c CMakeFiles/accel_ml.dir/Users/mjrovai/pico/pico-sdk/src/rp2_common/hardware_sync/sync.c.obj
                0x000000001000064c                spin_locks_reset
 .text.next_striped_spin_lock_num
                0x0000000010000668       0x18 CMakeFiles/accel_ml.dir/Users/mjrovai/pico/pico-sdk/src/rp2_common/hardware_sync/sync.c.obj
                0x0000000010000668                next_striped_spin_lock_num
 .text.spin_lock_claim_unused
                0x0000000010000680       0x20 CMakeFiles/accel_ml.dir/Users/mjrovai/pico/pico-sdk/src/rp2_common/hardware_sync/sync.c.obj
                0x0000000010000680                spin_lock_claim_unused
 .text.running_on_fpga
                0x00000000100006a0       0x10 CMakeFiles/accel_ml.dir/Users/mjrovai/pico/pico-sdk/src/rp2_common/pico_platform/platform.c.obj
                0x00000000100006a0                running_on_fpga
 .text.uart_init
                0x00000000100006b0       0xe4 CMakeFiles/accel_ml.dir/Users/mjrovai/pico/pico-sdk/src/rp2_common/hardware_uart/uart.c.obj
                0x00000000100006b0                uart_init
 .text.timer_pool_entry_comparator
                0x0000000010000794       0x34 CMakeFiles/accel_ml.dir/Users/mjrovai/pico/pico-sdk/src/common/pico_time/time.c.obj
                0x0000000010000794                timer_pool_entry_comparator
 .text.sev_callback
                0x00000000100007c8        0x8 CMakeFiles/accel_ml.dir/Users/mjrovai/pico/pico-sdk/src/common/pico_time/time.c.obj
 .text.alarm_pool_add_alarm_at.constprop.0
                0x00000000100007d0      0x128 CMakeFiles/accel_ml.dir/Users/mjrovai/pico/pico-sdk/src/common/pico_time/time.c.obj
 .text.add_alarm_under_lock
                0x00000000100008f8      0x108 CMakeFiles/accel_ml.dir/Users/mjrovai/pico/pico-sdk/src/common/pico_time/time.c.obj
 .text.alarm_pool_alarm_callback
                0x0000000010000a00      0x1b0 CMakeFiles/accel_ml.dir/Users/mjrovai/pico/pico-sdk/src/common/pico_time/time.c.obj
 .text.alarm_pool_init_default
                0x0000000010000bb0       0x58 CMakeFiles/accel_ml.dir/Users/mjrovai/pico/pico-sdk/src/common/pico_time/time.c.obj
                0x0000000010000bb0                alarm_pool_init_default
 .text.alarm_pool_get_default
                0x0000000010000c08        0x8 CMakeFiles/accel_ml.dir/Users/mjrovai/pico/pico-sdk/src/common/pico_time/time.c.obj
                0x0000000010000c08                alarm_pool_get_default
 .text.alarm_pool_add_alarm_at
                0x0000000010000c10      0x1a4 CMakeFiles/accel_ml.dir/Users/mjrovai/pico/pico-sdk/src/common/pico_time/time.c.obj
                0x0000000010000c10                alarm_pool_add_alarm_at
 .text.alarm_pool_cancel_alarm
                0x0000000010000db4       0x70 CMakeFiles/accel_ml.dir/Users/mjrovai/pico/pico-sdk/src/common/pico_time/time.c.obj
                0x0000000010000db4                alarm_pool_cancel_alarm
 .text.sleep_ms
                0x0000000010000e24       0xb0 CMakeFiles/accel_ml.dir/Users/mjrovai/pico/pico-sdk/src/common/pico_time/time.c.obj
                0x0000000010000e24                sleep_ms
 .text.best_effort_wfe_or_timeout
                0x0000000010000ed4      0x174 CMakeFiles/accel_ml.dir/Users/mjrovai/pico/pico-sdk/src/common/pico_time/time.c.obj
                0x0000000010000ed4                best_effort_wfe_or_timeout
 .text.hardware_alarm_irq_handler
                0x0000000010001048       0xb8 CMakeFiles/accel_ml.dir/Users/mjrovai/pico/pico-sdk/src/rp2_common/hardware_timer/timer.c.obj
 .text.hardware_alarm_claim
                0x0000000010001100       0x18 CMakeFiles/accel_ml.dir/Users/mjrovai/pico/pico-sdk/src/rp2_common/hardware_timer/timer.c.obj
                0x0000000010001100                hardware_alarm_claim
 .text.time_us_64
                0x0000000010001118       0x14 CMakeFiles/accel_ml.dir/Users/mjrovai/pico/pico-sdk/src/rp2_common/hardware_timer/timer.c.obj
                0x0000000010001118                time_us_64
 .text.busy_wait_until
                0x000000001000112c       0x20 CMakeFiles/accel_ml.dir/Users/mjrovai/pico/pico-sdk/src/rp2_common/hardware_timer/timer.c.obj
                0x000000001000112c                busy_wait_until
 .text.hardware_alarm_set_callback
                0x000000001000114c       0x8c CMakeFiles/accel_ml.dir/Users/mjrovai/pico/pico-sdk/src/rp2_common/hardware_timer/timer.c.obj
                0x000000001000114c                hardware_alarm_set_callback
 .text.hardware_alarm_set_target
                0x00000000100011d8       0xdc CMakeFiles/accel_ml.dir/Users/mjrovai/pico/pico-sdk/src/rp2_common/hardware_timer/timer.c.obj
                0x00000000100011d8                hardware_alarm_set_target
 .text.hardware_alarm_cancel
                0x00000000100012b4       0x40 CMakeFiles/accel_ml.dir/Users/mjrovai/pico/pico-sdk/src/rp2_common/hardware_timer/timer.c.obj
                0x00000000100012b4                hardware_alarm_cancel
 .text.lock_init
                0x00000000100012f4       0x10 CMakeFiles/accel_ml.dir/Users/mjrovai/pico/pico-sdk/src/common/pico_sync/lock_core.c.obj
                0x00000000100012f4                lock_init
 .text.mutex_init
                0x0000000010001304       0x1c CMakeFiles/accel_ml.dir/Users/mjrovai/pico/pico-sdk/src/common/pico_sync/mutex.c.obj
                0x0000000010001304                mutex_init
 .text.critical_section_init
                0x0000000010001320       0x18 CMakeFiles/accel_ml.dir/Users/mjrovai/pico/pico-sdk/src/common/pico_sync/critical_section.c.obj
                0x0000000010001320                critical_section_init
 .text.ph_merge_nodes
                0x0000000010001338       0x68 CMakeFiles/accel_ml.dir/Users/mjrovai/pico/pico-sdk/src/common/pico_util/pheap.c.obj
 .text.ph_post_alloc_init
                0x00000000100013a0       0x3c CMakeFiles/accel_ml.dir/Users/mjrovai/pico/pico-sdk/src/common/pico_util/pheap.c.obj
                0x00000000100013a0                ph_post_alloc_init
 .text.ph_merge_two_pass
                0x00000000100013dc       0x90 CMakeFiles/accel_ml.dir/Users/mjrovai/pico/pico-sdk/src/common/pico_util/pheap.c.obj
                0x00000000100013dc                ph_merge_two_pass
 .text.ph_remove_any_head
                0x000000001000146c       0xf8 CMakeFiles/accel_ml.dir/Users/mjrovai/pico/pico-sdk/src/common/pico_util/pheap.c.obj
 .text.ph_remove_head
                0x0000000010001564      0x13c CMakeFiles/accel_ml.dir/Users/mjrovai/pico/pico-sdk/src/common/pico_util/pheap.c.obj
                0x0000000010001564                ph_remove_head
 .text.ph_remove_and_free_node
                0x00000000100016a0       0x7c CMakeFiles/accel_ml.dir/Users/mjrovai/pico/pico-sdk/src/common/pico_util/pheap.c.obj
                0x00000000100016a0                ph_remove_and_free_node
 .text.runtime_init
                0x000000001000171c       0xec CMakeFiles/accel_ml.dir/Users/mjrovai/pico/pico-sdk/src/rp2_common/pico_runtime/runtime.c.obj
                0x000000001000171c                runtime_init
 .text.exit     0x0000000010001808        0x4 CMakeFiles/accel_ml.dir/Users/mjrovai/pico/pico-sdk/src/rp2_common/pico_runtime/runtime.c.obj
                0x0000000010001808                exit
 .text.panic    0x000000001000180c       0x30 CMakeFiles/accel_ml.dir/Users/mjrovai/pico/pico-sdk/src/rp2_common/pico_runtime/runtime.c.obj
                0x000000001000180c                panic
 .text.hard_assertion_failure
                0x000000001000183c        0xc CMakeFiles/accel_ml.dir/Users/mjrovai/pico/pico-sdk/src/rp2_common/pico_runtime/runtime.c.obj
                0x000000001000183c                hard_assertion_failure
 .text.clocks_init
                0x0000000010001848      0x2e0 CMakeFiles/accel_ml.dir/Users/mjrovai/pico/pico-sdk/src/rp2_common/hardware_clocks/clocks.c.obj
                0x0000000010001848                clocks_init
 .text.clock_get_hz
                0x0000000010001b28        0xc CMakeFiles/accel_ml.dir/Users/mjrovai/pico/pico-sdk/src/rp2_common/hardware_clocks/clocks.c.obj
                0x0000000010001b28                clock_get_hz
 .text.watchdog_start_tick
                0x0000000010001b34       0x10 CMakeFiles/accel_ml.dir/Users/mjrovai/pico/pico-sdk/src/rp2_common/hardware_watchdog/watchdog.c.obj
                0x0000000010001b34                watchdog_start_tick
 .text.watchdog_reboot
                0x0000000010001b44       0x98 CMakeFiles/accel_ml.dir/Users/mjrovai/pico/pico-sdk/src/rp2_common/hardware_watchdog/watchdog.c.obj
                0x0000000010001b44                watchdog_reboot
 .text.xosc_init
                0x0000000010001bdc       0x28 CMakeFiles/accel_ml.dir/Users/mjrovai/pico/pico-sdk/src/rp2_common/hardware_xosc/xosc.c.obj
                0x0000000010001bdc                xosc_init
 .text.pll_init
                0x0000000010001c04       0x54 CMakeFiles/accel_ml.dir/Users/mjrovai/pico/pico-sdk/src/rp2_common/hardware_pll/pll.c.obj
                0x0000000010001c04                pll_init
 .text.irq_set_enabled
                0x0000000010001c58       0x24 CMakeFiles/accel_ml.dir/Users/mjrovai/pico/pico-sdk/src/rp2_common/hardware_irq/irq.c.obj
                0x0000000010001c58                irq_set_enabled
 .text.irq_set_pending
                0x0000000010001c7c       0x10 CMakeFiles/accel_ml.dir/Users/mjrovai/pico/pico-sdk/src/rp2_common/hardware_irq/irq.c.obj
                0x0000000010001c7c                irq_set_pending
 .text.irq_get_vtable_handler
                0x0000000010001c8c       0x10 CMakeFiles/accel_ml.dir/Users/mjrovai/pico/pico-sdk/src/rp2_common/hardware_irq/irq.c.obj
                0x0000000010001c8c                irq_get_vtable_handler
 .text.irq_set_exclusive_handler
                0x0000000010001c9c       0x54 CMakeFiles/accel_ml.dir/Users/mjrovai/pico/pico-sdk/src/rp2_common/hardware_irq/irq.c.obj
                0x0000000010001c9c                irq_set_exclusive_handler
 .text.irq_remove_handler
                0x0000000010001cf0      0x1b8 CMakeFiles/accel_ml.dir/Users/mjrovai/pico/pico-sdk/src/rp2_common/hardware_irq/irq.c.obj
                0x0000000010001cf0                irq_remove_handler
 .text.irq_add_tail_to_free_list
                0x0000000010001ea8       0xb8 CMakeFiles/accel_ml.dir/Users/mjrovai/pico/pico-sdk/src/rp2_common/hardware_irq/irq.c.obj
                0x0000000010001ea8                irq_add_tail_to_free_list
 .text.irq_init_priorities
                0x0000000010001f60       0x38 CMakeFiles/accel_ml.dir/Users/mjrovai/pico/pico-sdk/src/rp2_common/hardware_irq/irq.c.obj
                0x0000000010001f60                irq_init_priorities
 .text._out_null
                0x0000000010001f98        0x4 CMakeFiles/accel_ml.dir/Users/mjrovai/pico/pico-sdk/src/rp2_common/pico_printf/printf.c.obj
 .text._out_rev
                0x0000000010001f9c       0xd0 CMakeFiles/accel_ml.dir/Users/mjrovai/pico/pico-sdk/src/rp2_common/pico_printf/printf.c.obj
 .text._ntoa_format
                0x000000001000206c      0x1d0 CMakeFiles/accel_ml.dir/Users/mjrovai/pico/pico-sdk/src/rp2_common/pico_printf/printf.c.obj
 .text._out_char
                0x000000001000223c       0x10 CMakeFiles/accel_ml.dir/Users/mjrovai/pico/pico-sdk/src/rp2_common/pico_printf/printf.c.obj
 .text._out_fct
                0x000000001000224c       0x10 CMakeFiles/accel_ml.dir/Users/mjrovai/pico/pico-sdk/src/rp2_common/pico_printf/printf.c.obj
 .text._etoa    0x000000001000225c      0x478 CMakeFiles/accel_ml.dir/Users/mjrovai/pico/pico-sdk/src/rp2_common/pico_printf/printf.c.obj
 .text._ftoa    0x00000000100026d4      0x3e0 CMakeFiles/accel_ml.dir/Users/mjrovai/pico/pico-sdk/src/rp2_common/pico_printf/printf.c.obj
 .text._vsnprintf
                0x0000000010002ab4      0xb08 CMakeFiles/accel_ml.dir/Users/mjrovai/pico/pico-sdk/src/rp2_common/pico_printf/printf.c.obj
 .text.vfctprintf
                0x00000000100035bc       0x20 CMakeFiles/accel_ml.dir/Users/mjrovai/pico/pico-sdk/src/rp2_common/pico_printf/printf.c.obj
                0x00000000100035bc                vfctprintf
 .text.weak_raw_vprintf
                0x00000000100035dc       0x30 CMakeFiles/accel_ml.dir/Users/mjrovai/pico/pico-sdk/src/rp2_common/pico_printf/printf.c.obj
                0x00000000100035dc                weak_raw_vprintf
 .text          0x000000001000360c       0x10 CMakeFiles/accel_ml.dir/Users/mjrovai/pico/pico-sdk/src/rp2_common/pico_bit_ops/bit_ops_aeabi.S.obj
 .text.rom_func_lookup
                0x000000001000361c       0x10 CMakeFiles/accel_ml.dir/Users/mjrovai/pico/pico-sdk/src/rp2_common/pico_bootrom/bootrom.c.obj
                0x000000001000361c                rom_func_lookup
 .text.rom_data_lookup
                0x000000001000362c       0x10 CMakeFiles/accel_ml.dir/Users/mjrovai/pico/pico-sdk/src/rp2_common/pico_bootrom/bootrom.c.obj
                0x000000001000362c                rom_data_lookup
 .text.rom_funcs_lookup
                0x000000001000363c       0x3c CMakeFiles/accel_ml.dir/Users/mjrovai/pico/pico-sdk/src/rp2_common/pico_bootrom/bootrom.c.obj
                0x000000001000363c                rom_funcs_lookup
 .text.__wrap___aeabi_idiv
                0x0000000010003678       0x58 CMakeFiles/accel_ml.dir/Users/mjrovai/pico/pico-sdk/src/rp2_common/pico_divider/divider.S.obj
                0x0000000010003678                __wrap___aeabi_idivmod
                0x0000000010003678                divmod_s32s32
                0x0000000010003678                div_s32s32
                0x0000000010003678                __wrap___aeabi_idiv
                0x0000000010003680                divmod_s32s32_unsafe
                0x00000000100036ac                divmod_s32s32_savestate
 .text.__wrap___aeabi_uidiv
                0x00000000100036d0       0x54 CMakeFiles/accel_ml.dir/Users/mjrovai/pico/pico-sdk/src/rp2_common/pico_divider/divider.S.obj
                0x00000000100036d0                __wrap___aeabi_uidiv
                0x00000000100036d0                __wrap___aeabi_uidivmod
                0x00000000100036d0                div_u32u32
                0x00000000100036d0                divmod_u32u32
                0x00000000100036d8                divmod_u32u32_unsafe
                0x0000000010003700                divmod_u32u32_savestate
 .text.__wrap___aeabi_ldiv
                0x0000000010003724      0x430 CMakeFiles/accel_ml.dir/Users/mjrovai/pico/pico-sdk/src/rp2_common/pico_divider/divider.S.obj
                0x0000000010003724                __wrap___aeabi_ldivmod
                0x0000000010003724                div_s64s64
                0x0000000010003724                divmod_s64s64
                0x000000001000375c                divmod_u64u64
                0x000000001000375c                div_u64u64
                0x000000001000375c                __wrap___aeabi_uldivmod
                0x000000001000376c                divmod_u64u64_savestate
                0x0000000010003794                divmod_s64s64_unsafe
                0x000000001000381c                divmod_u64u64_unsafe
 .text.__wrap___aeabi_darithmetic
                0x0000000010003b54       0x54 CMakeFiles/accel_ml.dir/Users/mjrovai/pico/pico-sdk/src/rp2_common/pico_double/double_aeabi.S.obj
                0x0000000010003b54                __wrap___aeabi_drsub
                0x0000000010003b5a                __wrap___aeabi_dsub
                0x0000000010003b6c                __wrap___aeabi_dadd
                0x0000000010003b7e                __wrap___aeabi_ddiv
                0x0000000010003b90                __wrap___aeabi_dmul
 .text.__wrap___aeabi_cdcmple
                0x0000000010003ba8       0x6c CMakeFiles/accel_ml.dir/Users/mjrovai/pico/pico-sdk/src/rp2_common/pico_double/double_aeabi.S.obj
                0x0000000010003ba8                __wrap___aeabi_cdrcmple
                0x0000000010003bb8                __wrap___aeabi_cdcmple
                0x0000000010003bb8                __wrap___aeabi_cdcmpeq
 .text.__wrap___aeabi_dcmplt
                0x0000000010003c14        0xc CMakeFiles/accel_ml.dir/Users/mjrovai/pico/pico-sdk/src/rp2_common/pico_double/double_aeabi.S.obj
                0x0000000010003c14                __wrap___aeabi_dcmplt
 .text.__wrap___aeabi_dcmple
                0x0000000010003c20       0x10 CMakeFiles/accel_ml.dir/Users/mjrovai/pico/pico-sdk/src/rp2_common/pico_double/double_aeabi.S.obj
                0x0000000010003c20                __wrap___aeabi_dcmple
 .text.__wrap___aeabi_dcmpge
                0x0000000010003c30       0x10 CMakeFiles/accel_ml.dir/Users/mjrovai/pico/pico-sdk/src/rp2_common/pico_double/double_aeabi.S.obj
                0x0000000010003c30                __wrap___aeabi_dcmpge
 .text.__wrap___aeabi_dcmpgt
                0x0000000010003c40        0xa CMakeFiles/accel_ml.dir/Users/mjrovai/pico/pico-sdk/src/rp2_common/pico_double/double_aeabi.S.obj
                0x0000000010003c40                __wrap___aeabi_dcmpgt
 .text.__wrap___aeabi_dcmpun
                0x0000000010003c4a       0x1c CMakeFiles/accel_ml.dir/Users/mjrovai/pico/pico-sdk/src/rp2_common/pico_double/double_aeabi.S.obj
                0x0000000010003c4a                __wrap___aeabi_dcmpun
 *fill*         0x0000000010003c66        0x2 
 .text.__wrap___aeabi_i2d
                0x0000000010003c68       0x38 CMakeFiles/accel_ml.dir/Users/mjrovai/pico/pico-sdk/src/rp2_common/pico_double/double_aeabi.S.obj
                0x0000000010003c68                __wrap___aeabi_ui2d
                0x0000000010003c70                __wrap___aeabi_i2d
 .text.__wrap___aeabi_d2iz
                0x0000000010003ca0       0x48 CMakeFiles/accel_ml.dir/Users/mjrovai/pico/pico-sdk/src/rp2_common/pico_double/double_aeabi.S.obj
                0x0000000010003ca0                __wrap___aeabi_d2iz
                0x0000000010003ca0                double2int_z
 .text.__wrap___aeabi_d2uiz
                0x0000000010003ce8       0x18 CMakeFiles/accel_ml.dir/Users/mjrovai/pico/pico-sdk/src/rp2_common/pico_double/double_aeabi.S.obj
                0x0000000010003ce8                double2uint
                0x0000000010003ce8                __wrap___aeabi_d2uiz
 .text.__aeabi_double_init
                0x0000000010003d00       0xac CMakeFiles/accel_ml.dir/Users/mjrovai/pico/pico-sdk/src/rp2_common/pico_double/double_init_rom.c.obj
                0x0000000010003d00                __aeabi_double_init
 .text.double_table_shim_on_use_helper
                0x0000000010003dac       0x2c CMakeFiles/accel_ml.dir/Users/mjrovai/pico/pico-sdk/src/rp2_common/pico_double/double_v1_rom_shim.S.obj
                0x0000000010003dac                double_table_shim_on_use_helper
 .text.__wrap___aeabi_dsub
                0x0000000010003dd8       0x10 CMakeFiles/accel_ml.dir/Users/mjrovai/pico/pico-sdk/src/rp2_common/pico_double/double_v1_rom_shim.S.obj
                0x0000000010003dd8                drsub_shim
                0x0000000010003dde                dsub_shim
 .text.dadd_shim
                0x0000000010003de8      0x15c CMakeFiles/accel_ml.dir/Users/mjrovai/pico/pico-sdk/src/rp2_common/pico_double/double_v1_rom_shim.S.obj
                0x0000000010003de8                dadd_shim
 .text.dmul_shim
                0x0000000010003f44      0x15c CMakeFiles/accel_ml.dir/Users/mjrovai/pico/pico-sdk/src/rp2_common/pico_double/double_v1_rom_shim.S.obj
                0x0000000010003f44                dmul_shim
 .text.ddiv_shim
                0x00000000100040a0      0x1b0 CMakeFiles/accel_ml.dir/Users/mjrovai/pico/pico-sdk/src/rp2_common/pico_double/double_v1_rom_shim.S.obj
                0x00000000100040a0                ddiv_shim
 .text.dcordic_rot_step
                0x0000000010004250       0x7c CMakeFiles/accel_ml.dir/Users/mjrovai/pico/pico-sdk/src/rp2_common/pico_double/double_v1_rom_shim.S.obj
                0x0000000010004250                dcordic_rot_step
 .text.double2uint_shim
                0x00000000100042cc        0xe CMakeFiles/accel_ml.dir/Users/mjrovai/pico/pico-sdk/src/rp2_common/pico_double/double_v1_rom_shim.S.obj
                0x00000000100042cc                double2uint_shim
                0x00000000100042ce                double2ufix_shim
 *fill*         0x00000000100042da        0x2 
 .text.double2uint64_shim
                0x00000000100042dc       0x6c CMakeFiles/accel_ml.dir/Users/mjrovai/pico/pico-sdk/src/rp2_common/pico_double/double_v1_rom_shim.S.obj
                0x00000000100042dc                double2uint64_shim
                0x00000000100042de                double2ufix64_shim
                0x00000000100042f8                d2fix_a
 .text.dunpacks
                0x0000000010004348       0x3c CMakeFiles/accel_ml.dir/Users/mjrovai/pico/pico-sdk/src/rp2_common/pico_double/double_v1_rom_shim.S.obj
                0x0000000010004348                dunpacks
 .text.__aeabi_lmul
                0x0000000010004384       0x32 CMakeFiles/accel_ml.dir/Users/mjrovai/pico/pico-sdk/src/rp2_common/pico_int64_ops/pico_int64_ops_aeabi.S.obj
                0x0000000010004384                __wrap___aeabi_lmul
 *fill*         0x00000000100043b6        0x2 
 .text.__wrap___aeabi_farithmetic
                0x00000000100043b8       0x24 CMakeFiles/accel_ml.dir/Users/mjrovai/pico/pico-sdk/src/rp2_common/pico_float/float_aeabi.S.obj
                0x00000000100043b8                __wrap___aeabi_frsub
                0x00000000100043be                __wrap___aeabi_fsub
                0x00000000100043c4                __wrap___aeabi_fadd
                0x00000000100043ca                __wrap___aeabi_fdiv
                0x00000000100043d0                __wrap___aeabi_fmul
 .text.__wrap___aeabi_ui2f
                0x00000000100043dc        0xa CMakeFiles/accel_ml.dir/Users/mjrovai/pico/pico-sdk/src/rp2_common/pico_float/float_aeabi.S.obj
                0x00000000100043dc                __wrap___aeabi_ui2f
 *fill*         0x00000000100043e6        0x2 
 .text.__wrap___aeabi_i2f
                0x00000000100043e8       0x44 CMakeFiles/accel_ml.dir/Users/mjrovai/pico/pico-sdk/src/rp2_common/pico_float/float_aeabi.S.obj
                0x00000000100043e8                __wrap___aeabi_i2f
 .text.__wrap___aeabi_f2d
                0x000000001000442c       0x14 CMakeFiles/accel_ml.dir/Users/mjrovai/pico/pico-sdk/src/rp2_common/pico_float/float_aeabi.S.obj
                0x000000001000442c                __wrap___aeabi_f2d
 .text.__aeabi_float_init
                0x0000000010004440       0x64 CMakeFiles/accel_ml.dir/Users/mjrovai/pico/pico-sdk/src/rp2_common/pico_float/float_init_rom.c.obj
                0x0000000010004440                __aeabi_float_init
 .text.float_table_shim_on_use_helper
                0x00000000100044a4       0x2c CMakeFiles/accel_ml.dir/Users/mjrovai/pico/pico-sdk/src/rp2_common/pico_float/float_v1_rom_shim.S.obj
                0x00000000100044a4                float_table_shim_on_use_helper
 .text.float2double_shim
                0x00000000100044d0       0x30 CMakeFiles/accel_ml.dir/Users/mjrovai/pico/pico-sdk/src/rp2_common/pico_float/float_v1_rom_shim.S.obj
                0x00000000100044d0                float2double_shim
 .text          0x0000000010004500       0x10 CMakeFiles/accel_ml.dir/Users/mjrovai/pico/pico-sdk/src/rp2_common/pico_mem_ops/mem_ops_aeabi.S.obj
                0x0000000010004500                __aeabi_mem_init
 .text.memset   0x0000000010004510        0xc CMakeFiles/accel_ml.dir/Users/mjrovai/pico/pico-sdk/src/rp2_common/pico_mem_ops/mem_ops_aeabi.S.obj
                0x0000000010004510                __wrap_memset
 .text.memcpy   0x000000001000451c        0xc CMakeFiles/accel_ml.dir/Users/mjrovai/pico/pico-sdk/src/rp2_common/pico_mem_ops/mem_ops_aeabi.S.obj
                0x000000001000451c                __wrap___aeabi_memcpy
                0x000000001000451c                __wrap_memcpy
 .text.stdio_out_chars_crlf.part.0
                0x0000000010004528       0x84 CMakeFiles/accel_ml.dir/Users/mjrovai/pico/pico-sdk/src/rp2_common/pico_stdio/stdio.c.obj
 .text.stdio_buffered_printer
                0x00000000100045ac       0x78 CMakeFiles/accel_ml.dir/Users/mjrovai/pico/pico-sdk/src/rp2_common/pico_stdio/stdio.c.obj
 .text.stdio_put_string
                0x0000000010004624      0x100 CMakeFiles/accel_ml.dir/Users/mjrovai/pico/pico-sdk/src/rp2_common/pico_stdio/stdio.c.obj
 .text.__wrap_putchar
                0x0000000010004724       0x1c CMakeFiles/accel_ml.dir/Users/mjrovai/pico/pico-sdk/src/rp2_common/pico_stdio/stdio.c.obj
                0x0000000010004724                __wrap_putchar
 .text.__wrap_puts
                0x0000000010004740       0x3c CMakeFiles/accel_ml.dir/Users/mjrovai/pico/pico-sdk/src/rp2_common/pico_stdio/stdio.c.obj
                0x0000000010004740                __wrap_puts
 .text.stdio_set_driver_enabled
                0x000000001000477c       0x3c CMakeFiles/accel_ml.dir/Users/mjrovai/pico/pico-sdk/src/rp2_common/pico_stdio/stdio.c.obj
                0x000000001000477c                stdio_set_driver_enabled
 .text.__wrap_vprintf
                0x00000000100047b8       0xe8 CMakeFiles/accel_ml.dir/Users/mjrovai/pico/pico-sdk/src/rp2_common/pico_stdio/stdio.c.obj
                0x00000000100047b8                __wrap_vprintf
 .text.__wrap_printf
                0x00000000100048a0       0x18 CMakeFiles/accel_ml.dir/Users/mjrovai/pico/pico-sdk/src/rp2_common/pico_stdio/stdio.c.obj
                0x00000000100048a0                __wrap_printf
 .text.stdio_init_all
                0x00000000100048b8        0xc CMakeFiles/accel_ml.dir/Users/mjrovai/pico/pico-sdk/src/rp2_common/pico_stdio/stdio.c.obj
                0x00000000100048b8                stdio_init_all
 .text.stdio_uart_out_chars
                0x00000000100048c4       0x4c CMakeFiles/accel_ml.dir/Users/mjrovai/pico/pico-sdk/src/rp2_common/pico_stdio_uart/stdio_uart.c.obj
 .text.stdio_uart_in_chars
                0x0000000010004910       0x38 CMakeFiles/accel_ml.dir/Users/mjrovai/pico/pico-sdk/src/rp2_common/pico_stdio_uart/stdio_uart.c.obj
                0x0000000010004910                stdio_uart_in_chars
 .text.stdio_uart_init
                0x0000000010004948       0x48 CMakeFiles/accel_ml.dir/Users/mjrovai/pico/pico-sdk/src/rp2_common/pico_stdio_uart/stdio_uart.c.obj
                0x0000000010004948                stdio_uart_init
 .text.resetd_init
                0x0000000010004990        0x4 CMakeFiles/accel_ml.dir/Users/mjrovai/pico/pico-sdk/src/rp2_common/pico_stdio_usb/reset_interface.c.obj
 .text.resetd_reset
                0x0000000010004994        0xc CMakeFiles/accel_ml.dir/Users/mjrovai/pico/pico-sdk/src/rp2_common/pico_stdio_usb/reset_interface.c.obj
 .text.resetd_open
                0x00000000100049a0       0x28 CMakeFiles/accel_ml.dir/Users/mjrovai/pico/pico-sdk/src/rp2_common/pico_stdio_usb/reset_interface.c.obj
 .text.resetd_control_complete_cb
                0x00000000100049c8        0x4 CMakeFiles/accel_ml.dir/Users/mjrovai/pico/pico-sdk/src/rp2_common/pico_stdio_usb/reset_interface.c.obj
 .text.resetd_xfer_cb
                0x00000000100049cc        0x4 CMakeFiles/accel_ml.dir/Users/mjrovai/pico/pico-sdk/src/rp2_common/pico_stdio_usb/reset_interface.c.obj
 .text.resetd_control_request_cb
                0x00000000100049d0       0x60 CMakeFiles/accel_ml.dir/Users/mjrovai/pico/pico-sdk/src/rp2_common/pico_stdio_usb/reset_interface.c.obj
 .text.usbd_app_driver_get_cb
                0x0000000010004a30        0xc CMakeFiles/accel_ml.dir/Users/mjrovai/pico/pico-sdk/src/rp2_common/pico_stdio_usb/reset_interface.c.obj
                0x0000000010004a30                usbd_app_driver_get_cb
 .text.tud_cdc_line_coding_cb
                0x0000000010004a3c       0x34 CMakeFiles/accel_ml.dir/Users/mjrovai/pico/pico-sdk/src/rp2_common/pico_stdio_usb/reset_interface.c.obj
                0x0000000010004a3c                tud_cdc_line_coding_cb
 .text.stdio_usb_in_chars
                0x0000000010004a70       0x68 CMakeFiles/accel_ml.dir/Users/mjrovai/pico/pico-sdk/src/rp2_common/pico_stdio_usb/stdio_usb.c.obj
                0x0000000010004a70                stdio_usb_in_chars
 .text.stdio_usb_out_chars
                0x0000000010004ad8       0xec CMakeFiles/accel_ml.dir/Users/mjrovai/pico/pico-sdk/src/rp2_common/pico_stdio_usb/stdio_usb.c.obj
 .text.timer_task
                0x0000000010004bc4       0x10 CMakeFiles/accel_ml.dir/Users/mjrovai/pico/pico-sdk/src/rp2_common/pico_stdio_usb/stdio_usb.c.obj
 .text.low_priority_worker_irq
                0x0000000010004bd4       0x24 CMakeFiles/accel_ml.dir/Users/mjrovai/pico/pico-sdk/src/rp2_common/pico_stdio_usb/stdio_usb.c.obj
 .text.stdio_usb_init
                0x0000000010004bf8       0x90 CMakeFiles/accel_ml.dir/Users/mjrovai/pico/pico-sdk/src/rp2_common/pico_stdio_usb/stdio_usb.c.obj
                0x0000000010004bf8                stdio_usb_init
 .text.tud_descriptor_device_cb
                0x0000000010004c88        0x8 CMakeFiles/accel_ml.dir/Users/mjrovai/pico/pico-sdk/src/rp2_common/pico_stdio_usb/stdio_usb_descriptors.c.obj
                0x0000000010004c88                tud_descriptor_device_cb
 .text.tud_descriptor_configuration_cb
                0x0000000010004c90        0x8 CMakeFiles/accel_ml.dir/Users/mjrovai/pico/pico-sdk/src/rp2_common/pico_stdio_usb/stdio_usb_descriptors.c.obj
                0x0000000010004c90                tud_descriptor_configuration_cb
 .text.tud_descriptor_string_cb
                0x0000000010004c98       0x5c CMakeFiles/accel_ml.dir/Users/mjrovai/pico/pico-sdk/src/rp2_common/pico_stdio_usb/stdio_usb_descriptors.c.obj
                0x0000000010004c98                tud_descriptor_string_cb
 .text.dcd_rp2040_irq
                0x0000000010004cf4      0x130 CMakeFiles/accel_ml.dir/Users/mjrovai/pico/pico-sdk/lib/tinyusb/src/portable/raspberrypi/rp2040/dcd_rp2040.c.obj
 .text.dcd_int_enable
                0x0000000010004e24        0xc CMakeFiles/accel_ml.dir/Users/mjrovai/pico/pico-sdk/lib/tinyusb/src/portable/raspberrypi/rp2040/dcd_rp2040.c.obj
                0x0000000010004e24                dcd_int_enable
 .text.dcd_set_address
                0x0000000010004e30       0x30 CMakeFiles/accel_ml.dir/Users/mjrovai/pico/pico-sdk/lib/tinyusb/src/portable/raspberrypi/rp2040/dcd_rp2040.c.obj
                0x0000000010004e30                dcd_set_address
 .text.dcd_connect
                0x0000000010004e60       0x10 CMakeFiles/accel_ml.dir/Users/mjrovai/pico/pico-sdk/lib/tinyusb/src/portable/raspberrypi/rp2040/dcd_rp2040.c.obj
                0x0000000010004e60                dcd_connect
 .text.dcd_init
                0x0000000010004e70       0xb0 CMakeFiles/accel_ml.dir/Users/mjrovai/pico/pico-sdk/lib/tinyusb/src/portable/raspberrypi/rp2040/dcd_rp2040.c.obj
                0x0000000010004e70                dcd_init
 .text.dcd_edpt0_status_complete
                0x0000000010004f20       0x38 CMakeFiles/accel_ml.dir/Users/mjrovai/pico/pico-sdk/lib/tinyusb/src/portable/raspberrypi/rp2040/dcd_rp2040.c.obj
                0x0000000010004f20                dcd_edpt0_status_complete
 .text.dcd_edpt_open
                0x0000000010004f58      0x148 CMakeFiles/accel_ml.dir/Users/mjrovai/pico/pico-sdk/lib/tinyusb/src/portable/raspberrypi/rp2040/dcd_rp2040.c.obj
                0x0000000010004f58                dcd_edpt_open
 .text.dcd_edpt_xfer
                0x00000000100050a0       0x2c CMakeFiles/accel_ml.dir/Users/mjrovai/pico/pico-sdk/lib/tinyusb/src/portable/raspberrypi/rp2040/dcd_rp2040.c.obj
                0x00000000100050a0                dcd_edpt_xfer
 .text.dcd_edpt_stall
                0x00000000100050cc       0x50 CMakeFiles/accel_ml.dir/Users/mjrovai/pico/pico-sdk/lib/tinyusb/src/portable/raspberrypi/rp2040/dcd_rp2040.c.obj
                0x00000000100050cc                dcd_edpt_stall
 .text.dcd_edpt_clear_stall
                0x000000001000511c       0x50 CMakeFiles/accel_ml.dir/Users/mjrovai/pico/pico-sdk/lib/tinyusb/src/portable/raspberrypi/rp2040/dcd_rp2040.c.obj
                0x000000001000511c                dcd_edpt_clear_stall
 .text.rp2040_usb_init
                0x000000001000516c       0x50 CMakeFiles/accel_ml.dir/Users/mjrovai/pico/pico-sdk/lib/tinyusb/src/portable/raspberrypi/rp2040/rp2040_usb.c.obj
                0x000000001000516c                rp2040_usb_init
 .text.hw_endpoint_reset_transfer
                0x00000000100051bc       0x14 CMakeFiles/accel_ml.dir/Users/mjrovai/pico/pico-sdk/lib/tinyusb/src/portable/raspberrypi/rp2040/rp2040_usb.c.obj
                0x00000000100051bc                hw_endpoint_reset_transfer
 .text._hw_endpoint_buffer_control_update32
                0x00000000100051d0       0x54 CMakeFiles/accel_ml.dir/Users/mjrovai/pico/pico-sdk/lib/tinyusb/src/portable/raspberrypi/rp2040/rp2040_usb.c.obj
                0x00000000100051d0                _hw_endpoint_buffer_control_update32
 .text._hw_endpoint_xfer_continue
                0x0000000010005224      0x10c CMakeFiles/accel_ml.dir/Users/mjrovai/pico/pico-sdk/lib/tinyusb/src/portable/raspberrypi/rp2040/rp2040_usb.c.obj
                0x0000000010005224                _hw_endpoint_xfer_continue
 .text._hw_endpoint_xfer
                0x0000000010005330       0xc0 CMakeFiles/accel_ml.dir/Users/mjrovai/pico/pico-sdk/lib/tinyusb/src/portable/raspberrypi/rp2040/rp2040_usb.c.obj
                0x0000000010005330                _hw_endpoint_xfer
 .text.tud_mounted
                0x00000000100053f0       0x10 CMakeFiles/accel_ml.dir/Users/mjrovai/pico/pico-sdk/lib/tinyusb/src/device/usbd.c.obj
                0x00000000100053f0                tud_mounted
 .text.tud_suspended
                0x0000000010005400       0x10 CMakeFiles/accel_ml.dir/Users/mjrovai/pico/pico-sdk/lib/tinyusb/src/device/usbd.c.obj
                0x0000000010005400                tud_suspended
 .text.tud_init
                0x0000000010005410       0xb0 CMakeFiles/accel_ml.dir/Users/mjrovai/pico/pico-sdk/lib/tinyusb/src/device/usbd.c.obj
                0x0000000010005410                tud_init
 .text.tud_task
                0x00000000100054c0      0x80c CMakeFiles/accel_ml.dir/Users/mjrovai/pico/pico-sdk/lib/tinyusb/src/device/usbd.c.obj
                0x00000000100054c0                tud_task
 .text.dcd_event_bus_signal
                0x0000000010005ccc       0xe0 CMakeFiles/accel_ml.dir/Users/mjrovai/pico/pico-sdk/lib/tinyusb/src/device/usbd.c.obj
                0x0000000010005ccc                dcd_event_bus_signal
 .text.dcd_event_setup_received
                0x0000000010005dac       0x50 CMakeFiles/accel_ml.dir/Users/mjrovai/pico/pico-sdk/lib/tinyusb/src/device/usbd.c.obj
                0x0000000010005dac                dcd_event_setup_received
 .text.dcd_event_xfer_complete
                0x0000000010005dfc       0x68 CMakeFiles/accel_ml.dir/Users/mjrovai/pico/pico-sdk/lib/tinyusb/src/device/usbd.c.obj
                0x0000000010005dfc                dcd_event_xfer_complete
 .text.usbd_open_edpt_pair
                0x0000000010005e64       0x68 CMakeFiles/accel_ml.dir/Users/mjrovai/pico/pico-sdk/lib/tinyusb/src/device/usbd.c.obj
                0x0000000010005e64                usbd_open_edpt_pair
 .text.usbd_edpt_open
                0x0000000010005ecc        0x8 CMakeFiles/accel_ml.dir/Users/mjrovai/pico/pico-sdk/lib/tinyusb/src/device/usbd.c.obj
                0x0000000010005ecc                usbd_edpt_open
 .text.usbd_edpt_claim
                0x0000000010005ed4       0x64 CMakeFiles/accel_ml.dir/Users/mjrovai/pico/pico-sdk/lib/tinyusb/src/device/usbd.c.obj
                0x0000000010005ed4                usbd_edpt_claim
 .text.usbd_edpt_release
                0x0000000010005f38       0x4c CMakeFiles/accel_ml.dir/Users/mjrovai/pico/pico-sdk/lib/tinyusb/src/device/usbd.c.obj
                0x0000000010005f38                usbd_edpt_release
 .text.usbd_edpt_xfer
                0x0000000010005f84       0x48 CMakeFiles/accel_ml.dir/Users/mjrovai/pico/pico-sdk/lib/tinyusb/src/device/usbd.c.obj
                0x0000000010005f84                usbd_edpt_xfer
 .text.tud_control_status
                0x0000000010005fcc       0x30 CMakeFiles/accel_ml.dir/Users/mjrovai/pico/pico-sdk/lib/tinyusb/src/device/usbd_control.c.obj
                0x0000000010005fcc                tud_control_status
 .text.tud_control_xfer
                0x0000000010005ffc       0xb8 CMakeFiles/accel_ml.dir/Users/mjrovai/pico/pico-sdk/lib/tinyusb/src/device/usbd_control.c.obj
                0x0000000010005ffc                tud_control_xfer
 .text.usbd_control_reset
                0x00000000100060b4       0x14 CMakeFiles/accel_ml.dir/Users/mjrovai/pico/pico-sdk/lib/tinyusb/src/device/usbd_control.c.obj
                0x00000000100060b4                usbd_control_reset
 .text.usbd_control_set_complete_callback
                0x00000000100060c8        0xc CMakeFiles/accel_ml.dir/Users/mjrovai/pico/pico-sdk/lib/tinyusb/src/device/usbd_control.c.obj
                0x00000000100060c8                usbd_control_set_complete_callback
 .text.usbd_control_set_request
                0x00000000100060d4       0x1c CMakeFiles/accel_ml.dir/Users/mjrovai/pico/pico-sdk/lib/tinyusb/src/device/usbd_control.c.obj
                0x00000000100060d4                usbd_control_set_request
 .text.usbd_control_xfer_cb
                0x00000000100060f0       0xe8 CMakeFiles/accel_ml.dir/Users/mjrovai/pico/pico-sdk/lib/tinyusb/src/device/usbd_control.c.obj
                0x00000000100060f0                usbd_control_xfer_cb
 .text.tud_cdc_n_connected
                0x00000000100061d8       0x34 CMakeFiles/accel_ml.dir/Users/mjrovai/pico/pico-sdk/lib/tinyusb/src/class/cdc/cdc_device.c.obj
                0x00000000100061d8                tud_cdc_n_connected
 .text.tud_cdc_n_available
                0x000000001000620c       0x20 CMakeFiles/accel_ml.dir/Users/mjrovai/pico/pico-sdk/lib/tinyusb/src/class/cdc/cdc_device.c.obj
                0x000000001000620c                tud_cdc_n_available
 .text.tud_cdc_n_read
                0x000000001000622c       0x74 CMakeFiles/accel_ml.dir/Users/mjrovai/pico/pico-sdk/lib/tinyusb/src/class/cdc/cdc_device.c.obj
                0x000000001000622c                tud_cdc_n_read
 .text.tud_cdc_n_write_flush
                0x00000000100062a0       0xa4 CMakeFiles/accel_ml.dir/Users/mjrovai/pico/pico-sdk/lib/tinyusb/src/class/cdc/cdc_device.c.obj
                0x00000000100062a0                tud_cdc_n_write_flush
 .text.tud_cdc_n_write
                0x0000000010006344       0x38 CMakeFiles/accel_ml.dir/Users/mjrovai/pico/pico-sdk/lib/tinyusb/src/class/cdc/cdc_device.c.obj
                0x0000000010006344                tud_cdc_n_write
 .text.tud_cdc_n_write_available
                0x000000001000637c       0x20 CMakeFiles/accel_ml.dir/Users/mjrovai/pico/pico-sdk/lib/tinyusb/src/class/cdc/cdc_device.c.obj
                0x000000001000637c                tud_cdc_n_write_available
 .text.cdcd_init
                0x000000001000639c       0x78 CMakeFiles/accel_ml.dir/Users/mjrovai/pico/pico-sdk/lib/tinyusb/src/class/cdc/cdc_device.c.obj
                0x000000001000639c                cdcd_init
 .text.cdcd_reset
                0x0000000010006414       0x24 CMakeFiles/accel_ml.dir/Users/mjrovai/pico/pico-sdk/lib/tinyusb/src/class/cdc/cdc_device.c.obj
                0x0000000010006414                cdcd_reset
 .text.cdcd_open
                0x0000000010006438       0xec CMakeFiles/accel_ml.dir/Users/mjrovai/pico/pico-sdk/lib/tinyusb/src/class/cdc/cdc_device.c.obj
                0x0000000010006438                cdcd_open
 .text.cdcd_control_complete
                0x0000000010006524       0x44 CMakeFiles/accel_ml.dir/Users/mjrovai/pico/pico-sdk/lib/tinyusb/src/class/cdc/cdc_device.c.obj
                0x0000000010006524                cdcd_control_complete
 .text.cdcd_control_request
                0x0000000010006568       0x68 CMakeFiles/accel_ml.dir/Users/mjrovai/pico/pico-sdk/lib/tinyusb/src/class/cdc/cdc_device.c.obj
                0x0000000010006568                cdcd_control_request
 .text.cdcd_xfer_cb
                0x00000000100065d0      0x1b4 CMakeFiles/accel_ml.dir/Users/mjrovai/pico/pico-sdk/lib/tinyusb/src/class/cdc/cdc_device.c.obj
                0x00000000100065d0                cdcd_xfer_cb
 .text.tusb_init
                0x0000000010006784       0x20 CMakeFiles/accel_ml.dir/Users/mjrovai/pico/pico-sdk/lib/tinyusb/src/tusb.c.obj
                0x0000000010006784                tusb_init
 .text.tusb_inited
                0x00000000100067a4        0xc CMakeFiles/accel_ml.dir/Users/mjrovai/pico/pico-sdk/lib/tinyusb/src/tusb.c.obj
                0x00000000100067a4                tusb_inited
 .text.tu_fifo_config
                0x00000000100067b0       0x78 CMakeFiles/accel_ml.dir/Users/mjrovai/pico/pico-sdk/lib/tinyusb/src/common/tusb_fifo.c.obj
                0x00000000100067b0                tu_fifo_config
 .text.tu_fifo_count
                0x0000000010006828       0x18 CMakeFiles/accel_ml.dir/Users/mjrovai/pico/pico-sdk/lib/tinyusb/src/common/tusb_fifo.c.obj
                0x0000000010006828                tu_fifo_count
 .text.tu_fifo_remaining
                0x0000000010006840       0x1c CMakeFiles/accel_ml.dir/Users/mjrovai/pico/pico-sdk/lib/tinyusb/src/common/tusb_fifo.c.obj
                0x0000000010006840                tu_fifo_remaining
 .text.tu_fifo_read
                0x000000001000685c       0xa8 CMakeFiles/accel_ml.dir/Users/mjrovai/pico/pico-sdk/lib/tinyusb/src/common/tusb_fifo.c.obj
                0x000000001000685c                tu_fifo_read
 .text.tu_fifo_read_n
                0x0000000010006904       0xf0 CMakeFiles/accel_ml.dir/Users/mjrovai/pico/pico-sdk/lib/tinyusb/src/common/tusb_fifo.c.obj
                0x0000000010006904                tu_fifo_read_n
 .text.tu_fifo_write
                0x00000000100069f4       0x84 CMakeFiles/accel_ml.dir/Users/mjrovai/pico/pico-sdk/lib/tinyusb/src/common/tusb_fifo.c.obj
                0x00000000100069f4                tu_fifo_write
 .text.tu_fifo_write_n
                0x0000000010006a78       0xfc CMakeFiles/accel_ml.dir/Users/mjrovai/pico/pico-sdk/lib/tinyusb/src/common/tusb_fifo.c.obj
                0x0000000010006a78                tu_fifo_write_n
 .text.tu_fifo_clear
                0x0000000010006b74       0x2c CMakeFiles/accel_ml.dir/Users/mjrovai/pico/pico-sdk/lib/tinyusb/src/common/tusb_fifo.c.obj
                0x0000000010006b74                tu_fifo_clear
 .text.adc_init
                0x0000000010006ba0       0x38 CMakeFiles/accel_ml.dir/Users/mjrovai/pico/pico-sdk/src/rp2_common/hardware_adc/adc.c.obj
                0x0000000010006ba0                adc_init
 .text.strlen   0x0000000010006bd8       0x5c /usr/local/Cellar/arm-none-eabi-gcc/9-2019-q4-major/gcc/bin/../lib/gcc/arm-none-eabi/9.2.1/../../../../arm-none-eabi/lib/thumb/v6-m/nofp/libc.a(lib_a-strlen-stub.o)
                0x0000000010006bd8                strlen
 *(.fini)
 .fini          0x0000000010006c34        0x4 /usr/local/Cellar/arm-none-eabi-gcc/9-2019-q4-major/gcc/bin/../lib/gcc/arm-none-eabi/9.2.1/thumb/v6-m/nofp/crti.o
                0x0000000010006c34                _fini
 .fini.__stub   0x0000000010006c38       0x60 linker stubs
 *crtbegin.o(.ctors)
 *crtbegin?.o(.ctors)
 *(EXCLUDE_FILE(*crtend.o *crtend?.o) .ctors)
 *(SORT_BY_NAME(.ctors.*))
 *(.ctors)
 *crtbegin.o(.dtors)
 *crtbegin?.o(.dtors)
 *(EXCLUDE_FILE(*crtend.o *crtend?.o) .dtors)
 *(SORT_BY_NAME(.dtors.*))
 *(.dtors)
 *(.eh_frame*)
 .eh_frame      0x0000000010006c98        0x0 /usr/local/Cellar/arm-none-eabi-gcc/9-2019-q4-major/gcc/bin/../lib/gcc/arm-none-eabi/9.2.1/thumb/v6-m/nofp/crtbegin.o
                0x0000000010006c98                . = ALIGN (0x4)

.glue_7         0x0000000010006c98        0x0
 .glue_7        0x0000000010006c98        0x0 linker stubs

.glue_7t        0x0000000010006c98        0x0
 .glue_7t       0x0000000010006c98        0x0 linker stubs

.vfp11_veneer   0x0000000010006c98        0x0
 .vfp11_veneer  0x0000000010006c98        0x0 linker stubs

.v4_bx          0x0000000010006c98        0x0
 .v4_bx         0x0000000010006c98        0x0 linker stubs

.iplt           0x0000000010006c98        0x0
 .iplt          0x0000000010006c98        0x0 /usr/local/Cellar/arm-none-eabi-gcc/9-2019-q4-major/gcc/bin/../lib/gcc/arm-none-eabi/9.2.1/thumb/v6-m/nofp/crtbegin.o

.rodata         0x0000000010006c98      0x5ac
 *(EXCLUDE_FILE(*libm.a: *libc.a:*lib_a-mem*.o *libgcc.a:) .rodata*)
 .rodata.main.str1.4
                0x0000000010006c98        0xd CMakeFiles/accel_ml.dir/accel_mma7361l.c.obj
 *fill*         0x0000000010006ca5        0x3 
 .rodata.spin_lock_claim_unused.str1.4
                0x0000000010006ca8       0x1b CMakeFiles/accel_ml.dir/Users/mjrovai/pico/pico-sdk/src/rp2_common/hardware_sync/sync.c.obj
 *fill*         0x0000000010006cc3        0x1 
 .rodata.hardware_alarm_claim.str1.4
                0x0000000010006cc4       0x22 CMakeFiles/accel_ml.dir/Users/mjrovai/pico/pico-sdk/src/rp2_common/hardware_timer/timer.c.obj
 *fill*         0x0000000010006ce6        0x2 
 .rodata.panic.str1.4
                0x0000000010006ce8       0x12 CMakeFiles/accel_ml.dir/Users/mjrovai/pico/pico-sdk/src/rp2_common/pico_runtime/runtime.c.obj
 *fill*         0x0000000010006cfa        0x2 
 .rodata.hard_assertion_failure.str1.4
                0x0000000010006cfc        0xc CMakeFiles/accel_ml.dir/Users/mjrovai/pico/pico-sdk/src/rp2_common/pico_runtime/runtime.c.obj
 .rodata._ftoa.str1.4
                0x0000000010006d08       0x15 CMakeFiles/accel_ml.dir/Users/mjrovai/pico/pico-sdk/src/rp2_common/pico_printf/printf.c.obj
 *fill*         0x0000000010006d1d        0x3 
 .rodata._vsnprintf
                0x0000000010006d20      0x1e0 CMakeFiles/accel_ml.dir/Users/mjrovai/pico/pico-sdk/src/rp2_common/pico_printf/printf.c.obj
 .rodata.pow10.5446
                0x0000000010006f00       0x50 CMakeFiles/accel_ml.dir/Users/mjrovai/pico/pico-sdk/src/rp2_common/pico_printf/printf.c.obj
 .rodata.str1.4
                0x0000000010006f50       0x40 CMakeFiles/accel_ml.dir/Users/mjrovai/pico/pico-sdk/src/rp2_common/pico_standard_link/binary_info.c.obj
 .rodata.__bi_40
                0x0000000010006f90        0xc CMakeFiles/accel_ml.dir/Users/mjrovai/pico/pico-sdk/src/rp2_common/pico_standard_link/binary_info.c.obj
 .rodata.__bi_71
                0x0000000010006f9c        0xc CMakeFiles/accel_ml.dir/Users/mjrovai/pico/pico-sdk/src/rp2_common/pico_standard_link/binary_info.c.obj
 .rodata.__bi_77
                0x0000000010006fa8        0xc CMakeFiles/accel_ml.dir/Users/mjrovai/pico/pico-sdk/src/rp2_common/pico_standard_link/binary_info.c.obj
 .rodata.crlf_str.6011
                0x0000000010006fb4        0x2 CMakeFiles/accel_ml.dir/Users/mjrovai/pico/pico-sdk/src/rp2_common/pico_stdio/stdio.c.obj
 *fill*         0x0000000010006fb6        0x2 
 .rodata.str1.4
                0x0000000010006fb8       0x2c CMakeFiles/accel_ml.dir/Users/mjrovai/pico/pico-sdk/src/rp2_common/pico_stdio_uart/stdio_uart.c.obj
 .rodata.__bi_28.4710
                0x0000000010006fe4        0xc CMakeFiles/accel_ml.dir/Users/mjrovai/pico/pico-sdk/src/rp2_common/pico_stdio_uart/stdio_uart.c.obj
 .rodata.__bi_29.4714
                0x0000000010006ff0        0x8 CMakeFiles/accel_ml.dir/Users/mjrovai/pico/pico-sdk/src/rp2_common/pico_stdio_uart/stdio_uart.c.obj
 .rodata._resetd_driver
                0x0000000010006ff8       0x1c CMakeFiles/accel_ml.dir/Users/mjrovai/pico/pico-sdk/src/rp2_common/pico_stdio_usb/reset_interface.c.obj
 .rodata.str1.4
                0x0000000010007014       0x13 CMakeFiles/accel_ml.dir/Users/mjrovai/pico/pico-sdk/src/rp2_common/pico_stdio_usb/stdio_usb.c.obj
 *fill*         0x0000000010007027        0x1 
 .rodata.__bi_92.7029
                0x0000000010007028        0xc CMakeFiles/accel_ml.dir/Users/mjrovai/pico/pico-sdk/src/rp2_common/pico_stdio_usb/stdio_usb.c.obj
 .rodata.str1.4
                0x0000000010007034       0x3a CMakeFiles/accel_ml.dir/Users/mjrovai/pico/pico-sdk/src/rp2_common/pico_stdio_usb/stdio_usb_descriptors.c.obj
 *fill*         0x000000001000706e        0x2 
 .rodata.usbd_desc_cfg
                0x0000000010007070       0x54 CMakeFiles/accel_ml.dir/Users/mjrovai/pico/pico-sdk/src/rp2_common/pico_stdio_usb/stdio_usb_descriptors.c.obj
 .rodata.usbd_desc_device
                0x00000000100070c4       0x12 CMakeFiles/accel_ml.dir/Users/mjrovai/pico/pico-sdk/src/rp2_common/pico_stdio_usb/stdio_usb_descriptors.c.obj
 *fill*         0x00000000100070d6        0x2 
 .rodata.usbd_desc_str
                0x00000000100070d8       0x18 CMakeFiles/accel_ml.dir/Users/mjrovai/pico/pico-sdk/src/rp2_common/pico_stdio_usb/stdio_usb_descriptors.c.obj
 .rodata.dcd_rp2040_irq.str1.4
                0x00000000100070f0       0x14 CMakeFiles/accel_ml.dir/Users/mjrovai/pico/pico-sdk/lib/tinyusb/src/portable/raspberrypi/rp2040/dcd_rp2040.c.obj
 .rodata.dcd_edpt_open.str1.4
                0x0000000010007104       0x28 CMakeFiles/accel_ml.dir/Users/mjrovai/pico/pico-sdk/lib/tinyusb/src/portable/raspberrypi/rp2040/dcd_rp2040.c.obj
 .rodata._hw_endpoint_buffer_control_update32.str1.4
                0x000000001000712c       0x1f CMakeFiles/accel_ml.dir/Users/mjrovai/pico/pico-sdk/lib/tinyusb/src/portable/raspberrypi/rp2040/rp2040_usb.c.obj
 *fill*         0x000000001000714b        0x1 
 .rodata._hw_endpoint_xfer_continue.str1.4
                0x000000001000714c       0x50 CMakeFiles/accel_ml.dir/Users/mjrovai/pico/pico-sdk/lib/tinyusb/src/portable/raspberrypi/rp2040/rp2040_usb.c.obj
 .rodata.str1.4
                0x000000001000719c       0x50 CMakeFiles/accel_ml.dir/Users/mjrovai/pico/pico-sdk/lib/tinyusb/src/portable/raspberrypi/rp2040/rp2040_usb.c.obj
                                          0x7 (size before relaxing)
 .rodata.tud_task
                0x000000001000719c       0x8c CMakeFiles/accel_ml.dir/Users/mjrovai/pico/pico-sdk/lib/tinyusb/src/device/usbd.c.obj
 .rodata._usbd_driver
                0x0000000010007228       0x1c CMakeFiles/accel_ml.dir/Users/mjrovai/pico/pico-sdk/lib/tinyusb/src/device/usbd.c.obj
                0x0000000010007244                . = ALIGN (0x4)
 *(SORT_BY_ALIGNMENT(SORT_BY_NAME(.flashdata*)))
                0x0000000010007244                . = ALIGN (0x4)

.rel.dyn        0x0000000010007244        0x0
 .rel.iplt      0x0000000010007244        0x0 /usr/local/Cellar/arm-none-eabi-gcc/9-2019-q4-major/gcc/bin/../lib/gcc/arm-none-eabi/9.2.1/thumb/v6-m/nofp/crtbegin.o

.ARM.extab
 *(.ARM.extab* .gnu.linkonce.armextab.*)
                0x0000000010007244                __exidx_start = .

.ARM.exidx
 *(.ARM.exidx* .gnu.linkonce.armexidx.*)
                0x0000000010007244                __exidx_end = .
                0x0000000010007244                . = ALIGN (0x4)
                0x0000000010007244                __binary_info_start = .

.binary_info    0x0000000010007244       0x28
 *(.binary_info.keep.*)
 .binary_info.keep.__bi_ptr18
                0x0000000010007244        0x4 CMakeFiles/accel_ml.dir/Users/mjrovai/pico/pico-sdk/src/rp2_common/pico_standard_link/binary_info.c.obj
 .binary_info.keep.__bi_ptr26
                0x0000000010007248        0x4 CMakeFiles/accel_ml.dir/Users/mjrovai/pico/pico-sdk/src/rp2_common/pico_standard_link/binary_info.c.obj
 .binary_info.keep.__bi_ptr34
                0x000000001000724c        0x4 CMakeFiles/accel_ml.dir/Users/mjrovai/pico/pico-sdk/src/rp2_common/pico_standard_link/binary_info.c.obj
 .binary_info.keep.__bi_ptr40
                0x0000000010007250        0x4 CMakeFiles/accel_ml.dir/Users/mjrovai/pico/pico-sdk/src/rp2_common/pico_standard_link/binary_info.c.obj
 .binary_info.keep.__bi_ptr46
                0x0000000010007254        0x4 CMakeFiles/accel_ml.dir/Users/mjrovai/pico/pico-sdk/src/rp2_common/pico_standard_link/binary_info.c.obj
 .binary_info.keep.__bi_ptr71
                0x0000000010007258        0x4 CMakeFiles/accel_ml.dir/Users/mjrovai/pico/pico-sdk/src/rp2_common/pico_standard_link/binary_info.c.obj
 .binary_info.keep.__bi_ptr77
                0x000000001000725c        0x4 CMakeFiles/accel_ml.dir/Users/mjrovai/pico/pico-sdk/src/rp2_common/pico_standard_link/binary_info.c.obj
 *(.binary_info.*)
 .binary_info.__bi_ptr28
                0x0000000010007260        0x4 CMakeFiles/accel_ml.dir/Users/mjrovai/pico/pico-sdk/src/rp2_common/pico_stdio_uart/stdio_uart.c.obj
 .binary_info.__bi_ptr29
                0x0000000010007264        0x4 CMakeFiles/accel_ml.dir/Users/mjrovai/pico/pico-sdk/src/rp2_common/pico_stdio_uart/stdio_uart.c.obj
 .binary_info.__bi_ptr92
                0x0000000010007268        0x4 CMakeFiles/accel_ml.dir/Users/mjrovai/pico/pico-sdk/src/rp2_common/pico_stdio_usb/stdio_usb.c.obj
                0x000000001000726c                __binary_info_end = .
                0x000000001000726c                . = ALIGN (0x4)
                0x000000001000726c                __etext = .

.ram_vector_table
                0x0000000020000000       0xc0
 *(.ram_vector_table)
 .ram_vector_table
                0x0000000020000000       0xc0 CMakeFiles/accel_ml.dir/Users/mjrovai/pico/pico-sdk/src/rp2_common/pico_runtime/runtime.c.obj
                0x0000000020000000                ram_vector_table

.data           0x00000000200000c0      0x28c load address 0x000000001000726c
                0x00000000200000c0                __data_start__ = .
 *(vtable)
 *(.time_critical*)
 .time_critical.mutex_enter_blocking
                0x00000000200000c0       0x4c CMakeFiles/accel_ml.dir/Users/mjrovai/pico/pico-sdk/src/common/pico_sync/mutex.c.obj
                0x00000000200000c0                mutex_enter_blocking
 .time_critical.mutex_try_enter
                0x000000002000010c       0x48 CMakeFiles/accel_ml.dir/Users/mjrovai/pico/pico-sdk/src/common/pico_sync/mutex.c.obj
                0x000000002000010c                mutex_try_enter
 .time_critical.mutex_enter_timeout_ms
                0x0000000020000154       0x98 CMakeFiles/accel_ml.dir/Users/mjrovai/pico/pico-sdk/src/common/pico_sync/mutex.c.obj
                0x0000000020000154                mutex_enter_timeout_ms
 .time_critical.mutex_exit
                0x00000000200001ec       0x28 CMakeFiles/accel_ml.dir/Users/mjrovai/pico/pico-sdk/src/common/pico_sync/mutex.c.obj
                0x00000000200001ec                mutex_exit
 *(.text*)
 .text          0x0000000020000214        0x4 /usr/local/Cellar/arm-none-eabi-gcc/9-2019-q4-major/gcc/bin/../lib/gcc/arm-none-eabi/9.2.1/thumb/v6-m/nofp/libgcc.a(_dvmd_tls.o)
                0x0000000020000214                __aeabi_ldiv0
                0x0000000020000214                __aeabi_idiv0
 .text.__stub   0x0000000020000218       0x30 linker stubs
                0x0000000020000248                . = ALIGN (0x4)
 *(.rodata*)
                0x0000000020000248                . = ALIGN (0x4)
 *(.data*)
 .data.striped_spin_lock_num
                0x0000000020000248        0x1 CMakeFiles/accel_ml.dir/Users/mjrovai/pico/pico-sdk/src/rp2_common/hardware_sync/sync.c.obj
 *fill*         0x0000000020000249        0x3 
 .data.default_alarm_pool
                0x000000002000024c       0x18 CMakeFiles/accel_ml.dir/Users/mjrovai/pico/pico-sdk/src/common/pico_time/time.c.obj
 .data.default_alarm_pool_heap
                0x0000000020000264       0x10 CMakeFiles/accel_ml.dir/Users/mjrovai/pico/pico-sdk/src/common/pico_time/time.c.obj
 .data          0x0000000020000274       0x48 CMakeFiles/accel_ml.dir/Users/mjrovai/pico/pico-sdk/src/rp2_common/hardware_irq/irq_handler_chain.S.obj
                0x0000000020000274                irq_handler_chain_slots
                0x00000000200002a4                irq_handler_chain_first_slot
                0x00000000200002ae                irq_handler_chain_remove_tail
 *fill*         0x00000000200002bc        0x4 
 .data.aeabi_bits_funcs
                0x00000000200002c0       0x10 CMakeFiles/accel_ml.dir/Users/mjrovai/pico/pico-sdk/src/rp2_common/pico_bit_ops/bit_ops_aeabi.S.obj
                0x00000000200002c0                aeabi_bits_funcs
                0x00000000200002d0                aeabi_bits_funcs_end
 .data.aeabi_mem_funcs
                0x00000000200002d0       0x10 CMakeFiles/accel_ml.dir/Users/mjrovai/pico/pico-sdk/src/rp2_common/pico_mem_ops/mem_ops_aeabi.S.obj
                0x00000000200002d0                aeabi_mem_funcs
                0x00000000200002e0                aeabi_mem_funcs_end
 .data.stdio_uart
                0x00000000200002e0       0x14 CMakeFiles/accel_ml.dir/Users/mjrovai/pico/pico-sdk/src/rp2_common/pico_stdio_uart/stdio_uart.c.obj
                0x00000000200002e0                stdio_uart
 .data.stdio_usb
                0x00000000200002f4       0x14 CMakeFiles/accel_ml.dir/Users/mjrovai/pico/pico-sdk/src/rp2_common/pico_stdio_usb/stdio_usb.c.obj
                0x00000000200002f4                stdio_usb
 .data.ep_dir_string
                0x0000000020000308        0x8 CMakeFiles/accel_ml.dir/Users/mjrovai/pico/pico-sdk/lib/tinyusb/src/portable/raspberrypi/rp2040/rp2040_usb.c.obj
                0x0000000020000308                ep_dir_string
 .data._usbd_qdef
                0x0000000020000310       0x20 CMakeFiles/accel_ml.dir/Users/mjrovai/pico/pico-sdk/lib/tinyusb/src/device/usbd.c.obj
                0x0000000020000310                _usbd_qdef
                0x0000000020000330                . = ALIGN (0x4)
 *(.after_data.*)
                0x0000000020000330                . = ALIGN (0x4)
                0x0000000020000330                PROVIDE (__mutex_array_start = .)
 *(SORT_BY_NAME(.mutex_array.*))
 *(.mutex_array)
 .mutex_array   0x0000000020000330        0x8 CMakeFiles/accel_ml.dir/Users/mjrovai/pico/pico-sdk/src/rp2_common/pico_stdio/stdio.c.obj
                0x0000000020000338                PROVIDE (__mutex_array_end = .)
                0x0000000020000338                . = ALIGN (0x4)
                0x0000000020000338                PROVIDE (__preinit_array_start = .)
 *(SORT_BY_NAME(.preinit_array.*))
 .preinit_array.00001
                0x0000000020000338        0x4 CMakeFiles/accel_ml.dir/Users/mjrovai/pico/pico-sdk/src/rp2_common/pico_mem_ops/mem_ops_aeabi.S.obj
 .preinit_array.00010
                0x000000002000033c        0x4 CMakeFiles/accel_ml.dir/Users/mjrovai/pico/pico-sdk/src/rp2_common/pico_bit_ops/bit_ops_aeabi.S.obj
 .preinit_array.00020
                0x0000000020000340        0x4 CMakeFiles/accel_ml.dir/Users/mjrovai/pico/pico-sdk/src/rp2_common/pico_double/double_aeabi.S.obj
 .preinit_array.00020
                0x0000000020000344        0x4 CMakeFiles/accel_ml.dir/Users/mjrovai/pico/pico-sdk/src/rp2_common/pico_float/float_aeabi.S.obj
 *(.preinit_array)
                0x0000000020000348                PROVIDE (__preinit_array_end = .)
                0x0000000020000348                . = ALIGN (0x4)
                0x0000000020000348                PROVIDE (__init_array_start = .)
 *(SORT_BY_NAME(.init_array.*))
 *(.init_array)
 .init_array    0x0000000020000348        0x4 /usr/local/Cellar/arm-none-eabi-gcc/9-2019-q4-major/gcc/bin/../lib/gcc/arm-none-eabi/9.2.1/thumb/v6-m/nofp/crtbegin.o
                0x000000002000034c                PROVIDE (__init_array_end = .)
                0x000000002000034c                . = ALIGN (0x4)
                [!provide]                        PROVIDE (__fini_array_start = .)
 *(SORT_BY_NAME(.fini_array.*))
 *(.fini_array)
                [!provide]                        PROVIDE (__fini_array_end = .)
 *(.jcr)
                0x000000002000034c                . = ALIGN (0x4)
                0x000000002000034c                __data_end__ = .

.igot.plt       0x000000002000034c        0x0 load address 0x00000000100074f8
 .igot.plt      0x000000002000034c        0x0 /usr/local/Cellar/arm-none-eabi-gcc/9-2019-q4-major/gcc/bin/../lib/gcc/arm-none-eabi/9.2.1/thumb/v6-m/nofp/crtbegin.o

.uninitialized_data
                0x000000002000034c        0x0 load address 0x00000000100074f8
                0x000000002000034c                . = ALIGN (0x4)
 *(.uninitialized_data*)

.scratch_x      0x0000000020040000        0x0 load address 0x00000000100074f8
                0x0000000020040000                __scratch_x_start__ = .
 *(.scratch_x.*)
                0x0000000020040000                . = ALIGN (0x4)
                0x0000000020040000                __scratch_x_end__ = .
                0x00000000100074f8                __scratch_x_source__ = LOADADDR (.scratch_x)

.scratch_y      0x0000000020041000        0x0 load address 0x00000000100074f8
                0x0000000020041000                __scratch_y_start__ = .
 *(.scratch_y.*)
                0x0000000020041000                . = ALIGN (0x4)
                0x0000000020041000                __scratch_y_end__ = .
                0x00000000100074f8                __scratch_y_source__ = LOADADDR (.scratch_y)

.bss            0x0000000020000350      0xec8
                0x0000000020000350                . = ALIGN (0x4)
                0x0000000020000350                __bss_start__ = .
 *(SORT_BY_ALIGNMENT(SORT_BY_NAME(.bss*)))
 .bss.default_alarm_pool_entries
                0x0000000020000350      0x100 CMakeFiles/accel_ml.dir/Users/mjrovai/pico/pico-sdk/src/common/pico_time/time.c.obj
 .bss.last_avail_time.7008
                0x0000000020000450        0x8 CMakeFiles/accel_ml.dir/Users/mjrovai/pico/pico-sdk/src/rp2_common/pico_stdio_usb/stdio_usb.c.obj
 .bss           0x0000000020000458       0x1c /usr/local/Cellar/arm-none-eabi-gcc/9-2019-q4-major/gcc/bin/../lib/gcc/arm-none-eabi/9.2.1/thumb/v6-m/nofp/crtbegin.o
 .bss._app_driver
                0x0000000020000474        0x4 CMakeFiles/accel_ml.dir/Users/mjrovai/pico/pico-sdk/lib/tinyusb/src/device/usbd.c.obj
 .bss._cdcd_itf
                0x0000000020000478      0x2d0 CMakeFiles/accel_ml.dir/Users/mjrovai/pico/pico-sdk/lib/tinyusb/src/class/cdc/cdc_device.c.obj
 .bss._ctrl_xfer
                0x0000000020000748       0x14 CMakeFiles/accel_ml.dir/Users/mjrovai/pico/pico-sdk/lib/tinyusb/src/device/usbd_control.c.obj
 .bss._ubsd_mutexdef
                0x000000002000075c        0x8 CMakeFiles/accel_ml.dir/Users/mjrovai/pico/pico-sdk/lib/tinyusb/src/device/usbd.c.obj
 .bss._usbd_ctrl_buf
                0x0000000020000764       0x40 CMakeFiles/accel_ml.dir/Users/mjrovai/pico/pico-sdk/lib/tinyusb/src/device/usbd_control.c.obj
 .bss._usbd_dev
                0x00000000200007a4       0x37 CMakeFiles/accel_ml.dir/Users/mjrovai/pico/pico-sdk/lib/tinyusb/src/device/usbd.c.obj
 *fill*         0x00000000200007db        0x1 
 .bss._usbd_mutex
                0x00000000200007dc        0x4 CMakeFiles/accel_ml.dir/Users/mjrovai/pico/pico-sdk/lib/tinyusb/src/device/usbd.c.obj
 .bss._usbd_q   0x00000000200007e0        0x4 CMakeFiles/accel_ml.dir/Users/mjrovai/pico/pico-sdk/lib/tinyusb/src/device/usbd.c.obj
 .bss.alarm_callbacks
                0x00000000200007e4       0x10 CMakeFiles/accel_ml.dir/Users/mjrovai/pico/pico-sdk/src/rp2_common/hardware_timer/timer.c.obj
 .bss.claimed   0x00000000200007f4        0x4 CMakeFiles/accel_ml.dir/Users/mjrovai/pico/pico-sdk/src/rp2_common/hardware_sync/sync.c.obj
 .bss.configured_freq
                0x00000000200007f8       0x28 CMakeFiles/accel_ml.dir/Users/mjrovai/pico/pico-sdk/src/rp2_common/hardware_clocks/clocks.c.obj
 .bss.default_alarm_pool_entry_ids_high
                0x0000000020000820       0x10 CMakeFiles/accel_ml.dir/Users/mjrovai/pico/pico-sdk/src/common/pico_time/time.c.obj
 .bss.default_alarm_pool_heap_nodes
                0x0000000020000830       0x30 CMakeFiles/accel_ml.dir/Users/mjrovai/pico/pico-sdk/src/common/pico_time/time.c.obj
 .bss.desc_str.6904
                0x0000000020000860       0x28 CMakeFiles/accel_ml.dir/Users/mjrovai/pico/pico-sdk/src/rp2_common/pico_stdio_usb/stdio_usb_descriptors.c.obj
 .bss.drivers   0x0000000020000888        0x4 CMakeFiles/accel_ml.dir/Users/mjrovai/pico/pico-sdk/src/rp2_common/pico_stdio/stdio.c.obj
 .bss.filter    0x000000002000088c        0x4 CMakeFiles/accel_ml.dir/Users/mjrovai/pico/pico-sdk/src/rp2_common/pico_stdio/stdio.c.obj
 .bss.hw_endpoints
                0x0000000020000890      0x680 CMakeFiles/accel_ml.dir/Users/mjrovai/pico/pico-sdk/lib/tinyusb/src/portable/raspberrypi/rp2040/dcd_rp2040.c.obj
 .bss.lazy_vsnprintf
                0x0000000020000f10        0x4 CMakeFiles/accel_ml.dir/Users/mjrovai/pico/pico-sdk/src/rp2_common/pico_printf/printf.c.obj
 .bss.load_value
                0x0000000020000f14        0x4 CMakeFiles/accel_ml.dir/Users/mjrovai/pico/pico-sdk/src/rp2_common/hardware_watchdog/watchdog.c.obj
 .bss.next_buffer_ptr
                0x0000000020000f18        0x4 CMakeFiles/accel_ml.dir/Users/mjrovai/pico/pico-sdk/lib/tinyusb/src/portable/raspberrypi/rp2040/dcd_rp2040.c.obj
 .bss.pools     0x0000000020000f1c       0x10 CMakeFiles/accel_ml.dir/Users/mjrovai/pico/pico-sdk/src/common/pico_time/time.c.obj
 .bss.stdio_usb_mutex
                0x0000000020000f2c        0x8 CMakeFiles/accel_ml.dir/Users/mjrovai/pico/pico-sdk/src/rp2_common/pico_stdio_usb/stdio_usb.c.obj
 .bss.target_hi
                0x0000000020000f34       0x10 CMakeFiles/accel_ml.dir/Users/mjrovai/pico/pico-sdk/src/rp2_common/hardware_timer/timer.c.obj
 .bss.uart_instance
                0x0000000020000f44        0x4 CMakeFiles/accel_ml.dir/Users/mjrovai/pico/pico-sdk/src/rp2_common/pico_stdio_uart/stdio_uart.c.obj
 .bss._app_driver_count
                0x0000000020000f48        0x1 CMakeFiles/accel_ml.dir/Users/mjrovai/pico/pico-sdk/lib/tinyusb/src/device/usbd.c.obj
 .bss._initialized
                0x0000000020000f49        0x1 CMakeFiles/accel_ml.dir/Users/mjrovai/pico/pico-sdk/lib/tinyusb/src/tusb.c.obj
 .bss.assigned_address
                0x0000000020000f4a        0x1 CMakeFiles/accel_ml.dir/Users/mjrovai/pico/pico-sdk/lib/tinyusb/src/portable/raspberrypi/rp2040/dcd_rp2040.c.obj
 .bss.claimed   0x0000000020000f4b        0x1 CMakeFiles/accel_ml.dir/Users/mjrovai/pico/pico-sdk/src/rp2_common/hardware_timer/timer.c.obj
 .bss.irq_hander_chain_free_slot_head
                0x0000000020000f4c        0x1 CMakeFiles/accel_ml.dir/Users/mjrovai/pico/pico-sdk/src/rp2_common/hardware_irq/irq.c.obj
 .bss.itf_num   0x0000000020000f4d        0x1 CMakeFiles/accel_ml.dir/Users/mjrovai/pico/pico-sdk/src/rp2_common/pico_stdio_usb/reset_interface.c.obj
 .bss.timer_callbacks_pending
                0x0000000020000f4e        0x1 CMakeFiles/accel_ml.dir/Users/mjrovai/pico/pico-sdk/src/rp2_common/hardware_timer/timer.c.obj
 *(COMMON)
 *fill*         0x0000000020000f4f        0x1 
 COMMON         0x0000000020000f50        0x4 CMakeFiles/accel_ml.dir/Users/mjrovai/pico/pico-sdk/src/rp2_common/hardware_uart/uart.c.obj
                0x0000000020000f50                uart_char_to_line_feed
 COMMON         0x0000000020000f54      0x100 CMakeFiles/accel_ml.dir/Users/mjrovai/pico/pico-sdk/src/rp2_common/pico_double/double_init_rom.c.obj
                0x0000000020000f54                sd_table
 COMMON         0x0000000020001054      0x104 CMakeFiles/accel_ml.dir/Users/mjrovai/pico/pico-sdk/src/rp2_common/pico_float/float_init_rom.c.obj
                0x0000000020001054                sf_table
                0x0000000020001154                sf_clz_func
 COMMON         0x0000000020001158       0xc0 CMakeFiles/accel_ml.dir/Users/mjrovai/pico/pico-sdk/lib/tinyusb/src/device/usbd.c.obj
                0x0000000020001158                _usbd_qdef_buf
                0x0000000020001218                . = ALIGN (0x4)
                0x0000000020001218                __bss_end__ = .

.heap           0x0000000020001218      0x800
                0x0000000020001218                __end__ = .
                0x0000000020001218                end = __end__
 *(.heap*)
 .heap          0x0000000020001218      0x800 CMakeFiles/accel_ml.dir/Users/mjrovai/pico/pico-sdk/src/rp2_common/pico_standard_link/crt0.S.obj
                0x0000000020001a18                __HeapLimit = .

.stack1_dummy   0x0000000020040000        0x0
 *(.stack1*)

.stack_dummy    0x0000000020041000      0x800
 *(.stack*)
 .stack         0x0000000020041000      0x800 CMakeFiles/accel_ml.dir/Users/mjrovai/pico/pico-sdk/src/rp2_common/pico_standard_link/crt0.S.obj

.flash_end      0x00000000100074f8        0x0
                0x00000000100074f8                __flash_binary_end = .
                0x0000000020040000                __StackLimit = (ORIGIN (RAM) + LENGTH (RAM))
                0x0000000020041000                __StackOneTop = (ORIGIN (SCRATCH_X) + LENGTH (SCRATCH_X))
                0x0000000020042000                __StackTop = (ORIGIN (SCRATCH_Y) + LENGTH (SCRATCH_Y))
                0x0000000020041000                __StackOneBottom = (__StackOneTop - SIZEOF (.stack1_dummy))
                0x0000000020041800                __StackBottom = (__StackTop - SIZEOF (.stack_dummy))
                0x0000000020042000                PROVIDE (__stack = __StackTop)
                0x0000000000000001                ASSERT ((__StackLimit >= __HeapLimit), region RAM overflowed)
                0x0000000000000001                ASSERT (((__binary_info_header_end - __logical_binary_start) <= 0x100), Binary info must be in first 256 bytes of the binary)
LOAD CMakeFiles/accel_ml.dir/accel_mma7361l.c.obj
LOAD CMakeFiles/accel_ml.dir/Users/mjrovai/pico/pico-sdk/src/rp2_common/pico_stdlib/stdlib.c.obj
LOAD CMakeFiles/accel_ml.dir/Users/mjrovai/pico/pico-sdk/src/rp2_common/hardware_gpio/gpio.c.obj
LOAD CMakeFiles/accel_ml.dir/Users/mjrovai/pico/pico-sdk/src/rp2_common/hardware_claim/claim.c.obj
LOAD CMakeFiles/accel_ml.dir/Users/mjrovai/pico/pico-sdk/src/rp2_common/hardware_sync/sync.c.obj
LOAD CMakeFiles/accel_ml.dir/Users/mjrovai/pico/pico-sdk/src/rp2_common/pico_platform/platform.c.obj
LOAD CMakeFiles/accel_ml.dir/Users/mjrovai/pico/pico-sdk/src/rp2_common/hardware_uart/uart.c.obj
LOAD CMakeFiles/accel_ml.dir/Users/mjrovai/pico/pico-sdk/src/rp2_common/hardware_divider/divider.S.obj
LOAD CMakeFiles/accel_ml.dir/Users/mjrovai/pico/pico-sdk/src/common/pico_time/time.c.obj
LOAD CMakeFiles/accel_ml.dir/Users/mjrovai/pico/pico-sdk/src/common/pico_time/timeout_helper.c.obj
LOAD CMakeFiles/accel_ml.dir/Users/mjrovai/pico/pico-sdk/src/rp2_common/hardware_timer/timer.c.obj
LOAD CMakeFiles/accel_ml.dir/Users/mjrovai/pico/pico-sdk/src/common/pico_sync/sem.c.obj
LOAD CMakeFiles/accel_ml.dir/Users/mjrovai/pico/pico-sdk/src/common/pico_sync/lock_core.c.obj
LOAD CMakeFiles/accel_ml.dir/Users/mjrovai/pico/pico-sdk/src/common/pico_sync/mutex.c.obj
LOAD CMakeFiles/accel_ml.dir/Users/mjrovai/pico/pico-sdk/src/common/pico_sync/critical_section.c.obj
LOAD CMakeFiles/accel_ml.dir/Users/mjrovai/pico/pico-sdk/src/common/pico_util/datetime.c.obj
LOAD CMakeFiles/accel_ml.dir/Users/mjrovai/pico/pico-sdk/src/common/pico_util/pheap.c.obj
LOAD CMakeFiles/accel_ml.dir/Users/mjrovai/pico/pico-sdk/src/common/pico_util/queue.c.obj
LOAD CMakeFiles/accel_ml.dir/Users/mjrovai/pico/pico-sdk/src/rp2_common/pico_runtime/runtime.c.obj
LOAD CMakeFiles/accel_ml.dir/Users/mjrovai/pico/pico-sdk/src/rp2_common/hardware_clocks/clocks.c.obj
LOAD CMakeFiles/accel_ml.dir/Users/mjrovai/pico/pico-sdk/src/rp2_common/hardware_watchdog/watchdog.c.obj
LOAD CMakeFiles/accel_ml.dir/Users/mjrovai/pico/pico-sdk/src/rp2_common/hardware_xosc/xosc.c.obj
LOAD CMakeFiles/accel_ml.dir/Users/mjrovai/pico/pico-sdk/src/rp2_common/hardware_pll/pll.c.obj
LOAD CMakeFiles/accel_ml.dir/Users/mjrovai/pico/pico-sdk/src/rp2_common/hardware_vreg/vreg.c.obj
LOAD CMakeFiles/accel_ml.dir/Users/mjrovai/pico/pico-sdk/src/rp2_common/hardware_irq/irq.c.obj
LOAD CMakeFiles/accel_ml.dir/Users/mjrovai/pico/pico-sdk/src/rp2_common/hardware_irq/irq_handler_chain.S.obj
LOAD CMakeFiles/accel_ml.dir/Users/mjrovai/pico/pico-sdk/src/rp2_common/pico_printf/printf.c.obj
LOAD CMakeFiles/accel_ml.dir/Users/mjrovai/pico/pico-sdk/src/rp2_common/pico_bit_ops/bit_ops_aeabi.S.obj
LOAD CMakeFiles/accel_ml.dir/Users/mjrovai/pico/pico-sdk/src/rp2_common/pico_bootrom/bootrom.c.obj
LOAD CMakeFiles/accel_ml.dir/Users/mjrovai/pico/pico-sdk/src/rp2_common/pico_divider/divider.S.obj
LOAD CMakeFiles/accel_ml.dir/Users/mjrovai/pico/pico-sdk/src/rp2_common/pico_double/double_aeabi.S.obj
LOAD CMakeFiles/accel_ml.dir/Users/mjrovai/pico/pico-sdk/src/rp2_common/pico_double/double_init_rom.c.obj
LOAD CMakeFiles/accel_ml.dir/Users/mjrovai/pico/pico-sdk/src/rp2_common/pico_double/double_math.c.obj
LOAD CMakeFiles/accel_ml.dir/Users/mjrovai/pico/pico-sdk/src/rp2_common/pico_double/double_v1_rom_shim.S.obj
LOAD CMakeFiles/accel_ml.dir/Users/mjrovai/pico/pico-sdk/src/rp2_common/pico_int64_ops/pico_int64_ops_aeabi.S.obj
LOAD CMakeFiles/accel_ml.dir/Users/mjrovai/pico/pico-sdk/src/rp2_common/pico_float/float_aeabi.S.obj
LOAD CMakeFiles/accel_ml.dir/Users/mjrovai/pico/pico-sdk/src/rp2_common/pico_float/float_init_rom.c.obj
LOAD CMakeFiles/accel_ml.dir/Users/mjrovai/pico/pico-sdk/src/rp2_common/pico_float/float_math.c.obj
LOAD CMakeFiles/accel_ml.dir/Users/mjrovai/pico/pico-sdk/src/rp2_common/pico_float/float_v1_rom_shim.S.obj
LOAD CMakeFiles/accel_ml.dir/Users/mjrovai/pico/pico-sdk/src/rp2_common/pico_malloc/pico_malloc.c.obj
LOAD CMakeFiles/accel_ml.dir/Users/mjrovai/pico/pico-sdk/src/rp2_common/pico_mem_ops/mem_ops_aeabi.S.obj
LOAD CMakeFiles/accel_ml.dir/Users/mjrovai/pico/pico-sdk/src/rp2_common/pico_standard_link/crt0.S.obj
LOAD CMakeFiles/accel_ml.dir/Users/mjrovai/pico/pico-sdk/src/rp2_common/pico_standard_link/new_delete.cpp.obj
LOAD CMakeFiles/accel_ml.dir/Users/mjrovai/pico/pico-sdk/src/rp2_common/pico_standard_link/binary_info.c.obj
LOAD CMakeFiles/accel_ml.dir/Users/mjrovai/pico/pico-sdk/src/rp2_common/pico_stdio/stdio.c.obj
LOAD CMakeFiles/accel_ml.dir/Users/mjrovai/pico/pico-sdk/src/rp2_common/pico_stdio_uart/stdio_uart.c.obj
LOAD CMakeFiles/accel_ml.dir/Users/mjrovai/pico/pico-sdk/src/rp2_common/pico_stdio_usb/reset_interface.c.obj
LOAD CMakeFiles/accel_ml.dir/Users/mjrovai/pico/pico-sdk/src/rp2_common/pico_stdio_usb/stdio_usb.c.obj
LOAD CMakeFiles/accel_ml.dir/Users/mjrovai/pico/pico-sdk/src/rp2_common/pico_stdio_usb/stdio_usb_descriptors.c.obj
LOAD CMakeFiles/accel_ml.dir/Users/mjrovai/pico/pico-sdk/lib/tinyusb/src/portable/raspberrypi/rp2040/dcd_rp2040.c.obj
LOAD CMakeFiles/accel_ml.dir/Users/mjrovai/pico/pico-sdk/lib/tinyusb/src/portable/raspberrypi/rp2040/rp2040_usb.c.obj
LOAD CMakeFiles/accel_ml.dir/Users/mjrovai/pico/pico-sdk/lib/tinyusb/src/device/usbd.c.obj
LOAD CMakeFiles/accel_ml.dir/Users/mjrovai/pico/pico-sdk/lib/tinyusb/src/device/usbd_control.c.obj
LOAD CMakeFiles/accel_ml.dir/Users/mjrovai/pico/pico-sdk/lib/tinyusb/src/class/audio/audio_device.c.obj
LOAD CMakeFiles/accel_ml.dir/Users/mjrovai/pico/pico-sdk/lib/tinyusb/src/class/cdc/cdc_device.c.obj
LOAD CMakeFiles/accel_ml.dir/Users/mjrovai/pico/pico-sdk/lib/tinyusb/src/class/dfu/dfu_rt_device.c.obj
LOAD CMakeFiles/accel_ml.dir/Users/mjrovai/pico/pico-sdk/lib/tinyusb/src/class/hid/hid_device.c.obj
LOAD CMakeFiles/accel_ml.dir/Users/mjrovai/pico/pico-sdk/lib/tinyusb/src/class/midi/midi_device.c.obj
LOAD CMakeFiles/accel_ml.dir/Users/mjrovai/pico/pico-sdk/lib/tinyusb/src/class/msc/msc_device.c.obj
LOAD CMakeFiles/accel_ml.dir/Users/mjrovai/pico/pico-sdk/lib/tinyusb/src/class/net/net_device.c.obj
LOAD CMakeFiles/accel_ml.dir/Users/mjrovai/pico/pico-sdk/lib/tinyusb/src/class/usbtmc/usbtmc_device.c.obj
LOAD CMakeFiles/accel_ml.dir/Users/mjrovai/pico/pico-sdk/lib/tinyusb/src/class/vendor/vendor_device.c.obj
LOAD CMakeFiles/accel_ml.dir/Users/mjrovai/pico/pico-sdk/lib/tinyusb/src/tusb.c.obj
LOAD CMakeFiles/accel_ml.dir/Users/mjrovai/pico/pico-sdk/lib/tinyusb/src/common/tusb_fifo.c.obj
LOAD CMakeFiles/accel_ml.dir/Users/mjrovai/pico/pico-sdk/src/rp2_common/pico_fix/rp2040_usb_device_enumeration/rp2040_usb_device_enumeration.c.obj
LOAD CMakeFiles/accel_ml.dir/Users/mjrovai/pico/pico-sdk/src/rp2_common/hardware_adc/adc.c.obj
LOAD /var/folders/ss/f643n9x53s754jfn9_g46s800000gn/T//ccc3JICh.o
LOAD /usr/local/Cellar/arm-none-eabi-gcc/9-2019-q4-major/gcc/bin/../lib/gcc/arm-none-eabi/9.2.1/../../../../arm-none-eabi/lib/thumb/v6-m/nofp/libstdc++.a
LOAD /usr/local/Cellar/arm-none-eabi-gcc/9-2019-q4-major/gcc/bin/../lib/gcc/arm-none-eabi/9.2.1/../../../../arm-none-eabi/lib/thumb/v6-m/nofp/libm.a
START GROUP
LOAD /usr/local/Cellar/arm-none-eabi-gcc/9-2019-q4-major/gcc/bin/../lib/gcc/arm-none-eabi/9.2.1/thumb/v6-m/nofp/libgcc.a
LOAD /usr/local/Cellar/arm-none-eabi-gcc/9-2019-q4-major/gcc/bin/../lib/gcc/arm-none-eabi/9.2.1/../../../../arm-none-eabi/lib/thumb/v6-m/nofp/libc.a
END GROUP
START GROUP
LOAD /usr/local/Cellar/arm-none-eabi-gcc/9-2019-q4-major/gcc/bin/../lib/gcc/arm-none-eabi/9.2.1/thumb/v6-m/nofp/libgcc.a
LOAD /usr/local/Cellar/arm-none-eabi-gcc/9-2019-q4-major/gcc/bin/../lib/gcc/arm-none-eabi/9.2.1/../../../../arm-none-eabi/lib/thumb/v6-m/nofp/libc.a
LOAD /usr/local/Cellar/arm-none-eabi-gcc/9-2019-q4-major/gcc/bin/../lib/gcc/arm-none-eabi/9.2.1/../../../../arm-none-eabi/lib/thumb/v6-m/nofp/libnosys.a
END GROUP
LOAD /usr/local/Cellar/arm-none-eabi-gcc/9-2019-q4-major/gcc/bin/../lib/gcc/arm-none-eabi/9.2.1/thumb/v6-m/nofp/crtend.o
LOAD /usr/local/Cellar/arm-none-eabi-gcc/9-2019-q4-major/gcc/bin/../lib/gcc/arm-none-eabi/9.2.1/thumb/v6-m/nofp/crtn.o
OUTPUT(accel_ml.elf elf32-littlearm)

.ARM.attributes
                0x0000000000000000       0x28
 .ARM.attributes
                0x0000000000000000       0x1e /usr/local/Cellar/arm-none-eabi-gcc/9-2019-q4-major/gcc/bin/../lib/gcc/arm-none-eabi/9.2.1/thumb/v6-m/nofp/crti.o
 .ARM.attributes
                0x000000000000001e       0x2c /usr/local/Cellar/arm-none-eabi-gcc/9-2019-q4-major/gcc/bin/../lib/gcc/arm-none-eabi/9.2.1/thumb/v6-m/nofp/crtbegin.o
 .ARM.attributes
                0x000000000000004a       0x2b CMakeFiles/accel_ml.dir/accel_mma7361l.c.obj
 .ARM.attributes
                0x0000000000000075       0x2b CMakeFiles/accel_ml.dir/Users/mjrovai/pico/pico-sdk/src/rp2_common/hardware_gpio/gpio.c.obj
 .ARM.attributes
                0x00000000000000a0       0x2b CMakeFiles/accel_ml.dir/Users/mjrovai/pico/pico-sdk/src/rp2_common/hardware_claim/claim.c.obj
 .ARM.attributes
                0x00000000000000cb       0x2b CMakeFiles/accel_ml.dir/Users/mjrovai/pico/pico-sdk/src/rp2_common/hardware_sync/sync.c.obj
 .ARM.attributes
                0x00000000000000f6       0x2b CMakeFiles/accel_ml.dir/Users/mjrovai/pico/pico-sdk/src/rp2_common/pico_platform/platform.c.obj
 .ARM.attributes
                0x0000000000000121       0x2b CMakeFiles/accel_ml.dir/Users/mjrovai/pico/pico-sdk/src/rp2_common/hardware_uart/uart.c.obj
 .ARM.attributes
                0x000000000000014c       0x2b CMakeFiles/accel_ml.dir/Users/mjrovai/pico/pico-sdk/src/common/pico_time/time.c.obj
 .ARM.attributes
                0x0000000000000177       0x2b CMakeFiles/accel_ml.dir/Users/mjrovai/pico/pico-sdk/src/rp2_common/hardware_timer/timer.c.obj
 .ARM.attributes
                0x00000000000001a2       0x2b CMakeFiles/accel_ml.dir/Users/mjrovai/pico/pico-sdk/src/common/pico_sync/lock_core.c.obj
 .ARM.attributes
                0x00000000000001cd       0x2b CMakeFiles/accel_ml.dir/Users/mjrovai/pico/pico-sdk/src/common/pico_sync/mutex.c.obj
 .ARM.attributes
                0x00000000000001f8       0x2b CMakeFiles/accel_ml.dir/Users/mjrovai/pico/pico-sdk/src/common/pico_sync/critical_section.c.obj
 .ARM.attributes
                0x0000000000000223       0x2b CMakeFiles/accel_ml.dir/Users/mjrovai/pico/pico-sdk/src/common/pico_util/pheap.c.obj
 .ARM.attributes
                0x000000000000024e       0x2b CMakeFiles/accel_ml.dir/Users/mjrovai/pico/pico-sdk/src/rp2_common/pico_runtime/runtime.c.obj
 .ARM.attributes
                0x0000000000000279       0x2b CMakeFiles/accel_ml.dir/Users/mjrovai/pico/pico-sdk/src/rp2_common/hardware_clocks/clocks.c.obj
 .ARM.attributes
                0x00000000000002a4       0x2b CMakeFiles/accel_ml.dir/Users/mjrovai/pico/pico-sdk/src/rp2_common/hardware_watchdog/watchdog.c.obj
 .ARM.attributes
                0x00000000000002cf       0x2b CMakeFiles/accel_ml.dir/Users/mjrovai/pico/pico-sdk/src/rp2_common/hardware_xosc/xosc.c.obj
 .ARM.attributes
                0x00000000000002fa       0x2b CMakeFiles/accel_ml.dir/Users/mjrovai/pico/pico-sdk/src/rp2_common/hardware_pll/pll.c.obj
 .ARM.attributes
                0x0000000000000325       0x2b CMakeFiles/accel_ml.dir/Users/mjrovai/pico/pico-sdk/src/rp2_common/hardware_irq/irq.c.obj
 .ARM.attributes
                0x0000000000000350       0x22 CMakeFiles/accel_ml.dir/Users/mjrovai/pico/pico-sdk/src/rp2_common/hardware_irq/irq_handler_chain.S.obj
 .ARM.attributes
                0x0000000000000372       0x2b CMakeFiles/accel_ml.dir/Users/mjrovai/pico/pico-sdk/src/rp2_common/pico_printf/printf.c.obj
 .ARM.attributes
                0x000000000000039d       0x22 CMakeFiles/accel_ml.dir/Users/mjrovai/pico/pico-sdk/src/rp2_common/pico_bit_ops/bit_ops_aeabi.S.obj
 .ARM.attributes
                0x00000000000003bf       0x2b CMakeFiles/accel_ml.dir/Users/mjrovai/pico/pico-sdk/src/rp2_common/pico_bootrom/bootrom.c.obj
 .ARM.attributes
                0x00000000000003ea       0x22 CMakeFiles/accel_ml.dir/Users/mjrovai/pico/pico-sdk/src/rp2_common/pico_divider/divider.S.obj
 .ARM.attributes
                0x000000000000040c       0x22 CMakeFiles/accel_ml.dir/Users/mjrovai/pico/pico-sdk/src/rp2_common/pico_double/double_aeabi.S.obj
 .ARM.attributes
                0x000000000000042e       0x2b CMakeFiles/accel_ml.dir/Users/mjrovai/pico/pico-sdk/src/rp2_common/pico_double/double_init_rom.c.obj
 .ARM.attributes
                0x0000000000000459       0x22 CMakeFiles/accel_ml.dir/Users/mjrovai/pico/pico-sdk/src/rp2_common/pico_double/double_v1_rom_shim.S.obj
 .ARM.attributes
                0x000000000000047b       0x22 CMakeFiles/accel_ml.dir/Users/mjrovai/pico/pico-sdk/src/rp2_common/pico_int64_ops/pico_int64_ops_aeabi.S.obj
 .ARM.attributes
                0x000000000000049d       0x22 CMakeFiles/accel_ml.dir/Users/mjrovai/pico/pico-sdk/src/rp2_common/pico_float/float_aeabi.S.obj
 .ARM.attributes
                0x00000000000004bf       0x2b CMakeFiles/accel_ml.dir/Users/mjrovai/pico/pico-sdk/src/rp2_common/pico_float/float_init_rom.c.obj
 .ARM.attributes
                0x00000000000004ea       0x22 CMakeFiles/accel_ml.dir/Users/mjrovai/pico/pico-sdk/src/rp2_common/pico_float/float_v1_rom_shim.S.obj
 .ARM.attributes
                0x000000000000050c       0x22 CMakeFiles/accel_ml.dir/Users/mjrovai/pico/pico-sdk/src/rp2_common/pico_mem_ops/mem_ops_aeabi.S.obj
 .ARM.attributes
                0x000000000000052e       0x22 CMakeFiles/accel_ml.dir/Users/mjrovai/pico/pico-sdk/src/rp2_common/pico_standard_link/crt0.S.obj
 .ARM.attributes
                0x0000000000000550       0x32 CMakeFiles/accel_ml.dir/Users/mjrovai/pico/pico-sdk/src/rp2_common/pico_standard_link/binary_info.c.obj
 .ARM.attributes
                0x0000000000000582       0x2b CMakeFiles/accel_ml.dir/Users/mjrovai/pico/pico-sdk/src/rp2_common/pico_stdio/stdio.c.obj
 .ARM.attributes
                0x00000000000005ad       0x2b CMakeFiles/accel_ml.dir/Users/mjrovai/pico/pico-sdk/src/rp2_common/pico_stdio_uart/stdio_uart.c.obj
 .ARM.attributes
                0x00000000000005d8       0x2b CMakeFiles/accel_ml.dir/Users/mjrovai/pico/pico-sdk/src/rp2_common/pico_stdio_usb/reset_interface.c.obj
 .ARM.attributes
                0x0000000000000603       0x2b CMakeFiles/accel_ml.dir/Users/mjrovai/pico/pico-sdk/src/rp2_common/pico_stdio_usb/stdio_usb.c.obj
 .ARM.attributes
                0x000000000000062e       0x2b CMakeFiles/accel_ml.dir/Users/mjrovai/pico/pico-sdk/src/rp2_common/pico_stdio_usb/stdio_usb_descriptors.c.obj
 .ARM.attributes
                0x0000000000000659       0x2b CMakeFiles/accel_ml.dir/Users/mjrovai/pico/pico-sdk/lib/tinyusb/src/portable/raspberrypi/rp2040/dcd_rp2040.c.obj
 .ARM.attributes
                0x0000000000000684       0x2b CMakeFiles/accel_ml.dir/Users/mjrovai/pico/pico-sdk/lib/tinyusb/src/portable/raspberrypi/rp2040/rp2040_usb.c.obj
 .ARM.attributes
                0x00000000000006af       0x2b CMakeFiles/accel_ml.dir/Users/mjrovai/pico/pico-sdk/lib/tinyusb/src/device/usbd.c.obj
 .ARM.attributes
                0x00000000000006da       0x2b CMakeFiles/accel_ml.dir/Users/mjrovai/pico/pico-sdk/lib/tinyusb/src/device/usbd_control.c.obj
 .ARM.attributes
                0x0000000000000705       0x2b CMakeFiles/accel_ml.dir/Users/mjrovai/pico/pico-sdk/lib/tinyusb/src/class/cdc/cdc_device.c.obj
 .ARM.attributes
                0x0000000000000730       0x2b CMakeFiles/accel_ml.dir/Users/mjrovai/pico/pico-sdk/lib/tinyusb/src/tusb.c.obj
 .ARM.attributes
                0x000000000000075b       0x2b CMakeFiles/accel_ml.dir/Users/mjrovai/pico/pico-sdk/lib/tinyusb/src/common/tusb_fifo.c.obj
 .ARM.attributes
                0x0000000000000786       0x2b CMakeFiles/accel_ml.dir/Users/mjrovai/pico/pico-sdk/src/rp2_common/hardware_adc/adc.c.obj
 .ARM.attributes
                0x00000000000007b1       0x22 /var/folders/ss/f643n9x53s754jfn9_g46s800000gn/T//ccc3JICh.o
 .ARM.attributes
                0x00000000000007d3       0x1e /usr/local/Cellar/arm-none-eabi-gcc/9-2019-q4-major/gcc/bin/../lib/gcc/arm-none-eabi/9.2.1/thumb/v6-m/nofp/libgcc.a(_dvmd_tls.o)
 .ARM.attributes
                0x00000000000007f1       0x2c /usr/local/Cellar/arm-none-eabi-gcc/9-2019-q4-major/gcc/bin/../lib/gcc/arm-none-eabi/9.2.1/../../../../arm-none-eabi/lib/thumb/v6-m/nofp/libc.a(lib_a-strlen-stub.o)

.comment        0x0000000000000000       0x79
 .comment       0x0000000000000000       0x79 CMakeFiles/accel_ml.dir/accel_mma7361l.c.obj
                                         0x7a (size before relaxing)
 .comment       0x0000000000000079       0x7a CMakeFiles/accel_ml.dir/Users/mjrovai/pico/pico-sdk/src/rp2_common/hardware_gpio/gpio.c.obj
 .comment       0x0000000000000079       0x7a CMakeFiles/accel_ml.dir/Users/mjrovai/pico/pico-sdk/src/rp2_common/hardware_claim/claim.c.obj
 .comment       0x0000000000000079       0x7a CMakeFiles/accel_ml.dir/Users/mjrovai/pico/pico-sdk/src/rp2_common/hardware_sync/sync.c.obj
 .comment       0x0000000000000079       0x7a CMakeFiles/accel_ml.dir/Users/mjrovai/pico/pico-sdk/src/rp2_common/pico_platform/platform.c.obj
 .comment       0x0000000000000079       0x7a CMakeFiles/accel_ml.dir/Users/mjrovai/pico/pico-sdk/src/rp2_common/hardware_uart/uart.c.obj
 .comment       0x0000000000000079       0x7a CMakeFiles/accel_ml.dir/Users/mjrovai/pico/pico-sdk/src/common/pico_time/time.c.obj
 .comment       0x0000000000000079       0x7a CMakeFiles/accel_ml.dir/Users/mjrovai/pico/pico-sdk/src/rp2_common/hardware_timer/timer.c.obj
 .comment       0x0000000000000079       0x7a CMakeFiles/accel_ml.dir/Users/mjrovai/pico/pico-sdk/src/common/pico_sync/lock_core.c.obj
 .comment       0x0000000000000079       0x7a CMakeFiles/accel_ml.dir/Users/mjrovai/pico/pico-sdk/src/common/pico_sync/mutex.c.obj
 .comment       0x0000000000000079       0x7a CMakeFiles/accel_ml.dir/Users/mjrovai/pico/pico-sdk/src/common/pico_sync/critical_section.c.obj
 .comment       0x0000000000000079       0x7a CMakeFiles/accel_ml.dir/Users/mjrovai/pico/pico-sdk/src/common/pico_util/pheap.c.obj
 .comment       0x0000000000000079       0x7a CMakeFiles/accel_ml.dir/Users/mjrovai/pico/pico-sdk/src/rp2_common/pico_runtime/runtime.c.obj
 .comment       0x0000000000000079       0x7a CMakeFiles/accel_ml.dir/Users/mjrovai/pico/pico-sdk/src/rp2_common/hardware_clocks/clocks.c.obj
 .comment       0x0000000000000079       0x7a CMakeFiles/accel_ml.dir/Users/mjrovai/pico/pico-sdk/src/rp2_common/hardware_watchdog/watchdog.c.obj
 .comment       0x0000000000000079       0x7a CMakeFiles/accel_ml.dir/Users/mjrovai/pico/pico-sdk/src/rp2_common/hardware_xosc/xosc.c.obj
 .comment       0x0000000000000079       0x7a CMakeFiles/accel_ml.dir/Users/mjrovai/pico/pico-sdk/src/rp2_common/hardware_pll/pll.c.obj