Archive member included to satisfy reference by file (symbol)

/usr/local/Cellar/arm-none-eabi-gcc/9-2019-q4-major/gcc/bin/../lib/gcc/arm-none-eabi/9.2.1/thumb/v6-m/nofp/libgcc.a(_dvmd_tls.o)
                              CMakeFiles/app.dir/Users/mjrovai/pico/pico-sdk/src/rp2_common/pico_divider/divider.S.obj (__aeabi_idiv0)
/usr/local/Cellar/arm-none-eabi-gcc/9-2019-q4-major/gcc/bin/../lib/gcc/arm-none-eabi/9.2.1/../../../../arm-none-eabi/lib/thumb/v6-m/nofp/libc.a(lib_a-calloc.o)
                              CMakeFiles/app.dir/Users/mjrovai/pico/pico-sdk/src/rp2_common/pico_malloc/pico_malloc.c.obj (calloc)
/usr/local/Cellar/arm-none-eabi-gcc/9-2019-q4-major/gcc/bin/../lib/gcc/arm-none-eabi/9.2.1/../../../../arm-none-eabi/lib/thumb/v6-m/nofp/libc.a(lib_a-callocr.o)
                              /usr/local/Cellar/arm-none-eabi-gcc/9-2019-q4-major/gcc/bin/../lib/gcc/arm-none-eabi/9.2.1/../../../../arm-none-eabi/lib/thumb/v6-m/nofp/libc.a(lib_a-calloc.o) (_calloc_r)
/usr/local/Cellar/arm-none-eabi-gcc/9-2019-q4-major/gcc/bin/../lib/gcc/arm-none-eabi/9.2.1/../../../../arm-none-eabi/lib/thumb/v6-m/nofp/libc.a(lib_a-impure.o)
                              /usr/local/Cellar/arm-none-eabi-gcc/9-2019-q4-major/gcc/bin/../lib/gcc/arm-none-eabi/9.2.1/../../../../arm-none-eabi/lib/thumb/v6-m/nofp/libc.a(lib_a-calloc.o) (_impure_ptr)
/usr/local/Cellar/arm-none-eabi-gcc/9-2019-q4-major/gcc/bin/../lib/gcc/arm-none-eabi/9.2.1/../../../../arm-none-eabi/lib/thumb/v6-m/nofp/libc.a(lib_a-init.o)
                              /usr/local/Cellar/arm-none-eabi-gcc/9-2019-q4-major/gcc/bin/../lib/gcc/arm-none-eabi/9.2.1/../../../../arm-none-eabi/lib/thumb/v6-m/nofp/crt0.o (__libc_init_array)
/usr/local/Cellar/arm-none-eabi-gcc/9-2019-q4-major/gcc/bin/../lib/gcc/arm-none-eabi/9.2.1/../../../../arm-none-eabi/lib/thumb/v6-m/nofp/libc.a(lib_a-malloc.o)
                              CMakeFiles/app.dir/Users/mjrovai/pico/pico-sdk/src/rp2_common/pico_malloc/pico_malloc.c.obj (malloc)
/usr/local/Cellar/arm-none-eabi-gcc/9-2019-q4-major/gcc/bin/../lib/gcc/arm-none-eabi/9.2.1/../../../../arm-none-eabi/lib/thumb/v6-m/nofp/libc.a(lib_a-mallocr.o)
                              /usr/local/Cellar/arm-none-eabi-gcc/9-2019-q4-major/gcc/bin/../lib/gcc/arm-none-eabi/9.2.1/../../../../arm-none-eabi/lib/thumb/v6-m/nofp/libc.a(lib_a-callocr.o) (_malloc_r)
/usr/local/Cellar/arm-none-eabi-gcc/9-2019-q4-major/gcc/bin/../lib/gcc/arm-none-eabi/9.2.1/../../../../arm-none-eabi/lib/thumb/v6-m/nofp/libc.a(lib_a-mlock.o)
                              /usr/local/Cellar/arm-none-eabi-gcc/9-2019-q4-major/gcc/bin/../lib/gcc/arm-none-eabi/9.2.1/../../../../arm-none-eabi/lib/thumb/v6-m/nofp/libc.a(lib_a-mallocr.o) (__malloc_lock)
/usr/local/Cellar/arm-none-eabi-gcc/9-2019-q4-major/gcc/bin/../lib/gcc/arm-none-eabi/9.2.1/../../../../arm-none-eabi/lib/thumb/v6-m/nofp/libc.a(lib_a-sbrkr.o)
                              /usr/local/Cellar/arm-none-eabi-gcc/9-2019-q4-major/gcc/bin/../lib/gcc/arm-none-eabi/9.2.1/../../../../arm-none-eabi/lib/thumb/v6-m/nofp/libc.a(lib_a-mallocr.o) (_sbrk_r)
/usr/local/Cellar/arm-none-eabi-gcc/9-2019-q4-major/gcc/bin/../lib/gcc/arm-none-eabi/9.2.1/../../../../arm-none-eabi/lib/thumb/v6-m/nofp/libc.a(lib_a-strlen-stub.o)
                              CMakeFiles/app.dir/Users/mjrovai/pico/pico-sdk/src/rp2_common/pico_stdio/stdio.c.obj (strlen)
/usr/local/Cellar/arm-none-eabi-gcc/9-2019-q4-major/gcc/bin/../lib/gcc/arm-none-eabi/9.2.1/../../../../arm-none-eabi/lib/thumb/v6-m/nofp/libc.a(lib_a-freer.o)
                              /usr/local/Cellar/arm-none-eabi-gcc/9-2019-q4-major/gcc/bin/../lib/gcc/arm-none-eabi/9.2.1/../../../../arm-none-eabi/lib/thumb/v6-m/nofp/libc.a(lib_a-malloc.o) (_free_r)
/usr/local/Cellar/arm-none-eabi-gcc/9-2019-q4-major/gcc/bin/../lib/gcc/arm-none-eabi/9.2.1/../../../../arm-none-eabi/lib/thumb/v6-m/nofp/libc.a(lib_a-lock.o)
                              /usr/local/Cellar/arm-none-eabi-gcc/9-2019-q4-major/gcc/bin/../lib/gcc/arm-none-eabi/9.2.1/../../../../arm-none-eabi/lib/thumb/v6-m/nofp/libc.a(lib_a-mlock.o) (__retarget_lock_acquire_recursive)
/usr/local/Cellar/arm-none-eabi-gcc/9-2019-q4-major/gcc/bin/../lib/gcc/arm-none-eabi/9.2.1/../../../../arm-none-eabi/lib/thumb/v6-m/nofp/libc.a(lib_a-reent.o)
                              /usr/local/Cellar/arm-none-eabi-gcc/9-2019-q4-major/gcc/bin/../lib/gcc/arm-none-eabi/9.2.1/../../../../arm-none-eabi/lib/thumb/v6-m/nofp/libc.a(lib_a-sbrkr.o) (errno)

Allocating common symbols
Common symbol       size              file

__lock___atexit_recursive_mutex
                    0x1               /usr/local/Cellar/arm-none-eabi-gcc/9-2019-q4-major/gcc/bin/../lib/gcc/arm-none-eabi/9.2.1/../../../../arm-none-eabi/lib/thumb/v6-m/nofp/libc.a(lib_a-lock.o)
sf_table            0x100             CMakeFiles/app.dir/Users/mjrovai/pico/pico-sdk/src/rp2_common/pico_float/float_init_rom.c.obj
__lock___arc4random_mutex
[...]
Memory Configuration

Name             Origin             Length             Attributes
FLASH            0x0000000010000000 0x0000000000200000 xr
RAM              0x0000000020000000 0x0000000000040000 xrw
SCRATCH_X        0x0000000020040000 0x0000000000001000 xrw
SCRATCH_Y        0x0000000020041000 0x0000000000001000 xrw
*default*        0x0000000000000000 0xffffffffffffffff

Linker script and memory map

LOAD /usr/local/Cellar/arm-none-eabi-gcc/9-2019-q4-major/gcc/bin/../lib/gcc/arm-none-eabi/9.2.1/thumb/v6-m/nofp/crti.o
LOAD /usr/local/Cellar/arm-none-eabi-gcc/9-2019-q4-major/gcc/bin/../lib/gcc/arm-none-eabi/9.2.1/thumb/v6-m/nofp/crtbegin.o
LOAD /usr/local/Cellar/arm-none-eabi-gcc/9-2019-q4-major/gcc/bin/../lib/gcc/arm-none-eabi/9.2.1/../../../../arm-none-eabi/lib/thumb/v6-m/nofp/crt0.o

.flash_begin    0x0000000010000000        0x0
                0x0000000010000000                __flash_binary_start = .

.boot2          0x0000000010000000      0x100
                0x0000000010000000                __boot2_start__ = .
 *(.boot2)
 .boot2         0x0000000010000000      0x100 /var/folders/ss/f643n9x53s754jfn9_g46s800000gn/T//ccDKtnmR.o
                0x0000000010000100                __boot2_end__ = .
                0x0000000000000001                ASSERT (((__boot2_end__ - __boot2_start__) == 0x100), ERROR: Pico second stage bootloader must be 256 bytes in size)

.text           0x0000000010000100     0x69f8
                0x0000000010000100                __logical_binary_start = .
 *(.vectors)
 .vectors       0x0000000010000100       0xd4 CMakeFiles/app.dir/Users/mjrovai/pico/pico-sdk/src/rp2_common/pico_standard_link/crt0.S.obj
                0x0000000010000100                __vectors
                0x00000000100001c0                isr_invalid
                0x00000000100001c2                isr_nmi
                0x00000000100001c4                isr_hardfault
                0x00000000100001c6                isr_svcall
                0x00000000100001c8                isr_pendsv
                0x00000000100001ca                isr_systick
                0x00000000100001cc                isr_irq23
                0x00000000100001cc                isr_irq18
                0x00000000100001cc                isr_irq28
                0x00000000100001cc                isr_irq19
                0x00000000100001cc                isr_irq0
                0x00000000100001cc                isr_irq6
                0x00000000100001cc                isr_irq22
                0x00000000100001cc                isr_irq17
                0x00000000100001cc                isr_irq14
                0x00000000100001cc                isr_irq2
                0x00000000100001cc                isr_irq10
                0x00000000100001cc                isr_irq8
                0x00000000100001cc                isr_irq24
                0x00000000100001cc                isr_irq1
                0x00000000100001cc                isr_irq7
                0x00000000100001cc                isr_irq21
                0x00000000100001cc                isr_irq20
                0x00000000100001cc                isr_irq15
                0x00000000100001cc                isr_irq25
                0x00000000100001cc                isr_irq4
                0x00000000100001cc                isr_irq16
                0x00000000100001cc                isr_irq29
                0x00000000100001cc                isr_irq26
                0x00000000100001cc                isr_irq3
                0x00000000100001cc                isr_irq9
                0x00000000100001cc                __unhandled_user_irq
                0x00000000100001cc                isr_irq13
                0x00000000100001cc                isr_irq27
                0x00000000100001cc                isr_irq31
                0x00000000100001cc                isr_irq5
                0x00000000100001cc                isr_irq11
                0x00000000100001cc                isr_irq30
                0x00000000100001cc                isr_irq12
                0x00000000100001d2                unhandled_user_irq_num_in_r0
 *(.binary_info_header)
 .binary_info_header
                0x00000000100001d4       0x14 CMakeFiles/app.dir/Users/mjrovai/pico/pico-sdk/src/rp2_common/pico_standard_link/crt0.S.obj
                0x00000000100001e8                __binary_info_header_end = .
 *(.reset)
 .reset         0x00000000100001e8       0xa8 CMakeFiles/app.dir/Users/mjrovai/pico/pico-sdk/src/rp2_common/pico_standard_link/crt0.S.obj
                0x00000000100001e8                _entry_point
                0x0000000010000266                __get_current_exception
 .reset         0x0000000010000290       0x30 CMakeFiles/app.dir/Users/mjrovai/pico/pico-sdk/src/rp2_common/pico_standard_link/binary_info.c.obj
 *(.init)
 .init          0x00000000100002c0        0x4 /usr/local/Cellar/arm-none-eabi-gcc/9-2019-q4-major/gcc/bin/../lib/gcc/arm-none-eabi/9.2.1/thumb/v6-m/nofp/crti.o
                0x00000000100002c0                _init
 *(EXCLUDE_FILE(*libm.a: *libc.a:*lib_a-mem*.o *libgcc.a:) .text*)
 .text          0x00000000100002c4       0x48 /usr/local/Cellar/arm-none-eabi-gcc/9-2019-q4-major/gcc/bin/../lib/gcc/arm-none-eabi/9.2.1/thumb/v6-m/nofp/crtbegin.o
 .text.adc_gpio_init
                0x000000001000030c       0x20 CMakeFiles/app.dir/main.cpp.obj
 .text._Z16second_core_codev
                0x000000001000032c       0x7c CMakeFiles/app.dir/main.cpp.obj
                0x000000001000032c                second_core_code()
 .text.startup.main
                0x00000000100003a8       0x5c CMakeFiles/app.dir/main.cpp.obj
                0x00000000100003a8                main
 .text.core1_trampoline
                0x0000000010000404        0x4 CMakeFiles/app.dir/Users/mjrovai/pico/pico-sdk/src/rp2_common/pico_multicore/multicore.c.obj
 .text.core1_wrapper
                0x0000000010000408        0xc CMakeFiles/app.dir/Users/mjrovai/pico/pico-sdk/src/rp2_common/pico_multicore/multicore.c.obj
                0x0000000010000408                core1_wrapper
 .text.multicore_fifo_push_blocking
                0x0000000010000414       0x14 CMakeFiles/app.dir/Users/mjrovai/pico/pico-sdk/src/rp2_common/pico_multicore/multicore.c.obj
                0x0000000010000414                multicore_fifo_push_blocking
 .text.multicore_fifo_pop_blocking
                0x0000000010000428       0x1c CMakeFiles/app.dir/Users/mjrovai/pico/pico-sdk/src/rp2_common/pico_multicore/multicore.c.obj
                0x0000000010000428                multicore_fifo_pop_blocking
 .text.multicore_launch_core1
                0x0000000010000444       0xa4 CMakeFiles/app.dir/Users/mjrovai/pico/pico-sdk/src/rp2_common/pico_multicore/multicore.c.obj
                0x0000000010000444                multicore_launch_core1
 .text.lock_init
                0x00000000100004e8       0x10 CMakeFiles/app.dir/Users/mjrovai/pico/pico-sdk/src/common/pico_sync/lock_core.c.obj
                0x00000000100004e8                lock_init
 .text.spin_locks_reset
                0x00000000100004f8       0x1c CMakeFiles/app.dir/Users/mjrovai/pico/pico-sdk/src/rp2_common/hardware_sync/sync.c.obj
                0x00000000100004f8                spin_locks_reset
 .text.next_striped_spin_lock_num
                0x0000000010000514       0x18 CMakeFiles/app.dir/Users/mjrovai/pico/pico-sdk/src/rp2_common/hardware_sync/sync.c.obj
                0x0000000010000514                next_striped_spin_lock_num
 .text.spin_lock_claim_unused
                0x000000001000052c       0x20 CMakeFiles/app.dir/Users/mjrovai/pico/pico-sdk/src/rp2_common/hardware_sync/sync.c.obj
                0x000000001000052c                spin_lock_claim_unused
 .text.hw_claim_or_assert
                0x000000001000054c       0x60 CMakeFiles/app.dir/Users/mjrovai/pico/pico-sdk/src/rp2_common/hardware_claim/claim.c.obj
                0x000000001000054c                hw_claim_or_assert
 .text.hw_claim_unused_from_range
                0x00000000100005ac       0x9c CMakeFiles/app.dir/Users/mjrovai/pico/pico-sdk/src/rp2_common/hardware_claim/claim.c.obj
                0x00000000100005ac                hw_claim_unused_from_range
 .text.running_on_fpga
                0x0000000010000648       0x10 CMakeFiles/app.dir/Users/mjrovai/pico/pico-sdk/src/rp2_common/pico_platform/platform.c.obj
                0x0000000010000648                running_on_fpga
 .text.timer_pool_entry_comparator
                0x0000000010000658       0x34 CMakeFiles/app.dir/Users/mjrovai/pico/pico-sdk/src/common/pico_time/time.c.obj
                0x0000000010000658                timer_pool_entry_comparator
 .text.sev_callback
                0x000000001000068c        0x8 CMakeFiles/app.dir/Users/mjrovai/pico/pico-sdk/src/common/pico_time/time.c.obj
 .text.alarm_pool_add_alarm_at.constprop.0
                0x0000000010000694      0x128 CMakeFiles/app.dir/Users/mjrovai/pico/pico-sdk/src/common/pico_time/time.c.obj
 .text.add_alarm_under_lock
                0x00000000100007bc      0x108 CMakeFiles/app.dir/Users/mjrovai/pico/pico-sdk/src/common/pico_time/time.c.obj
 .text.alarm_pool_alarm_callback
                0x00000000100008c4      0x1b0 CMakeFiles/app.dir/Users/mjrovai/pico/pico-sdk/src/common/pico_time/time.c.obj
 .text.alarm_pool_init_default
                0x0000000010000a74       0x58 CMakeFiles/app.dir/Users/mjrovai/pico/pico-sdk/src/common/pico_time/time.c.obj
                0x0000000010000a74                alarm_pool_init_default
 .text.alarm_pool_get_default
                0x0000000010000acc        0x8 CMakeFiles/app.dir/Users/mjrovai/pico/pico-sdk/src/common/pico_time/time.c.obj
                0x0000000010000acc                alarm_pool_get_default
 .text.alarm_pool_add_alarm_at
                0x0000000010000ad4      0x1a4 CMakeFiles/app.dir/Users/mjrovai/pico/pico-sdk/src/common/pico_time/time.c.obj
                0x0000000010000ad4                alarm_pool_add_alarm_at
 .text.alarm_pool_cancel_alarm
                0x0000000010000c78       0x70 CMakeFiles/app.dir/Users/mjrovai/pico/pico-sdk/src/common/pico_time/time.c.obj
                0x0000000010000c78                alarm_pool_cancel_alarm
 .text.sleep_ms
                0x0000000010000ce8       0xb0 CMakeFiles/app.dir/Users/mjrovai/pico/pico-sdk/src/common/pico_time/time.c.obj
                0x0000000010000ce8                sleep_ms
 .text.best_effort_wfe_or_timeout
                0x0000000010000d98      0x174 CMakeFiles/app.dir/Users/mjrovai/pico/pico-sdk/src/common/pico_time/time.c.obj
                0x0000000010000d98                best_effort_wfe_or_timeout
 .text.hardware_alarm_irq_handler
                0x0000000010000f0c       0xb8 CMakeFiles/app.dir/Users/mjrovai/pico/pico-sdk/src/rp2_common/hardware_timer/timer.c.obj
 .text.hardware_alarm_claim
                0x0000000010000fc4       0x18 CMakeFiles/app.dir/Users/mjrovai/pico/pico-sdk/src/rp2_common/hardware_timer/timer.c.obj
                0x0000000010000fc4                hardware_alarm_claim
 .text.time_us_64
                0x0000000010000fdc       0x14 CMakeFiles/app.dir/Users/mjrovai/pico/pico-sdk/src/rp2_common/hardware_timer/timer.c.obj
                0x0000000010000fdc                time_us_64
 .text.busy_wait_until
                0x0000000010000ff0       0x20 CMakeFiles/app.dir/Users/mjrovai/pico/pico-sdk/src/rp2_common/hardware_timer/timer.c.obj
                0x0000000010000ff0                busy_wait_until
 .text.hardware_alarm_set_callback
                0x0000000010001010       0x8c CMakeFiles/app.dir/Users/mjrovai/pico/pico-sdk/src/rp2_common/hardware_timer/timer.c.obj
                0x0000000010001010                hardware_alarm_set_callback
 .text.hardware_alarm_set_target
                0x000000001000109c       0xdc CMakeFiles/app.dir/Users/mjrovai/pico/pico-sdk/src/rp2_common/hardware_timer/timer.c.obj
                0x000000001000109c                hardware_alarm_set_target
 .text.hardware_alarm_cancel
                0x0000000010001178       0x40 CMakeFiles/app.dir/Users/mjrovai/pico/pico-sdk/src/rp2_common/hardware_timer/timer.c.obj
                0x0000000010001178                hardware_alarm_cancel
 .text.ph_merge_nodes
                0x00000000100011b8       0x68 CMakeFiles/app.dir/Users/mjrovai/pico/pico-sdk/src/common/pico_util/pheap.c.obj
 .text.ph_post_alloc_init
                0x0000000010001220       0x3c CMakeFiles/app.dir/Users/mjrovai/pico/pico-sdk/src/common/pico_util/pheap.c.obj
                0x0000000010001220                ph_post_alloc_init
 .text.ph_merge_two_pass
                0x000000001000125c       0x90 CMakeFiles/app.dir/Users/mjrovai/pico/pico-sdk/src/common/pico_util/pheap.c.obj
                0x000000001000125c                ph_merge_two_pass
 .text.ph_remove_any_head
                0x00000000100012ec       0xf8 CMakeFiles/app.dir/Users/mjrovai/pico/pico-sdk/src/common/pico_util/pheap.c.obj
 .text.ph_remove_head
                0x00000000100013e4      0x13c CMakeFiles/app.dir/Users/mjrovai/pico/pico-sdk/src/common/pico_util/pheap.c.obj
                0x00000000100013e4                ph_remove_head
 .text.ph_remove_and_free_node
                0x0000000010001520       0x7c CMakeFiles/app.dir/Users/mjrovai/pico/pico-sdk/src/common/pico_util/pheap.c.obj
                0x0000000010001520                ph_remove_and_free_node
 .text.mutex_init
                0x000000001000159c       0x1c CMakeFiles/app.dir/Users/mjrovai/pico/pico-sdk/src/common/pico_sync/mutex.c.obj
                0x000000001000159c                mutex_init
 .text.critical_section_init
                0x00000000100015b8       0x18 CMakeFiles/app.dir/Users/mjrovai/pico/pico-sdk/src/common/pico_sync/critical_section.c.obj
                0x00000000100015b8                critical_section_init
 .text.gpio_set_function
                0x00000000100015d0       0x30 CMakeFiles/app.dir/Users/mjrovai/pico/pico-sdk/src/rp2_common/hardware_gpio/gpio.c.obj
                0x00000000100015d0                gpio_set_function
 .text.gpio_set_pulls
                0x0000000010001600       0x30 CMakeFiles/app.dir/Users/mjrovai/pico/pico-sdk/src/rp2_common/hardware_gpio/gpio.c.obj
                0x0000000010001600                gpio_set_pulls
 .text.gpio_set_input_enabled
                0x0000000010001630       0x28 CMakeFiles/app.dir/Users/mjrovai/pico/pico-sdk/src/rp2_common/hardware_gpio/gpio.c.obj
                0x0000000010001630                gpio_set_input_enabled
 .text.runtime_init
                0x0000000010001658       0xec CMakeFiles/app.dir/Users/mjrovai/pico/pico-sdk/src/rp2_common/pico_runtime/runtime.c.obj
                0x0000000010001658                runtime_init
 .text.exit     0x0000000010001744        0x4 CMakeFiles/app.dir/Users/mjrovai/pico/pico-sdk/src/rp2_common/pico_runtime/runtime.c.obj
                0x0000000010001744                exit
 .text.panic    0x0000000010001748       0x30 CMakeFiles/app.dir/Users/mjrovai/pico/pico-sdk/src/rp2_common/pico_runtime/runtime.c.obj
                0x0000000010001748                panic
 .text.hard_assertion_failure
                0x0000000010001778        0xc CMakeFiles/app.dir/Users/mjrovai/pico/pico-sdk/src/rp2_common/pico_runtime/runtime.c.obj
                0x0000000010001778                hard_assertion_failure
 .text.clocks_init
                0x0000000010001784      0x2e0 CMakeFiles/app.dir/Users/mjrovai/pico/pico-sdk/src/rp2_common/hardware_clocks/clocks.c.obj
                0x0000000010001784                clocks_init
 .text.watchdog_start_tick
                0x0000000010001a64       0x10 CMakeFiles/app.dir/Users/mjrovai/pico/pico-sdk/src/rp2_common/hardware_watchdog/watchdog.c.obj
                0x0000000010001a64                watchdog_start_tick
 .text.watchdog_reboot
                0x0000000010001a74       0x98 CMakeFiles/app.dir/Users/mjrovai/pico/pico-sdk/src/rp2_common/hardware_watchdog/watchdog.c.obj
                0x0000000010001a74                watchdog_reboot
 .text.xosc_init
                0x0000000010001b0c       0x28 CMakeFiles/app.dir/Users/mjrovai/pico/pico-sdk/src/rp2_common/hardware_xosc/xosc.c.obj
                0x0000000010001b0c                xosc_init
 .text.pll_init
                0x0000000010001b34       0x54 CMakeFiles/app.dir/Users/mjrovai/pico/pico-sdk/src/rp2_common/hardware_pll/pll.c.obj
                0x0000000010001b34                pll_init
 .text.irq_set_enabled
                0x0000000010001b88       0x24 CMakeFiles/app.dir/Users/mjrovai/pico/pico-sdk/src/rp2_common/hardware_irq/irq.c.obj
                0x0000000010001b88                irq_set_enabled
 .text.irq_set_pending
                0x0000000010001bac       0x10 CMakeFiles/app.dir/Users/mjrovai/pico/pico-sdk/src/rp2_common/hardware_irq/irq.c.obj
                0x0000000010001bac                irq_set_pending
 .text.irq_get_vtable_handler
                0x0000000010001bbc       0x10 CMakeFiles/app.dir/Users/mjrovai/pico/pico-sdk/src/rp2_common/hardware_irq/irq.c.obj
                0x0000000010001bbc                irq_get_vtable_handler
 .text.irq_set_exclusive_handler
                0x0000000010001bcc       0x54 CMakeFiles/app.dir/Users/mjrovai/pico/pico-sdk/src/rp2_common/hardware_irq/irq.c.obj
                0x0000000010001bcc                irq_set_exclusive_handler
 .text.irq_remove_handler
                0x0000000010001c20      0x1b8 CMakeFiles/app.dir/Users/mjrovai/pico/pico-sdk/src/rp2_common/hardware_irq/irq.c.obj
                0x0000000010001c20                irq_remove_handler
 .text.irq_add_tail_to_free_list
                0x0000000010001dd8       0xb8 CMakeFiles/app.dir/Users/mjrovai/pico/pico-sdk/src/rp2_common/hardware_irq/irq.c.obj
                0x0000000010001dd8                irq_add_tail_to_free_list
 .text.irq_init_priorities
                0x0000000010001e90       0x38 CMakeFiles/app.dir/Users/mjrovai/pico/pico-sdk/src/rp2_common/hardware_irq/irq.c.obj
                0x0000000010001e90                irq_init_priorities
 .text._out_null
                0x0000000010001ec8        0x4 CMakeFiles/app.dir/Users/mjrovai/pico/pico-sdk/src/rp2_common/pico_printf/printf.c.obj
 .text._out_rev
                0x0000000010001ecc       0xd0 CMakeFiles/app.dir/Users/mjrovai/pico/pico-sdk/src/rp2_common/pico_printf/printf.c.obj
 .text._ntoa_format
                0x0000000010001f9c      0x1d0 CMakeFiles/app.dir/Users/mjrovai/pico/pico-sdk/src/rp2_common/pico_printf/printf.c.obj
 .text._out_char
                0x000000001000216c       0x10 CMakeFiles/app.dir/Users/mjrovai/pico/pico-sdk/src/rp2_common/pico_printf/printf.c.obj
 .text._out_fct
                0x000000001000217c       0x10 CMakeFiles/app.dir/Users/mjrovai/pico/pico-sdk/src/rp2_common/pico_printf/printf.c.obj
 .text._etoa    0x000000001000218c      0x478 CMakeFiles/app.dir/Users/mjrovai/pico/pico-sdk/src/rp2_common/pico_printf/printf.c.obj
 .text._ftoa    0x0000000010002604      0x3e0 CMakeFiles/app.dir/Users/mjrovai/pico/pico-sdk/src/rp2_common/pico_printf/printf.c.obj
 .text._vsnprintf
                0x00000000100029e4      0xb08 CMakeFiles/app.dir/Users/mjrovai/pico/pico-sdk/src/rp2_common/pico_printf/printf.c.obj
 .text.vfctprintf
                0x00000000100034ec       0x20 CMakeFiles/app.dir/Users/mjrovai/pico/pico-sdk/src/rp2_common/pico_printf/printf.c.obj
                0x00000000100034ec                vfctprintf
 .text.weak_raw_vprintf
                0x000000001000350c       0x30 CMakeFiles/app.dir/Users/mjrovai/pico/pico-sdk/src/rp2_common/pico_printf/printf.c.obj
                0x000000001000350c                weak_raw_vprintf
 .text          0x000000001000353c       0x10 CMakeFiles/app.dir/Users/mjrovai/pico/pico-sdk/src/rp2_common/pico_bit_ops/bit_ops_aeabi.S.obj
 .text.rom_func_lookup
                0x000000001000354c       0x10 CMakeFiles/app.dir/Users/mjrovai/pico/pico-sdk/src/rp2_common/pico_bootrom/bootrom.c.obj
                0x000000001000354c                rom_func_lookup
 .text.rom_data_lookup
                0x000000001000355c       0x10 CMakeFiles/app.dir/Users/mjrovai/pico/pico-sdk/src/rp2_common/pico_bootrom/bootrom.c.obj
                0x000000001000355c                rom_data_lookup
 .text.rom_funcs_lookup
                0x000000001000356c       0x3c CMakeFiles/app.dir/Users/mjrovai/pico/pico-sdk/src/rp2_common/pico_bootrom/bootrom.c.obj
                0x000000001000356c                rom_funcs_lookup
 .text.__wrap___aeabi_idiv
                0x00000000100035a8       0x58 CMakeFiles/app.dir/Users/mjrovai/pico/pico-sdk/src/rp2_common/pico_divider/divider.S.obj
                0x00000000100035a8                __wrap___aeabi_idivmod
                0x00000000100035a8                divmod_s32s32
                0x00000000100035a8                div_s32s32
                0x00000000100035a8                __wrap___aeabi_idiv
                0x00000000100035b0                divmod_s32s32_unsafe
                0x00000000100035dc                divmod_s32s32_savestate
 .text.__wrap___aeabi_uidiv
                0x0000000010003600       0x54 CMakeFiles/app.dir/Users/mjrovai/pico/pico-sdk/src/rp2_common/pico_divider/divider.S.obj
                0x0000000010003600                __wrap___aeabi_uidiv
                0x0000000010003600                __wrap___aeabi_uidivmod
                0x0000000010003600                div_u32u32
                0x0000000010003600                divmod_u32u32
                0x0000000010003608                divmod_u32u32_unsafe
                0x0000000010003630                divmod_u32u32_savestate
 .text.__wrap___aeabi_ldiv
                0x0000000010003654      0x430 CMakeFiles/app.dir/Users/mjrovai/pico/pico-sdk/src/rp2_common/pico_divider/divider.S.obj
                0x0000000010003654                __wrap___aeabi_ldivmod
                0x0000000010003654                div_s64s64
                0x0000000010003654                divmod_s64s64
                0x000000001000368c                divmod_u64u64
                0x000000001000368c                div_u64u64
                0x000000001000368c                __wrap___aeabi_uldivmod
                0x000000001000369c                divmod_u64u64_savestate
                0x00000000100036c4                divmod_s64s64_unsafe
                0x000000001000374c                divmod_u64u64_unsafe
 .text.__wrap___aeabi_darithmetic
                0x0000000010003a84       0x54 CMakeFiles/app.dir/Users/mjrovai/pico/pico-sdk/src/rp2_common/pico_double/double_aeabi.S.obj
                0x0000000010003a84                __wrap___aeabi_drsub
                0x0000000010003a8a                __wrap___aeabi_dsub
                0x0000000010003a9c                __wrap___aeabi_dadd
                0x0000000010003aae                __wrap___aeabi_ddiv
                0x0000000010003ac0                __wrap___aeabi_dmul
 .text.__wrap___aeabi_cdcmple
                0x0000000010003ad8       0x6c CMakeFiles/app.dir/Users/mjrovai/pico/pico-sdk/src/rp2_common/pico_double/double_aeabi.S.obj
                0x0000000010003ad8                __wrap___aeabi_cdrcmple
                0x0000000010003ae8                __wrap___aeabi_cdcmple
                0x0000000010003ae8                __wrap___aeabi_cdcmpeq
 .text.__wrap___aeabi_dcmplt
                0x0000000010003b44        0xc CMakeFiles/app.dir/Users/mjrovai/pico/pico-sdk/src/rp2_common/pico_double/double_aeabi.S.obj
                0x0000000010003b44                __wrap___aeabi_dcmplt
 .text.__wrap___aeabi_dcmple
                0x0000000010003b50       0x10 CMakeFiles/app.dir/Users/mjrovai/pico/pico-sdk/src/rp2_common/pico_double/double_aeabi.S.obj
                0x0000000010003b50                __wrap___aeabi_dcmple
 .text.__wrap___aeabi_dcmpge
                0x0000000010003b60       0x10 CMakeFiles/app.dir/Users/mjrovai/pico/pico-sdk/src/rp2_common/pico_double/double_aeabi.S.obj
                0x0000000010003b60                __wrap___aeabi_dcmpge
 .text.__wrap___aeabi_dcmpgt
                0x0000000010003b70        0xa CMakeFiles/app.dir/Users/mjrovai/pico/pico-sdk/src/rp2_common/pico_double/double_aeabi.S.obj
                0x0000000010003b70                __wrap___aeabi_dcmpgt
 .text.__wrap___aeabi_dcmpun
                0x0000000010003b7a       0x1c CMakeFiles/app.dir/Users/mjrovai/pico/pico-sdk/src/rp2_common/pico_double/double_aeabi.S.obj
                0x0000000010003b7a                __wrap___aeabi_dcmpun
 *fill*         0x0000000010003b96        0x2 
 .text.__wrap___aeabi_i2d
                0x0000000010003b98       0x38 CMakeFiles/app.dir/Users/mjrovai/pico/pico-sdk/src/rp2_common/pico_double/double_aeabi.S.obj
                0x0000000010003b98                __wrap___aeabi_ui2d
                0x0000000010003ba0                __wrap___aeabi_i2d
 .text.__wrap___aeabi_d2iz
                0x0000000010003bd0       0x48 CMakeFiles/app.dir/Users/mjrovai/pico/pico-sdk/src/rp2_common/pico_double/double_aeabi.S.obj
                0x0000000010003bd0                __wrap___aeabi_d2iz
                0x0000000010003bd0                double2int_z
 .text.__wrap___aeabi_d2uiz
                0x0000000010003c18       0x18 CMakeFiles/app.dir/Users/mjrovai/pico/pico-sdk/src/rp2_common/pico_double/double_aeabi.S.obj
                0x0000000010003c18                double2uint
                0x0000000010003c18                __wrap___aeabi_d2uiz
 .text.__aeabi_double_init
                0x0000000010003c30       0xac CMakeFiles/app.dir/Users/mjrovai/pico/pico-sdk/src/rp2_common/pico_double/double_init_rom.c.obj
                0x0000000010003c30                __aeabi_double_init
 .text.double_table_shim_on_use_helper
                0x0000000010003cdc       0x2c CMakeFiles/app.dir/Users/mjrovai/pico/pico-sdk/src/rp2_common/pico_double/double_v1_rom_shim.S.obj
                0x0000000010003cdc                double_table_shim_on_use_helper
 .text.__wrap___aeabi_dsub
                0x0000000010003d08       0x10 CMakeFiles/app.dir/Users/mjrovai/pico/pico-sdk/src/rp2_common/pico_double/double_v1_rom_shim.S.obj
                0x0000000010003d08                drsub_shim
                0x0000000010003d0e                dsub_shim
 .text.dadd_shim
                0x0000000010003d18      0x15c CMakeFiles/app.dir/Users/mjrovai/pico/pico-sdk/src/rp2_common/pico_double/double_v1_rom_shim.S.obj
                0x0000000010003d18                dadd_shim
 .text.dmul_shim
                0x0000000010003e74      0x15c CMakeFiles/app.dir/Users/mjrovai/pico/pico-sdk/src/rp2_common/pico_double/double_v1_rom_shim.S.obj
                0x0000000010003e74                dmul_shim
 .text.ddiv_shim
                0x0000000010003fd0      0x1b0 CMakeFiles/app.dir/Users/mjrovai/pico/pico-sdk/src/rp2_common/pico_double/double_v1_rom_shim.S.obj
                0x0000000010003fd0                ddiv_shim
 .text.dcordic_rot_step
                0x0000000010004180       0x7c CMakeFiles/app.dir/Users/mjrovai/pico/pico-sdk/src/rp2_common/pico_double/double_v1_rom_shim.S.obj
                0x0000000010004180                dcordic_rot_step
 .text.double2uint_shim
                0x00000000100041fc        0xe CMakeFiles/app.dir/Users/mjrovai/pico/pico-sdk/src/rp2_common/pico_double/double_v1_rom_shim.S.obj
                0x00000000100041fc                double2uint_shim
                0x00000000100041fe                double2ufix_shim
 *fill*         0x000000001000420a        0x2 
 .text.double2uint64_shim
                0x000000001000420c       0x6c CMakeFiles/app.dir/Users/mjrovai/pico/pico-sdk/src/rp2_common/pico_double/double_v1_rom_shim.S.obj
                0x000000001000420c                double2uint64_shim
                0x000000001000420e                double2ufix64_shim
                0x0000000010004228                d2fix_a
 .text.dunpacks
                0x0000000010004278       0x3c CMakeFiles/app.dir/Users/mjrovai/pico/pico-sdk/src/rp2_common/pico_double/double_v1_rom_shim.S.obj
                0x0000000010004278                dunpacks
 .text.__aeabi_lmul
                0x00000000100042b4       0x32 CMakeFiles/app.dir/Users/mjrovai/pico/pico-sdk/src/rp2_common/pico_int64_ops/pico_int64_ops_aeabi.S.obj
                0x00000000100042b4                __wrap___aeabi_lmul
 *fill*         0x00000000100042e6        0x2 
 .text.__wrap___aeabi_farithmetic
                0x00000000100042e8       0x24 CMakeFiles/app.dir/Users/mjrovai/pico/pico-sdk/src/rp2_common/pico_float/float_aeabi.S.obj
                0x00000000100042e8                __wrap___aeabi_frsub
                0x00000000100042ee                __wrap___aeabi_fsub
                0x00000000100042f4                __wrap___aeabi_fadd
                0x00000000100042fa                __wrap___aeabi_fdiv
                0x0000000010004300                __wrap___aeabi_fmul
 .text.__wrap___aeabi_ui2f
                0x000000001000430c        0xa CMakeFiles/app.dir/Users/mjrovai/pico/pico-sdk/src/rp2_common/pico_float/float_aeabi.S.obj
                0x000000001000430c                __wrap___aeabi_ui2f
 *fill*         0x0000000010004316        0x2 
 .text.__wrap___aeabi_i2f
                0x0000000010004318       0x44 CMakeFiles/app.dir/Users/mjrovai/pico/pico-sdk/src/rp2_common/pico_float/float_aeabi.S.obj
                0x0000000010004318                __wrap___aeabi_i2f
 .text.__wrap___aeabi_f2d
                0x000000001000435c       0x14 CMakeFiles/app.dir/Users/mjrovai/pico/pico-sdk/src/rp2_common/pico_float/float_aeabi.S.obj
                0x000000001000435c                __wrap___aeabi_f2d
 .text.__aeabi_float_init
                0x0000000010004370       0x64 CMakeFiles/app.dir/Users/mjrovai/pico/pico-sdk/src/rp2_common/pico_float/float_init_rom.c.obj
                0x0000000010004370                __aeabi_float_init
 .text.float_table_shim_on_use_helper
                0x00000000100043d4       0x2c CMakeFiles/app.dir/Users/mjrovai/pico/pico-sdk/src/rp2_common/pico_float/float_v1_rom_shim.S.obj
                0x00000000100043d4                float_table_shim_on_use_helper
 .text.float2double_shim
                0x0000000010004400       0x30 CMakeFiles/app.dir/Users/mjrovai/pico/pico-sdk/src/rp2_common/pico_float/float_v1_rom_shim.S.obj
                0x0000000010004400                float2double_shim
 .text          0x0000000010004430       0x10 CMakeFiles/app.dir/Users/mjrovai/pico/pico-sdk/src/rp2_common/pico_mem_ops/mem_ops_aeabi.S.obj
                0x0000000010004430                __aeabi_mem_init
 .text.memset   0x0000000010004440        0xc CMakeFiles/app.dir/Users/mjrovai/pico/pico-sdk/src/rp2_common/pico_mem_ops/mem_ops_aeabi.S.obj
                0x0000000010004440                __wrap_memset
 .text.memcpy   0x000000001000444c        0xc CMakeFiles/app.dir/Users/mjrovai/pico/pico-sdk/src/rp2_common/pico_mem_ops/mem_ops_aeabi.S.obj
                0x000000001000444c                __wrap___aeabi_memcpy
                0x000000001000444c                __wrap_memcpy
 .text.stdio_out_chars_crlf.part.0
                0x0000000010004458       0x84 CMakeFiles/app.dir/Users/mjrovai/pico/pico-sdk/src/rp2_common/pico_stdio/stdio.c.obj
 .text.stdio_buffered_printer
                0x00000000100044dc       0x78 CMakeFiles/app.dir/Users/mjrovai/pico/pico-sdk/src/rp2_common/pico_stdio/stdio.c.obj
 .text.stdio_put_string
                0x0000000010004554      0x100 CMakeFiles/app.dir/Users/mjrovai/pico/pico-sdk/src/rp2_common/pico_stdio/stdio.c.obj
 .text.__wrap_putchar
                0x0000000010004654       0x1c CMakeFiles/app.dir/Users/mjrovai/pico/pico-sdk/src/rp2_common/pico_stdio/stdio.c.obj
                0x0000000010004654                __wrap_putchar
 .text.__wrap_puts
                0x0000000010004670       0x3c CMakeFiles/app.dir/Users/mjrovai/pico/pico-sdk/src/rp2_common/pico_stdio/stdio.c.obj
                0x0000000010004670                __wrap_puts
 .text.stdio_set_driver_enabled
                0x00000000100046ac       0x3c CMakeFiles/app.dir/Users/mjrovai/pico/pico-sdk/src/rp2_common/pico_stdio/stdio.c.obj
                0x00000000100046ac                stdio_set_driver_enabled
 .text.__wrap_vprintf
                0x00000000100046e8       0xe8 CMakeFiles/app.dir/Users/mjrovai/pico/pico-sdk/src/rp2_common/pico_stdio/stdio.c.obj
                0x00000000100046e8                __wrap_vprintf
 .text.__wrap_printf
                0x00000000100047d0       0x18 CMakeFiles/app.dir/Users/mjrovai/pico/pico-sdk/src/rp2_common/pico_stdio/stdio.c.obj
                0x00000000100047d0                __wrap_printf
 .text.stdio_init_all
                0x00000000100047e8        0x8 CMakeFiles/app.dir/Users/mjrovai/pico/pico-sdk/src/rp2_common/pico_stdio/stdio.c.obj
                0x00000000100047e8                stdio_init_all
 .text.resetd_init
                0x00000000100047f0        0x4 CMakeFiles/app.dir/Users/mjrovai/pico/pico-sdk/src/rp2_common/pico_stdio_usb/reset_interface.c.obj
 .text.resetd_reset
                0x00000000100047f4        0xc CMakeFiles/app.dir/Users/mjrovai/pico/pico-sdk/src/rp2_common/pico_stdio_usb/reset_interface.c.obj
 .text.resetd_open
                0x0000000010004800       0x28 CMakeFiles/app.dir/Users/mjrovai/pico/pico-sdk/src/rp2_common/pico_stdio_usb/reset_interface.c.obj
 .text.resetd_control_complete_cb
                0x0000000010004828        0x4 CMakeFiles/app.dir/Users/mjrovai/pico/pico-sdk/src/rp2_common/pico_stdio_usb/reset_interface.c.obj
 .text.resetd_xfer_cb
                0x000000001000482c        0x4 CMakeFiles/app.dir/Users/mjrovai/pico/pico-sdk/src/rp2_common/pico_stdio_usb/reset_interface.c.obj
 .text.resetd_control_request_cb
                0x0000000010004830       0x60 CMakeFiles/app.dir/Users/mjrovai/pico/pico-sdk/src/rp2_common/pico_stdio_usb/reset_interface.c.obj
 .text.usbd_app_driver_get_cb
                0x0000000010004890        0xc CMakeFiles/app.dir/Users/mjrovai/pico/pico-sdk/src/rp2_common/pico_stdio_usb/reset_interface.c.obj
                0x0000000010004890                usbd_app_driver_get_cb
 .text.tud_cdc_line_coding_cb
                0x000000001000489c       0x34 CMakeFiles/app.dir/Users/mjrovai/pico/pico-sdk/src/rp2_common/pico_stdio_usb/reset_interface.c.obj
                0x000000001000489c                tud_cdc_line_coding_cb
 .text.stdio_usb_in_chars
                0x00000000100048d0       0x68 CMakeFiles/app.dir/Users/mjrovai/pico/pico-sdk/src/rp2_common/pico_stdio_usb/stdio_usb.c.obj
                0x00000000100048d0                stdio_usb_in_chars
 .text.stdio_usb_out_chars
                0x0000000010004938       0xec CMakeFiles/app.dir/Users/mjrovai/pico/pico-sdk/src/rp2_common/pico_stdio_usb/stdio_usb.c.obj
 .text.timer_task
                0x0000000010004a24       0x10 CMakeFiles/app.dir/Users/mjrovai/pico/pico-sdk/src/rp2_common/pico_stdio_usb/stdio_usb.c.obj
 .text.low_priority_worker_irq
                0x0000000010004a34       0x24 CMakeFiles/app.dir/Users/mjrovai/pico/pico-sdk/src/rp2_common/pico_stdio_usb/stdio_usb.c.obj
 .text.stdio_usb_init
                0x0000000010004a58       0x90 CMakeFiles/app.dir/Users/mjrovai/pico/pico-sdk/src/rp2_common/pico_stdio_usb/stdio_usb.c.obj
                0x0000000010004a58                stdio_usb_init
 .text.tud_descriptor_device_cb
                0x0000000010004ae8        0x8 CMakeFiles/app.dir/Users/mjrovai/pico/pico-sdk/src/rp2_common/pico_stdio_usb/stdio_usb_descriptors.c.obj
                0x0000000010004ae8                tud_descriptor_device_cb
 .text.tud_descriptor_configuration_cb
                0x0000000010004af0        0x8 CMakeFiles/app.dir/Users/mjrovai/pico/pico-sdk/src/rp2_common/pico_stdio_usb/stdio_usb_descriptors.c.obj
                0x0000000010004af0                tud_descriptor_configuration_cb
 .text.tud_descriptor_string_cb
                0x0000000010004af8       0x5c CMakeFiles/app.dir/Users/mjrovai/pico/pico-sdk/src/rp2_common/pico_stdio_usb/stdio_usb_descriptors.c.obj
                0x0000000010004af8                tud_descriptor_string_cb
 .text.dcd_rp2040_irq
                0x0000000010004b54      0x130 CMakeFiles/app.dir/Users/mjrovai/pico/pico-sdk/lib/tinyusb/src/portable/raspberrypi/rp2040/dcd_rp2040.c.obj
 .text.dcd_int_enable
                0x0000000010004c84        0xc CMakeFiles/app.dir/Users/mjrovai/pico/pico-sdk/lib/tinyusb/src/portable/raspberrypi/rp2040/dcd_rp2040.c.obj
                0x0000000010004c84                dcd_int_enable
 .text.dcd_set_address
                0x0000000010004c90       0x30 CMakeFiles/app.dir/Users/mjrovai/pico/pico-sdk/lib/tinyusb/src/portable/raspberrypi/rp2040/dcd_rp2040.c.obj
                0x0000000010004c90                dcd_set_address
 .text.dcd_connect
                0x0000000010004cc0       0x10 CMakeFiles/app.dir/Users/mjrovai/pico/pico-sdk/lib/tinyusb/src/portable/raspberrypi/rp2040/dcd_rp2040.c.obj
                0x0000000010004cc0                dcd_connect
 .text.dcd_init
                0x0000000010004cd0       0xb0 CMakeFiles/app.dir/Users/mjrovai/pico/pico-sdk/lib/tinyusb/src/portable/raspberrypi/rp2040/dcd_rp2040.c.obj
                0x0000000010004cd0                dcd_init
 .text.dcd_edpt0_status_complete
                0x0000000010004d80       0x38 CMakeFiles/app.dir/Users/mjrovai/pico/pico-sdk/lib/tinyusb/src/portable/raspberrypi/rp2040/dcd_rp2040.c.obj
                0x0000000010004d80                dcd_edpt0_status_complete
 .text.dcd_edpt_open
                0x0000000010004db8      0x148 CMakeFiles/app.dir/Users/mjrovai/pico/pico-sdk/lib/tinyusb/src/portable/raspberrypi/rp2040/dcd_rp2040.c.obj
                0x0000000010004db8                dcd_edpt_open
 .text.dcd_edpt_xfer
                0x0000000010004f00       0x2c CMakeFiles/app.dir/Users/mjrovai/pico/pico-sdk/lib/tinyusb/src/portable/raspberrypi/rp2040/dcd_rp2040.c.obj
                0x0000000010004f00                dcd_edpt_xfer
 .text.dcd_edpt_stall
                0x0000000010004f2c       0x50 CMakeFiles/app.dir/Users/mjrovai/pico/pico-sdk/lib/tinyusb/src/portable/raspberrypi/rp2040/dcd_rp2040.c.obj
                0x0000000010004f2c                dcd_edpt_stall
 .text.dcd_edpt_clear_stall
                0x0000000010004f7c       0x50 CMakeFiles/app.dir/Users/mjrovai/pico/pico-sdk/lib/tinyusb/src/portable/raspberrypi/rp2040/dcd_rp2040.c.obj
                0x0000000010004f7c                dcd_edpt_clear_stall
 .text.rp2040_usb_init
                0x0000000010004fcc       0x50 CMakeFiles/app.dir/Users/mjrovai/pico/pico-sdk/lib/tinyusb/src/portable/raspberrypi/rp2040/rp2040_usb.c.obj
                0x0000000010004fcc                rp2040_usb_init
 .text.hw_endpoint_reset_transfer
                0x000000001000501c       0x14 CMakeFiles/app.dir/Users/mjrovai/pico/pico-sdk/lib/tinyusb/src/portable/raspberrypi/rp2040/rp2040_usb.c.obj
                0x000000001000501c                hw_endpoint_reset_transfer
 .text._hw_endpoint_buffer_control_update32
                0x0000000010005030       0x54 CMakeFiles/app.dir/Users/mjrovai/pico/pico-sdk/lib/tinyusb/src/portable/raspberrypi/rp2040/rp2040_usb.c.obj
                0x0000000010005030                _hw_endpoint_buffer_control_update32
 .text._hw_endpoint_xfer_continue
                0x0000000010005084      0x10c CMakeFiles/app.dir/Users/mjrovai/pico/pico-sdk/lib/tinyusb/src/portable/raspberrypi/rp2040/rp2040_usb.c.obj
                0x0000000010005084                _hw_endpoint_xfer_continue
 .text._hw_endpoint_xfer
                0x0000000010005190       0xc0 CMakeFiles/app.dir/Users/mjrovai/pico/pico-sdk/lib/tinyusb/src/portable/raspberrypi/rp2040/rp2040_usb.c.obj
                0x0000000010005190                _hw_endpoint_xfer
 .text.tud_mounted
                0x0000000010005250       0x10 CMakeFiles/app.dir/Users/mjrovai/pico/pico-sdk/lib/tinyusb/src/device/usbd.c.obj
                0x0000000010005250                tud_mounted
 .text.tud_suspended
                0x0000000010005260       0x10 CMakeFiles/app.dir/Users/mjrovai/pico/pico-sdk/lib/tinyusb/src/device/usbd.c.obj
                0x0000000010005260                tud_suspended
 .text.tud_init
                0x0000000010005270       0xb0 CMakeFiles/app.dir/Users/mjrovai/pico/pico-sdk/lib/tinyusb/src/device/usbd.c.obj
                0x0000000010005270                tud_init
 .text.tud_task
                0x0000000010005320      0x80c CMakeFiles/app.dir/Users/mjrovai/pico/pico-sdk/lib/tinyusb/src/device/usbd.c.obj
                0x0000000010005320                tud_task
 .text.dcd_event_bus_signal
                0x0000000010005b2c       0xe0 CMakeFiles/app.dir/Users/mjrovai/pico/pico-sdk/lib/tinyusb/src/device/usbd.c.obj
                0x0000000010005b2c                dcd_event_bus_signal
 .text.dcd_event_setup_received
                0x0000000010005c0c       0x50 CMakeFiles/app.dir/Users/mjrovai/pico/pico-sdk/lib/tinyusb/src/device/usbd.c.obj
                0x0000000010005c0c                dcd_event_setup_received
 .text.dcd_event_xfer_complete
                0x0000000010005c5c       0x68 CMakeFiles/app.dir/Users/mjrovai/pico/pico-sdk/lib/tinyusb/src/device/usbd.c.obj
                0x0000000010005c5c                dcd_event_xfer_complete
 .text.usbd_open_edpt_pair
                0x0000000010005cc4       0x68 CMakeFiles/app.dir/Users/mjrovai/pico/pico-sdk/lib/tinyusb/src/device/usbd.c.obj
                0x0000000010005cc4                usbd_open_edpt_pair
 .text.usbd_edpt_open
                0x0000000010005d2c        0x8 CMakeFiles/app.dir/Users/mjrovai/pico/pico-sdk/lib/tinyusb/src/device/usbd.c.obj
                0x0000000010005d2c                usbd_edpt_open
 .text.usbd_edpt_claim
                0x0000000010005d34       0x64 CMakeFiles/app.dir/Users/mjrovai/pico/pico-sdk/lib/tinyusb/src/device/usbd.c.obj
                0x0000000010005d34                usbd_edpt_claim
 .text.usbd_edpt_release
                0x0000000010005d98       0x4c CMakeFiles/app.dir/Users/mjrovai/pico/pico-sdk/lib/tinyusb/src/device/usbd.c.obj
                0x0000000010005d98                usbd_edpt_release
 .text.usbd_edpt_xfer
                0x0000000010005de4       0x48 CMakeFiles/app.dir/Users/mjrovai/pico/pico-sdk/lib/tinyusb/src/device/usbd.c.obj
                0x0000000010005de4                usbd_edpt_xfer
 .text.tud_control_status
                0x0000000010005e2c       0x30 CMakeFiles/app.dir/Users/mjrovai/pico/pico-sdk/lib/tinyusb/src/device/usbd_control.c.obj
                0x0000000010005e2c                tud_control_status
 .text.tud_control_xfer
                0x0000000010005e5c       0xb8 CMakeFiles/app.dir/Users/mjrovai/pico/pico-sdk/lib/tinyusb/src/device/usbd_control.c.obj
                0x0000000010005e5c                tud_control_xfer
 .text.usbd_control_reset
                0x0000000010005f14       0x14 CMakeFiles/app.dir/Users/mjrovai/pico/pico-sdk/lib/tinyusb/src/device/usbd_control.c.obj
                0x0000000010005f14                usbd_control_reset
 .text.usbd_control_set_complete_callback
                0x0000000010005f28        0xc CMakeFiles/app.dir/Users/mjrovai/pico/pico-sdk/lib/tinyusb/src/device/usbd_control.c.obj
                0x0000000010005f28                usbd_control_set_complete_callback
 .text.usbd_control_set_request
                0x0000000010005f34       0x1c CMakeFiles/app.dir/Users/mjrovai/pico/pico-sdk/lib/tinyusb/src/device/usbd_control.c.obj
                0x0000000010005f34                usbd_control_set_request
 .text.usbd_control_xfer_cb
                0x0000000010005f50       0xe8 CMakeFiles/app.dir/Users/mjrovai/pico/pico-sdk/lib/tinyusb/src/device/usbd_control.c.obj
                0x0000000010005f50                usbd_control_xfer_cb
 .text.tud_cdc_n_connected
                0x0000000010006038       0x34 CMakeFiles/app.dir/Users/mjrovai/pico/pico-sdk/lib/tinyusb/src/class/cdc/cdc_device.c.obj
                0x0000000010006038                tud_cdc_n_connected
 .text.tud_cdc_n_available
                0x000000001000606c       0x20 CMakeFiles/app.dir/Users/mjrovai/pico/pico-sdk/lib/tinyusb/src/class/cdc/cdc_device.c.obj
                0x000000001000606c                tud_cdc_n_available
 .text.tud_cdc_n_read
                0x000000001000608c       0x74 CMakeFiles/app.dir/Users/mjrovai/pico/pico-sdk/lib/tinyusb/src/class/cdc/cdc_device.c.obj
                0x000000001000608c                tud_cdc_n_read
 .text.tud_cdc_n_write_flush
                0x0000000010006100       0xa4 CMakeFiles/app.dir/Users/mjrovai/pico/pico-sdk/lib/tinyusb/src/class/cdc/cdc_device.c.obj
                0x0000000010006100                tud_cdc_n_write_flush
 .text.tud_cdc_n_write
                0x00000000100061a4       0x38 CMakeFiles/app.dir/Users/mjrovai/pico/pico-sdk/lib/tinyusb/src/class/cdc/cdc_device.c.obj
                0x00000000100061a4                tud_cdc_n_write
 .text.tud_cdc_n_write_available
                0x00000000100061dc       0x20 CMakeFiles/app.dir/Users/mjrovai/pico/pico-sdk/lib/tinyusb/src/class/cdc/cdc_device.c.obj
                0x00000000100061dc                tud_cdc_n_write_available
 .text.cdcd_init
                0x00000000100061fc       0x78 CMakeFiles/app.dir/Users/mjrovai/pico/pico-sdk/lib/tinyusb/src/class/cdc/cdc_device.c.obj
                0x00000000100061fc                cdcd_init
 .text.cdcd_reset
                0x0000000010006274       0x24 CMakeFiles/app.dir/Users/mjrovai/pico/pico-sdk/lib/tinyusb/src/class/cdc/cdc_device.c.obj
                0x0000000010006274                cdcd_reset
 .text.cdcd_open
                0x0000000010006298       0xec CMakeFiles/app.dir/Users/mjrovai/pico/pico-sdk/lib/tinyusb/src/class/cdc/cdc_device.c.obj
                0x0000000010006298                cdcd_open
 .text.cdcd_control_complete
                0x0000000010006384       0x44 CMakeFiles/app.dir/Users/mjrovai/pico/pico-sdk/lib/tinyusb/src/class/cdc/cdc_device.c.obj
                0x0000000010006384                cdcd_control_complete
 .text.cdcd_control_request
                0x00000000100063c8       0x68 CMakeFiles/app.dir/Users/mjrovai/pico/pico-sdk/lib/tinyusb/src/class/cdc/cdc_device.c.obj
                0x00000000100063c8                cdcd_control_request
 .text.cdcd_xfer_cb
                0x0000000010006430      0x1b4 CMakeFiles/app.dir/Users/mjrovai/pico/pico-sdk/lib/tinyusb/src/class/cdc/cdc_device.c.obj
                0x0000000010006430                cdcd_xfer_cb
 .text.tusb_init
                0x00000000100065e4       0x20 CMakeFiles/app.dir/Users/mjrovai/pico/pico-sdk/lib/tinyusb/src/tusb.c.obj
                0x00000000100065e4                tusb_init
 .text.tusb_inited
                0x0000000010006604        0xc CMakeFiles/app.dir/Users/mjrovai/pico/pico-sdk/lib/tinyusb/src/tusb.c.obj
                0x0000000010006604                tusb_inited
 .text.tu_fifo_config
                0x0000000010006610       0x78 CMakeFiles/app.dir/Users/mjrovai/pico/pico-sdk/lib/tinyusb/src/common/tusb_fifo.c.obj
                0x0000000010006610                tu_fifo_config
 .text.tu_fifo_count
                0x0000000010006688       0x18 CMakeFiles/app.dir/Users/mjrovai/pico/pico-sdk/lib/tinyusb/src/common/tusb_fifo.c.obj
                0x0000000010006688                tu_fifo_count
 .text.tu_fifo_remaining
                0x00000000100066a0       0x1c CMakeFiles/app.dir/Users/mjrovai/pico/pico-sdk/lib/tinyusb/src/common/tusb_fifo.c.obj
                0x00000000100066a0                tu_fifo_remaining
 .text.tu_fifo_read
                0x00000000100066bc       0xa8 CMakeFiles/app.dir/Users/mjrovai/pico/pico-sdk/lib/tinyusb/src/common/tusb_fifo.c.obj
                0x00000000100066bc                tu_fifo_read
 .text.tu_fifo_read_n
                0x0000000010006764       0xf0 CMakeFiles/app.dir/Users/mjrovai/pico/pico-sdk/lib/tinyusb/src/common/tusb_fifo.c.obj
                0x0000000010006764                tu_fifo_read_n
 .text.tu_fifo_write
                0x0000000010006854       0x84 CMakeFiles/app.dir/Users/mjrovai/pico/pico-sdk/lib/tinyusb/src/common/tusb_fifo.c.obj
                0x0000000010006854                tu_fifo_write
 .text.tu_fifo_write_n
                0x00000000100068d8       0xfc CMakeFiles/app.dir/Users/mjrovai/pico/pico-sdk/lib/tinyusb/src/common/tusb_fifo.c.obj
                0x00000000100068d8                tu_fifo_write_n
 .text.tu_fifo_clear
                0x00000000100069d4       0x2c CMakeFiles/app.dir/Users/mjrovai/pico/pico-sdk/lib/tinyusb/src/common/tusb_fifo.c.obj
                0x00000000100069d4                tu_fifo_clear
 .text.adc_init
                0x0000000010006a00       0x38 CMakeFiles/app.dir/Users/mjrovai/pico/pico-sdk/src/rp2_common/hardware_adc/adc.c.obj
                0x0000000010006a00                adc_init
 .text.strlen   0x0000000010006a38       0x5c /usr/local/Cellar/arm-none-eabi-gcc/9-2019-q4-major/gcc/bin/../lib/gcc/arm-none-eabi/9.2.1/../../../../arm-none-eabi/lib/thumb/v6-m/nofp/libc.a(lib_a-strlen-stub.o)
                0x0000000010006a38                strlen
 *(.fini)
 .fini          0x0000000010006a94        0x4 /usr/local/Cellar/arm-none-eabi-gcc/9-2019-q4-major/gcc/bin/../lib/gcc/arm-none-eabi/9.2.1/thumb/v6-m/nofp/crti.o
                0x0000000010006a94                _fini
 .fini.__stub   0x0000000010006a98       0x60 linker stubs
 *crtbegin.o(.ctors)
 *crtbegin?.o(.ctors)
 *(EXCLUDE_FILE(*crtend.o *crtend?.o) .ctors)
 *(SORT_BY_NAME(.ctors.*))
 *(.ctors)
 *crtbegin.o(.dtors)
 *crtbegin?.o(.dtors)
 *(EXCLUDE_FILE(*crtend.o *crtend?.o) .dtors)
 *(SORT_BY_NAME(.dtors.*))
 *(.dtors)
 *(.eh_frame*)
 .eh_frame      0x0000000010006af8        0x0 /usr/local/Cellar/arm-none-eabi-gcc/9-2019-q4-major/gcc/bin/../lib/gcc/arm-none-eabi/9.2.1/thumb/v6-m/nofp/crtbegin.o
                0x0000000010006af8                . = ALIGN (0x4)

.glue_7         0x0000000010006af8        0x0
 .glue_7        0x0000000010006af8        0x0 linker stubs

.glue_7t        0x0000000010006af8        0x0
 .glue_7t       0x0000000010006af8        0x0 linker stubs

.vfp11_veneer   0x0000000010006af8        0x0
 .vfp11_veneer  0x0000000010006af8        0x0 linker stubs

.v4_bx          0x0000000010006af8        0x0
 .v4_bx         0x0000000010006af8        0x0 linker stubs

.iplt           0x0000000010006af8        0x0
 .iplt          0x0000000010006af8        0x0 /usr/local/Cellar/arm-none-eabi-gcc/9-2019-q4-major/gcc/bin/../lib/gcc/arm-none-eabi/9.2.1/thumb/v6-m/nofp/crtbegin.o

.rodata         0x0000000010006af8      0x564
 *(EXCLUDE_FILE(*libm.a: *libc.a:*lib_a-mem*.o *libgcc.a:) .rodata*)
 .rodata.main.str1.4
                0x0000000010006af8        0x5 CMakeFiles/app.dir/main.cpp.obj
 *fill*         0x0000000010006afd        0x3 
 .rodata.spin_lock_claim_unused.str1.4
                0x0000000010006b00       0x1b CMakeFiles/app.dir/Users/mjrovai/pico/pico-sdk/src/rp2_common/hardware_sync/sync.c.obj
 *fill*         0x0000000010006b1b        0x1 
 .rodata.hardware_alarm_claim.str1.4
                0x0000000010006b1c       0x22 CMakeFiles/app.dir/Users/mjrovai/pico/pico-sdk/src/rp2_common/hardware_timer/timer.c.obj
 *fill*         0x0000000010006b3e        0x2 
 .rodata.panic.str1.4
                0x0000000010006b40       0x12 CMakeFiles/app.dir/Users/mjrovai/pico/pico-sdk/src/rp2_common/pico_runtime/runtime.c.obj
 *fill*         0x0000000010006b52        0x2 
 .rodata.hard_assertion_failure.str1.4
                0x0000000010006b54        0xc CMakeFiles/app.dir/Users/mjrovai/pico/pico-sdk/src/rp2_common/pico_runtime/runtime.c.obj
 .rodata._ftoa.str1.4
                0x0000000010006b60       0x15 CMakeFiles/app.dir/Users/mjrovai/pico/pico-sdk/src/rp2_common/pico_printf/printf.c.obj
 *fill*         0x0000000010006b75        0x3 
 .rodata._vsnprintf
                0x0000000010006b78      0x1e0 CMakeFiles/app.dir/Users/mjrovai/pico/pico-sdk/src/rp2_common/pico_printf/printf.c.obj
 .rodata.pow10.5446
                0x0000000010006d58       0x50 CMakeFiles/app.dir/Users/mjrovai/pico/pico-sdk/src/rp2_common/pico_printf/printf.c.obj
 .rodata.str1.4
                0x0000000010006da8       0x38 CMakeFiles/app.dir/Users/mjrovai/pico/pico-sdk/src/rp2_common/pico_standard_link/binary_info.c.obj
 .rodata.__bi_40
                0x0000000010006de0        0xc CMakeFiles/app.dir/Users/mjrovai/pico/pico-sdk/src/rp2_common/pico_standard_link/binary_info.c.obj
 .rodata.__bi_71
                0x0000000010006dec        0xc CMakeFiles/app.dir/Users/mjrovai/pico/pico-sdk/src/rp2_common/pico_standard_link/binary_info.c.obj
 .rodata.__bi_77
                0x0000000010006df8        0xc CMakeFiles/app.dir/Users/mjrovai/pico/pico-sdk/src/rp2_common/pico_standard_link/binary_info.c.obj
 .rodata.crlf_str.5866
                0x0000000010006e04        0x2 CMakeFiles/app.dir/Users/mjrovai/pico/pico-sdk/src/rp2_common/pico_stdio/stdio.c.obj
 *fill*         0x0000000010006e06        0x2 
 .rodata._resetd_driver
                0x0000000010006e08       0x1c CMakeFiles/app.dir/Users/mjrovai/pico/pico-sdk/src/rp2_common/pico_stdio_usb/reset_interface.c.obj
 .rodata.str1.4
                0x0000000010006e24       0x13 CMakeFiles/app.dir/Users/mjrovai/pico/pico-sdk/src/rp2_common/pico_stdio_usb/stdio_usb.c.obj
 *fill*         0x0000000010006e37        0x1 
 .rodata.__bi_92.7029
                0x0000000010006e38        0xc CMakeFiles/app.dir/Users/mjrovai/pico/pico-sdk/src/rp2_common/pico_stdio_usb/stdio_usb.c.obj
 .rodata.str1.4
                0x0000000010006e44       0x3a CMakeFiles/app.dir/Users/mjrovai/pico/pico-sdk/src/rp2_common/pico_stdio_usb/stdio_usb_descriptors.c.obj
 *fill*         0x0000000010006e7e        0x2 
 .rodata.usbd_desc_cfg
                0x0000000010006e80       0x54 CMakeFiles/app.dir/Users/mjrovai/pico/pico-sdk/src/rp2_common/pico_stdio_usb/stdio_usb_descriptors.c.obj
 .rodata.usbd_desc_device
                0x0000000010006ed4       0x12 CMakeFiles/app.dir/Users/mjrovai/pico/pico-sdk/src/rp2_common/pico_stdio_usb/stdio_usb_descriptors.c.obj
 *fill*         0x0000000010006ee6        0x2 
 .rodata.usbd_desc_str
                0x0000000010006ee8       0x18 CMakeFiles/app.dir/Users/mjrovai/pico/pico-sdk/src/rp2_common/pico_stdio_usb/stdio_usb_descriptors.c.obj
 .rodata.dcd_rp2040_irq.str1.4
                0x0000000010006f00       0x14 CMakeFiles/app.dir/Users/mjrovai/pico/pico-sdk/lib/tinyusb/src/portable/raspberrypi/rp2040/dcd_rp2040.c.obj
 .rodata.dcd_edpt_open.str1.4
                0x0000000010006f14       0x28 CMakeFiles/app.dir/Users/mjrovai/pico/pico-sdk/lib/tinyusb/src/portable/raspberrypi/rp2040/dcd_rp2040.c.obj
 .rodata._hw_endpoint_buffer_control_update32.str1.4
                0x0000000010006f3c       0x1f CMakeFiles/app.dir/Users/mjrovai/pico/pico-sdk/lib/tinyusb/src/portable/raspberrypi/rp2040/rp2040_usb.c.obj
 *fill*         0x0000000010006f5b        0x1 
 .rodata._hw_endpoint_xfer_continue.str1.4
                0x0000000010006f5c       0x50 CMakeFiles/app.dir/Users/mjrovai/pico/pico-sdk/lib/tinyusb/src/portable/raspberrypi/rp2040/rp2040_usb.c.obj
 .rodata.str1.4
                0x0000000010006fac        0x7 CMakeFiles/app.dir/Users/mjrovai/pico/pico-sdk/lib/tinyusb/src/portable/raspberrypi/rp2040/rp2040_usb.c.obj
 *fill*         0x0000000010006fb3        0x1 
 .rodata.tud_task
                0x0000000010006fb4       0x8c CMakeFiles/app.dir/Users/mjrovai/pico/pico-sdk/lib/tinyusb/src/device/usbd.c.obj
 .rodata._usbd_driver
                0x0000000010007040       0x1c CMakeFiles/app.dir/Users/mjrovai/pico/pico-sdk/lib/tinyusb/src/device/usbd.c.obj
                0x000000001000705c                . = ALIGN (0x4)
 *(SORT_BY_ALIGNMENT(SORT_BY_NAME(.flashdata*)))
                0x000000001000705c                . = ALIGN (0x4)

.rel.dyn        0x000000001000705c        0x0
 .rel.iplt      0x000000001000705c        0x0 /usr/local/Cellar/arm-none-eabi-gcc/9-2019-q4-major/gcc/bin/../lib/gcc/arm-none-eabi/9.2.1/thumb/v6-m/nofp/crtbegin.o

.ARM.extab
 *(.ARM.extab* .gnu.linkonce.armextab.*)
                0x000000001000705c                __exidx_start = .

.ARM.exidx
 *(.ARM.exidx* .gnu.linkonce.armexidx.*)
                0x000000001000705c                __exidx_end = .
                0x000000001000705c                . = ALIGN (0x4)
                0x000000001000705c                __binary_info_start = .

.binary_info    0x000000001000705c       0x20
 *(.binary_info.keep.*)
 .binary_info.keep.__bi_ptr18
                0x000000001000705c        0x4 CMakeFiles/app.dir/Users/mjrovai/pico/pico-sdk/src/rp2_common/pico_standard_link/binary_info.c.obj
 .binary_info.keep.__bi_ptr26
                0x0000000010007060        0x4 CMakeFiles/app.dir/Users/mjrovai/pico/pico-sdk/src/rp2_common/pico_standard_link/binary_info.c.obj
 .binary_info.keep.__bi_ptr34
                0x0000000010007064        0x4 CMakeFiles/app.dir/Users/mjrovai/pico/pico-sdk/src/rp2_common/pico_standard_link/binary_info.c.obj
 .binary_info.keep.__bi_ptr40
                0x0000000010007068        0x4 CMakeFiles/app.dir/Users/mjrovai/pico/pico-sdk/src/rp2_common/pico_standard_link/binary_info.c.obj
 .binary_info.keep.__bi_ptr46
                0x000000001000706c        0x4 CMakeFiles/app.dir/Users/mjrovai/pico/pico-sdk/src/rp2_common/pico_standard_link/binary_info.c.obj
 .binary_info.keep.__bi_ptr71
                0x0000000010007070        0x4 CMakeFiles/app.dir/Users/mjrovai/pico/pico-sdk/src/rp2_common/pico_standard_link/binary_info.c.obj
 .binary_info.keep.__bi_ptr77
                0x0000000010007074        0x4 CMakeFiles/app.dir/Users/mjrovai/pico/pico-sdk/src/rp2_common/pico_standard_link/binary_info.c.obj
 *(.binary_info.*)
 .binary_info.__bi_ptr92
                0x0000000010007078        0x4 CMakeFiles/app.dir/Users/mjrovai/pico/pico-sdk/src/rp2_common/pico_stdio_usb/stdio_usb.c.obj
                0x000000001000707c                __binary_info_end = .
                0x000000001000707c                . = ALIGN (0x4)
                0x000000001000707c                __etext = .

.ram_vector_table
                0x0000000020000000       0xc0
 *(.ram_vector_table)
 .ram_vector_table
                0x0000000020000000       0xc0 CMakeFiles/app.dir/Users/mjrovai/pico/pico-sdk/src/rp2_common/pico_runtime/runtime.c.obj
                0x0000000020000000                ram_vector_table

.data           0x00000000200000c0      0x280 load address 0x000000001000707c
                0x00000000200000c0                __data_start__ = .
 *(vtable)
 *(.time_critical*)
 .time_critical.mutex_enter_blocking
                0x00000000200000c0       0x4c CMakeFiles/app.dir/Users/mjrovai/pico/pico-sdk/src/common/pico_sync/mutex.c.obj
                0x00000000200000c0                mutex_enter_blocking
 .time_critical.mutex_try_enter
                0x000000002000010c       0x48 CMakeFiles/app.dir/Users/mjrovai/pico/pico-sdk/src/common/pico_sync/mutex.c.obj
                0x000000002000010c                mutex_try_enter
 .time_critical.mutex_enter_timeout_ms
                0x0000000020000154       0x98 CMakeFiles/app.dir/Users/mjrovai/pico/pico-sdk/src/common/pico_sync/mutex.c.obj
                0x0000000020000154                mutex_enter_timeout_ms
 .time_critical.mutex_exit
                0x00000000200001ec       0x28 CMakeFiles/app.dir/Users/mjrovai/pico/pico-sdk/src/common/pico_sync/mutex.c.obj
                0x00000000200001ec                mutex_exit
 *(.text*)
 .text          0x0000000020000214        0x4 /usr/local/Cellar/arm-none-eabi-gcc/9-2019-q4-major/gcc/bin/../lib/gcc/arm-none-eabi/9.2.1/thumb/v6-m/nofp/libgcc.a(_dvmd_tls.o)
                0x0000000020000214                __aeabi_ldiv0
                0x0000000020000214                __aeabi_idiv0
 .text.__stub   0x0000000020000218       0x30 linker stubs
                0x0000000020000248                . = ALIGN (0x4)
 *(.rodata*)
                0x0000000020000248                . = ALIGN (0x4)
 *(.data*)
 .data.striped_spin_lock_num
                0x0000000020000248        0x1 CMakeFiles/app.dir/Users/mjrovai/pico/pico-sdk/src/rp2_common/hardware_sync/sync.c.obj
 *fill*         0x0000000020000249        0x3 
 .data.default_alarm_pool
                0x000000002000024c       0x18 CMakeFiles/app.dir/Users/mjrovai/pico/pico-sdk/src/common/pico_time/time.c.obj
 .data.default_alarm_pool_heap
                0x0000000020000264       0x10 CMakeFiles/app.dir/Users/mjrovai/pico/pico-sdk/src/common/pico_time/time.c.obj
 .data          0x0000000020000274       0x48 CMakeFiles/app.dir/Users/mjrovai/pico/pico-sdk/src/rp2_common/hardware_irq/irq_handler_chain.S.obj
                0x0000000020000274                irq_handler_chain_slots
                0x00000000200002a4                irq_handler_chain_first_slot
                0x00000000200002ae                irq_handler_chain_remove_tail
 *fill*         0x00000000200002bc        0x4 
 .data.aeabi_bits_funcs
                0x00000000200002c0       0x10 CMakeFiles/app.dir/Users/mjrovai/pico/pico-sdk/src/rp2_common/pico_bit_ops/bit_ops_aeabi.S.obj
                0x00000000200002c0                aeabi_bits_funcs
                0x00000000200002d0                aeabi_bits_funcs_end
 .data.aeabi_mem_funcs
                0x00000000200002d0       0x10 CMakeFiles/app.dir/Users/mjrovai/pico/pico-sdk/src/rp2_common/pico_mem_ops/mem_ops_aeabi.S.obj
                0x00000000200002d0                aeabi_mem_funcs
                0x00000000200002e0                aeabi_mem_funcs_end
 .data.stdio_usb
                0x00000000200002e0       0x14 CMakeFiles/app.dir/Users/mjrovai/pico/pico-sdk/src/rp2_common/pico_stdio_usb/stdio_usb.c.obj
                0x00000000200002e0                stdio_usb
 .data.ep_dir_string
                0x00000000200002f4        0x8 CMakeFiles/app.dir/Users/mjrovai/pico/pico-sdk/lib/tinyusb/src/portable/raspberrypi/rp2040/rp2040_usb.c.obj
                0x00000000200002f4                ep_dir_string
 .data._usbd_qdef
                0x00000000200002fc       0x20 CMakeFiles/app.dir/Users/mjrovai/pico/pico-sdk/lib/tinyusb/src/device/usbd.c.obj
                0x00000000200002fc                _usbd_qdef
                0x000000002000031c                . = ALIGN (0x4)
 *(.after_data.*)
                0x000000002000031c                . = ALIGN (0x4)
                0x000000002000031c                PROVIDE (__mutex_array_start = .)
 *(SORT_BY_NAME(.mutex_array.*))
 *(.mutex_array)
 .mutex_array   0x000000002000031c        0x8 CMakeFiles/app.dir/Users/mjrovai/pico/pico-sdk/src/rp2_common/pico_malloc/pico_malloc.c.obj
 .mutex_array   0x0000000020000324        0x8 CMakeFiles/app.dir/Users/mjrovai/pico/pico-sdk/src/rp2_common/pico_stdio/stdio.c.obj
                0x000000002000032c                PROVIDE (__mutex_array_end = .)
                0x000000002000032c                . = ALIGN (0x4)
                0x000000002000032c                PROVIDE (__preinit_array_start = .)
 *(SORT_BY_NAME(.preinit_array.*))
 .preinit_array.00001
                0x000000002000032c        0x4 CMakeFiles/app.dir/Users/mjrovai/pico/pico-sdk/src/rp2_common/pico_mem_ops/mem_ops_aeabi.S.obj
 .preinit_array.00010
                0x0000000020000330        0x4 CMakeFiles/app.dir/Users/mjrovai/pico/pico-sdk/src/rp2_common/pico_bit_ops/bit_ops_aeabi.S.obj
 .preinit_array.00020
                0x0000000020000334        0x4 CMakeFiles/app.dir/Users/mjrovai/pico/pico-sdk/src/rp2_common/pico_double/double_aeabi.S.obj
 .preinit_array.00020
                0x0000000020000338        0x4 CMakeFiles/app.dir/Users/mjrovai/pico/pico-sdk/src/rp2_common/pico_float/float_aeabi.S.obj
 *(.preinit_array)
                0x000000002000033c                PROVIDE (__preinit_array_end = .)
                0x000000002000033c                . = ALIGN (0x4)
                0x000000002000033c                PROVIDE (__init_array_start = .)
 *(SORT_BY_NAME(.init_array.*))
 *(.init_array)
 .init_array    0x000000002000033c        0x4 /usr/local/Cellar/arm-none-eabi-gcc/9-2019-q4-major/gcc/bin/../lib/gcc/arm-none-eabi/9.2.1/thumb/v6-m/nofp/crtbegin.o
                0x0000000020000340                PROVIDE (__init_array_end = .)
                0x0000000020000340                . = ALIGN (0x4)
                [!provide]                        PROVIDE (__fini_array_start = .)
 *(SORT_BY_NAME(.fini_array.*))
 *(.fini_array)
                [!provide]                        PROVIDE (__fini_array_end = .)
 *(.jcr)
                0x0000000020000340                . = ALIGN (0x4)
                0x0000000020000340                __data_end__ = .

.igot.plt       0x0000000020000340        0x0 load address 0x00000000100072fc
 .igot.plt      0x0000000020000340        0x0 /usr/local/Cellar/arm-none-eabi-gcc/9-2019-q4-major/gcc/bin/../lib/gcc/arm-none-eabi/9.2.1/thumb/v6-m/nofp/crtbegin.o

.uninitialized_data
                0x0000000020000340        0x0 load address 0x00000000100072fc
                0x0000000020000340                . = ALIGN (0x4)
 *(.uninitialized_data*)

.scratch_x      0x0000000020040000        0x0 load address 0x00000000100072fc
                0x0000000020040000                __scratch_x_start__ = .
 *(.scratch_x.*)
                0x0000000020040000                . = ALIGN (0x4)
                0x0000000020040000                __scratch_x_end__ = .
                0x00000000100072fc                __scratch_x_source__ = LOADADDR (.scratch_x)

.scratch_y      0x0000000020041000        0x0 load address 0x00000000100072fc
                0x0000000020041000                __scratch_y_start__ = .
 *(.scratch_y.*)
                0x0000000020041000                . = ALIGN (0x4)
                0x0000000020041000                __scratch_y_end__ = .
                0x00000000100072fc                __scratch_y_source__ = LOADADDR (.scratch_y)

.bss            0x0000000020000340      0xec0
                0x0000000020000340                . = ALIGN (0x4)
                0x0000000020000340                __bss_start__ = .
 *(SORT_BY_ALIGNMENT(SORT_BY_NAME(.bss*)))
 .bss.default_alarm_pool_entries
                0x0000000020000340      0x100 CMakeFiles/app.dir/Users/mjrovai/pico/pico-sdk/src/common/pico_time/time.c.obj
 .bss.last_avail_time.7008
                0x0000000020000440        0x8 CMakeFiles/app.dir/Users/mjrovai/pico/pico-sdk/src/rp2_common/pico_stdio_usb/stdio_usb.c.obj
 .bss           0x0000000020000448       0x1c /usr/local/Cellar/arm-none-eabi-gcc/9-2019-q4-major/gcc/bin/../lib/gcc/arm-none-eabi/9.2.1/thumb/v6-m/nofp/crtbegin.o
 .bss._app_driver
                0x0000000020000464        0x4 CMakeFiles/app.dir/Users/mjrovai/pico/pico-sdk/lib/tinyusb/src/device/usbd.c.obj
 .bss._cdcd_itf
                0x0000000020000468      0x2d0 CMakeFiles/app.dir/Users/mjrovai/pico/pico-sdk/lib/tinyusb/src/class/cdc/cdc_device.c.obj
 .bss._ctrl_xfer
                0x0000000020000738       0x14 CMakeFiles/app.dir/Users/mjrovai/pico/pico-sdk/lib/tinyusb/src/device/usbd_control.c.obj
 .bss._ubsd_mutexdef
                0x000000002000074c        0x8 CMakeFiles/app.dir/Users/mjrovai/pico/pico-sdk/lib/tinyusb/src/device/usbd.c.obj
 .bss._usbd_ctrl_buf
                0x0000000020000754       0x40 CMakeFiles/app.dir/Users/mjrovai/pico/pico-sdk/lib/tinyusb/src/device/usbd_control.c.obj
 .bss._usbd_dev
                0x0000000020000794       0x37 CMakeFiles/app.dir/Users/mjrovai/pico/pico-sdk/lib/tinyusb/src/device/usbd.c.obj
 *fill*         0x00000000200007cb        0x1 
 .bss._usbd_mutex
                0x00000000200007cc        0x4 CMakeFiles/app.dir/Users/mjrovai/pico/pico-sdk/lib/tinyusb/src/device/usbd.c.obj
 .bss._usbd_q   0x00000000200007d0        0x4 CMakeFiles/app.dir/Users/mjrovai/pico/pico-sdk/lib/tinyusb/src/device/usbd.c.obj
 .bss.alarm_callbacks
                0x00000000200007d4       0x10 CMakeFiles/app.dir/Users/mjrovai/pico/pico-sdk/src/rp2_common/hardware_timer/timer.c.obj
 .bss.claimed   0x00000000200007e4        0x4 CMakeFiles/app.dir/Users/mjrovai/pico/pico-sdk/src/rp2_common/hardware_sync/sync.c.obj
 .bss.configured_freq
                0x00000000200007e8       0x28 CMakeFiles/app.dir/Users/mjrovai/pico/pico-sdk/src/rp2_common/hardware_clocks/clocks.c.obj
 .bss.default_alarm_pool_entry_ids_high
                0x0000000020000810       0x10 CMakeFiles/app.dir/Users/mjrovai/pico/pico-sdk/src/common/pico_time/time.c.obj
 .bss.default_alarm_pool_heap_nodes
                0x0000000020000820       0x30 CMakeFiles/app.dir/Users/mjrovai/pico/pico-sdk/src/common/pico_time/time.c.obj
 .bss.desc_str.6904
                0x0000000020000850       0x28 CMakeFiles/app.dir/Users/mjrovai/pico/pico-sdk/src/rp2_common/pico_stdio_usb/stdio_usb_descriptors.c.obj
 .bss.drivers   0x0000000020000878        0x4 CMakeFiles/app.dir/Users/mjrovai/pico/pico-sdk/src/rp2_common/pico_stdio/stdio.c.obj
 .bss.filter    0x000000002000087c        0x4 CMakeFiles/app.dir/Users/mjrovai/pico/pico-sdk/src/rp2_common/pico_stdio/stdio.c.obj
 .bss.hw_endpoints
                0x0000000020000880      0x680 CMakeFiles/app.dir/Users/mjrovai/pico/pico-sdk/lib/tinyusb/src/portable/raspberrypi/rp2040/dcd_rp2040.c.obj
 .bss.lazy_vsnprintf
                0x0000000020000f00        0x4 CMakeFiles/app.dir/Users/mjrovai/pico/pico-sdk/src/rp2_common/pico_printf/printf.c.obj
 .bss.load_value
                0x0000000020000f04        0x4 CMakeFiles/app.dir/Users/mjrovai/pico/pico-sdk/src/rp2_common/hardware_watchdog/watchdog.c.obj
 .bss.next_buffer_ptr
                0x0000000020000f08        0x4 CMakeFiles/app.dir/Users/mjrovai/pico/pico-sdk/lib/tinyusb/src/portable/raspberrypi/rp2040/dcd_rp2040.c.obj
 .bss.pools     0x0000000020000f0c       0x10 CMakeFiles/app.dir/Users/mjrovai/pico/pico-sdk/src/common/pico_time/time.c.obj
 .bss.stdio_usb_mutex
                0x0000000020000f1c        0x8 CMakeFiles/app.dir/Users/mjrovai/pico/pico-sdk/src/rp2_common/pico_stdio_usb/stdio_usb.c.obj
 .bss.target_hi
                0x0000000020000f24       0x10 CMakeFiles/app.dir/Users/mjrovai/pico/pico-sdk/src/rp2_common/hardware_timer/timer.c.obj
 .bss._app_driver_count
                0x0000000020000f34        0x1 CMakeFiles/app.dir/Users/mjrovai/pico/pico-sdk/lib/tinyusb/src/device/usbd.c.obj
 .bss._initialized
                0x0000000020000f35        0x1 CMakeFiles/app.dir/Users/mjrovai/pico/pico-sdk/lib/tinyusb/src/tusb.c.obj
 .bss.assigned_address
                0x0000000020000f36        0x1 CMakeFiles/app.dir/Users/mjrovai/pico/pico-sdk/lib/tinyusb/src/portable/raspberrypi/rp2040/dcd_rp2040.c.obj
 .bss.claimed   0x0000000020000f37        0x1 CMakeFiles/app.dir/Users/mjrovai/pico/pico-sdk/src/rp2_common/hardware_timer/timer.c.obj
 .bss.irq_hander_chain_free_slot_head
                0x0000000020000f38        0x1 CMakeFiles/app.dir/Users/mjrovai/pico/pico-sdk/src/rp2_common/hardware_irq/irq.c.obj
 .bss.itf_num   0x0000000020000f39        0x1 CMakeFiles/app.dir/Users/mjrovai/pico/pico-sdk/src/rp2_common/pico_stdio_usb/reset_interface.c.obj
 .bss.timer_callbacks_pending
                0x0000000020000f3a        0x1 CMakeFiles/app.dir/Users/mjrovai/pico/pico-sdk/src/rp2_common/hardware_timer/timer.c.obj
 *(COMMON)
 *fill*         0x0000000020000f3b        0x1 
 COMMON         0x0000000020000f3c      0x100 CMakeFiles/app.dir/Users/mjrovai/pico/pico-sdk/src/rp2_common/pico_double/double_init_rom.c.obj
                0x0000000020000f3c                sd_table
 COMMON         0x000000002000103c      0x104 CMakeFiles/app.dir/Users/mjrovai/pico/pico-sdk/src/rp2_common/pico_float/float_init_rom.c.obj
                0x000000002000103c                sf_table
                0x000000002000113c                sf_clz_func
 COMMON         0x0000000020001140       0xc0 CMakeFiles/app.dir/Users/mjrovai/pico/pico-sdk/lib/tinyusb/src/device/usbd.c.obj
                0x0000000020001140                _usbd_qdef_buf
                0x0000000020001200                . = ALIGN (0x4)
                0x0000000020001200                __bss_end__ = .

.heap           0x0000000020001200      0x800
                0x0000000020001200                __end__ = .
                0x0000000020001200                end = __end__
 *(.heap*)
 .heap          0x0000000020001200      0x800 CMakeFiles/app.dir/Users/mjrovai/pico/pico-sdk/src/rp2_common/pico_standard_link/crt0.S.obj
                0x0000000020001a00                __HeapLimit = .

.stack1_dummy   0x0000000020040000      0x800
 *(.stack1*)
 .stack1        0x0000000020040000      0x800 CMakeFiles/app.dir/Users/mjrovai/pico/pico-sdk/src/rp2_common/pico_multicore/multicore.c.obj

.stack_dummy    0x0000000020041000      0x800
 *(.stack*)
 .stack         0x0000000020041000      0x800 CMakeFiles/app.dir/Users/mjrovai/pico/pico-sdk/src/rp2_common/pico_standard_link/crt0.S.obj

.flash_end      0x00000000100072fc        0x0
                0x00000000100072fc                __flash_binary_end = .
                0x0000000020040000                __StackLimit = (ORIGIN (RAM) + LENGTH (RAM))
                0x0000000020041000                __StackOneTop = (ORIGIN (SCRATCH_X) + LENGTH (SCRATCH_X))
                0x0000000020042000                __StackTop = (ORIGIN (SCRATCH_Y) + LENGTH (SCRATCH_Y))
                0x0000000020040800                __StackOneBottom = (__StackOneTop - SIZEOF (.stack1_dummy))
                0x0000000020041800                __StackBottom = (__StackTop - SIZEOF (.stack_dummy))
                0x0000000020042000                PROVIDE (__stack = __StackTop)
                0x0000000000000001                ASSERT ((__StackLimit >= __HeapLimit), region RAM overflowed)
                0x0000000000000001                ASSERT (((__binary_info_header_end - __logical_binary_start) <= 0x100), Binary info must be in first 256 bytes of the binary)
LOAD CMakeFiles/app.dir/main.cpp.obj
LOAD CMakeFiles/app.dir/Users/mjrovai/pico/pico-sdk/src/rp2_common/pico_multicore/multicore.c.obj
LOAD CMakeFiles/app.dir/Users/mjrovai/pico/pico-sdk/src/common/pico_sync/sem.c.obj
LOAD CMakeFiles/app.dir/Users/mjrovai/pico/pico-sdk/src/common/pico_sync/lock_core.c.obj
LOAD CMakeFiles/app.dir/Users/mjrovai/pico/pico-sdk/src/rp2_common/hardware_sync/sync.c.obj
LOAD CMakeFiles/app.dir/Users/mjrovai/pico/pico-sdk/src/rp2_common/hardware_claim/claim.c.obj
LOAD CMakeFiles/app.dir/Users/mjrovai/pico/pico-sdk/src/rp2_common/pico_platform/platform.c.obj
LOAD CMakeFiles/app.dir/Users/mjrovai/pico/pico-sdk/src/common/pico_time/time.c.obj
LOAD CMakeFiles/app.dir/Users/mjrovai/pico/pico-sdk/src/common/pico_time/timeout_helper.c.obj
LOAD CMakeFiles/app.dir/Users/mjrovai/pico/pico-sdk/src/rp2_common/hardware_timer/timer.c.obj
LOAD CMakeFiles/app.dir/Users/mjrovai/pico/pico-sdk/src/common/pico_util/datetime.c.obj
LOAD CMakeFiles/app.dir/Users/mjrovai/pico/pico-sdk/src/common/pico_util/pheap.c.obj
LOAD CMakeFiles/app.dir/Users/mjrovai/pico/pico-sdk/src/common/pico_util/queue.c.obj
LOAD CMakeFiles/app.dir/Users/mjrovai/pico/pico-sdk/src/common/pico_sync/mutex.c.obj
LOAD CMakeFiles/app.dir/Users/mjrovai/pico/pico-sdk/src/common/pico_sync/critical_section.c.obj
LOAD CMakeFiles/app.dir/Users/mjrovai/pico/pico-sdk/src/rp2_common/pico_stdlib/stdlib.c.obj
LOAD CMakeFiles/app.dir/Users/mjrovai/pico/pico-sdk/src/rp2_common/hardware_gpio/gpio.c.obj
LOAD CMakeFiles/app.dir/Users/mjrovai/pico/pico-sdk/src/rp2_common/hardware_uart/uart.c.obj
LOAD CMakeFiles/app.dir/Users/mjrovai/pico/pico-sdk/src/rp2_common/hardware_divider/divider.S.obj
LOAD CMakeFiles/app.dir/Users/mjrovai/pico/pico-sdk/src/rp2_common/pico_runtime/runtime.c.obj
LOAD CMakeFiles/app.dir/Users/mjrovai/pico/pico-sdk/src/rp2_common/hardware_clocks/clocks.c.obj
LOAD CMakeFiles/app.dir/Users/mjrovai/pico/pico-sdk/src/rp2_common/hardware_watchdog/watchdog.c.obj
LOAD CMakeFiles/app.dir/Users/mjrovai/pico/pico-sdk/src/rp2_common/hardware_xosc/xosc.c.obj
LOAD CMakeFiles/app.dir/Users/mjrovai/pico/pico-sdk/src/rp2_common/hardware_pll/pll.c.obj
LOAD CMakeFiles/app.dir/Users/mjrovai/pico/pico-sdk/src/rp2_common/hardware_vreg/vreg.c.obj
LOAD CMakeFiles/app.dir/Users/mjrovai/pico/pico-sdk/src/rp2_common/hardware_irq/irq.c.obj
LOAD CMakeFiles/app.dir/Users/mjrovai/pico/pico-sdk/src/rp2_common/hardware_irq/irq_handler_chain.S.obj
LOAD CMakeFiles/app.dir/Users/mjrovai/pico/pico-sdk/src/rp2_common/pico_printf/printf.c.obj
LOAD CMakeFiles/app.dir/Users/mjrovai/pico/pico-sdk/src/rp2_common/pico_bit_ops/bit_ops_aeabi.S.obj
LOAD CMakeFiles/app.dir/Users/mjrovai/pico/pico-sdk/src/rp2_common/pico_bootrom/bootrom.c.obj
LOAD CMakeFiles/app.dir/Users/mjrovai/pico/pico-sdk/src/rp2_common/pico_divider/divider.S.obj
LOAD CMakeFiles/app.dir/Users/mjrovai/pico/pico-sdk/src/rp2_common/pico_double/double_aeabi.S.obj
LOAD CMakeFiles/app.dir/Users/mjrovai/pico/pico-sdk/src/rp2_common/pico_double/double_init_rom.c.obj
LOAD CMakeFiles/app.dir/Users/mjrovai/pico/pico-sdk/src/rp2_common/pico_double/double_math.c.obj
LOAD CMakeFiles/app.dir/Users/mjrovai/pico/pico-sdk/src/rp2_common/pico_double/double_v1_rom_shim.S.obj
LOAD CMakeFiles/app.dir/Users/mjrovai/pico/pico-sdk/src/rp2_common/pico_int64_ops/pico_int64_ops_aeabi.S.obj
LOAD CMakeFiles/app.dir/Users/mjrovai/pico/pico-sdk/src/rp2_common/pico_float/float_aeabi.S.obj
LOAD CMakeFiles/app.dir/Users/mjrovai/pico/pico-sdk/src/rp2_common/pico_float/float_init_rom.c.obj
LOAD CMakeFiles/app.dir/Users/mjrovai/pico/pico-sdk/src/rp2_common/pico_float/float_math.c.obj
LOAD CMakeFiles/app.dir/Users/mjrovai/pico/pico-sdk/src/rp2_common/pico_float/float_v1_rom_shim.S.obj
LOAD CMakeFiles/app.dir/Users/mjrovai/pico/pico-sdk/src/rp2_common/pico_malloc/pico_malloc.c.obj
LOAD CMakeFiles/app.dir/Users/mjrovai/pico/pico-sdk/src/rp2_common/pico_mem_ops/mem_ops_aeabi.S.obj
LOAD CMakeFiles/app.dir/Users/mjrovai/pico/pico-sdk/src/rp2_common/pico_standard_link/crt0.S.obj
LOAD CMakeFiles/app.dir/Users/mjrovai/pico/pico-sdk/src/rp2_common/pico_standard_link/new_delete.cpp.obj
LOAD CMakeFiles/app.dir/Users/mjrovai/pico/pico-sdk/src/rp2_common/pico_standard_link/binary_info.c.obj
LOAD CMakeFiles/app.dir/Users/mjrovai/pico/pico-sdk/src/rp2_common/pico_stdio/stdio.c.obj
LOAD CMakeFiles/app.dir/Users/mjrovai/pico/pico-sdk/src/rp2_common/pico_stdio_usb/reset_interface.c.obj
LOAD CMakeFiles/app.dir/Users/mjrovai/pico/pico-sdk/src/rp2_common/pico_stdio_usb/stdio_usb.c.obj
LOAD CMakeFiles/app.dir/Users/mjrovai/pico/pico-sdk/src/rp2_common/pico_stdio_usb/stdio_usb_descriptors.c.obj
LOAD CMakeFiles/app.dir/Users/mjrovai/pico/pico-sdk/lib/tinyusb/src/portable/raspberrypi/rp2040/dcd_rp2040.c.obj
LOAD CMakeFiles/app.dir/Users/mjrovai/pico/pico-sdk/lib/tinyusb/src/portable/raspberrypi/rp2040/rp2040_usb.c.obj
LOAD CMakeFiles/app.dir/Users/mjrovai/pico/pico-sdk/lib/tinyusb/src/device/usbd.c.obj
LOAD CMakeFiles/app.dir/Users/mjrovai/pico/pico-sdk/lib/tinyusb/src/device/usbd_control.c.obj
LOAD CMakeFiles/app.dir/Users/mjrovai/pico/pico-sdk/lib/tinyusb/src/class/audio/audio_device.c.obj
LOAD CMakeFiles/app.dir/Users/mjrovai/pico/pico-sdk/lib/tinyusb/src/class/cdc/cdc_device.c.obj
LOAD CMakeFiles/app.dir/Users/mjrovai/pico/pico-sdk/lib/tinyusb/src/class/dfu/dfu_rt_device.c.obj
LOAD CMakeFiles/app.dir/Users/mjrovai/pico/pico-sdk/lib/tinyusb/src/class/hid/hid_device.c.obj
LOAD CMakeFiles/app.dir/Users/mjrovai/pico/pico-sdk/lib/tinyusb/src/class/midi/midi_device.c.obj
LOAD CMakeFiles/app.dir/Users/mjrovai/pico/pico-sdk/lib/tinyusb/src/class/msc/msc_device.c.obj
LOAD CMakeFiles/app.dir/Users/mjrovai/pico/pico-sdk/lib/tinyusb/src/class/net/net_device.c.obj
LOAD CMakeFiles/app.dir/Users/mjrovai/pico/pico-sdk/lib/tinyusb/src/class/usbtmc/usbtmc_device.c.obj
LOAD CMakeFiles/app.dir/Users/mjrovai/pico/pico-sdk/lib/tinyusb/src/class/vendor/vendor_device.c.obj
LOAD CMakeFiles/app.dir/Users/mjrovai/pico/pico-sdk/lib/tinyusb/src/tusb.c.obj
LOAD CMakeFiles/app.dir/Users/mjrovai/pico/pico-sdk/lib/tinyusb/src/common/tusb_fifo.c.obj
LOAD CMakeFiles/app.dir/Users/mjrovai/pico/pico-sdk/src/rp2_common/pico_fix/rp2040_usb_device_enumeration/rp2040_usb_device_enumeration.c.obj
LOAD CMakeFiles/app.dir/Users/mjrovai/pico/pico-sdk/src/rp2_common/hardware_adc/adc.c.obj
LOAD /var/folders/ss/f643n9x53s754jfn9_g46s800000gn/T//ccDKtnmR.o
LOAD /usr/local/Cellar/arm-none-eabi-gcc/9-2019-q4-major/gcc/bin/../lib/gcc/arm-none-eabi/9.2.1/../../../../arm-none-eabi/lib/thumb/v6-m/nofp/libstdc++.a
LOAD /usr/local/Cellar/arm-none-eabi-gcc/9-2019-q4-major/gcc/bin/../lib/gcc/arm-none-eabi/9.2.1/../../../../arm-none-eabi/lib/thumb/v6-m/nofp/libm.a
START GROUP
LOAD /usr/local/Cellar/arm-none-eabi-gcc/9-2019-q4-major/gcc/bin/../lib/gcc/arm-none-eabi/9.2.1/thumb/v6-m/nofp/libgcc.a
LOAD /usr/local/Cellar/arm-none-eabi-gcc/9-2019-q4-major/gcc/bin/../lib/gcc/arm-none-eabi/9.2.1/../../../../arm-none-eabi/lib/thumb/v6-m/nofp/libc.a
END GROUP
START GROUP
LOAD /usr/local/Cellar/arm-none-eabi-gcc/9-2019-q4-major/gcc/bin/../lib/gcc/arm-none-eabi/9.2.1/thumb/v6-m/nofp/libgcc.a
LOAD /usr/local/Cellar/arm-none-eabi-gcc/9-2019-q4-major/gcc/bin/../lib/gcc/arm-none-eabi/9.2.1/../../../../arm-none-eabi/lib/thumb/v6-m/nofp/libc.a
LOAD /usr/local/Cellar/arm-none-eabi-gcc/9-2019-q4-major/gcc/bin/../lib/gcc/arm-none-eabi/9.2.1/../../../../arm-none-eabi/lib/thumb/v6-m/nofp/libnosys.a
END GROUP
LOAD /usr/local/Cellar/arm-none-eabi-gcc/9-2019-q4-major/gcc/bin/../lib/gcc/arm-none-eabi/9.2.1/thumb/v6-m/nofp/crtend.o
LOAD /usr/local/Cellar/arm-none-eabi-gcc/9-2019-q4-major/gcc/bin/../lib/gcc/arm-none-eabi/9.2.1/thumb/v6-m/nofp/crtn.o
OUTPUT(app.elf elf32-littlearm)

.ARM.attributes
                0x0000000000000000       0x28
 .ARM.attributes
                0x0000000000000000       0x1e /usr/local/Cellar/arm-none-eabi-gcc/9-2019-q4-major/gcc/bin/../lib/gcc/arm-none-eabi/9.2.1/thumb/v6-m/nofp/crti.o
 .ARM.attributes
                0x000000000000001e       0x2c /usr/local/Cellar/arm-none-eabi-gcc/9-2019-q4-major/gcc/bin/../lib/gcc/arm-none-eabi/9.2.1/thumb/v6-m/nofp/crtbegin.o
 .ARM.attributes
                0x000000000000004a       0x2b CMakeFiles/app.dir/main.cpp.obj
 .ARM.attributes
                0x0000000000000075       0x2b CMakeFiles/app.dir/Users/mjrovai/pico/pico-sdk/src/rp2_common/pico_multicore/multicore.c.obj
 .ARM.attributes
                0x00000000000000a0       0x2b CMakeFiles/app.dir/Users/mjrovai/pico/pico-sdk/src/common/pico_sync/lock_core.c.obj
 .ARM.attributes
                0x00000000000000cb       0x2b CMakeFiles/app.dir/Users/mjrovai/pico/pico-sdk/src/rp2_common/hardware_sync/sync.c.obj
 .ARM.attributes
                0x00000000000000f6       0x2b CMakeFiles/app.dir/Users/mjrovai/pico/pico-sdk/src/rp2_common/hardware_claim/claim.c.obj
 .ARM.attributes
                0x0000000000000121       0x2b CMakeFiles/app.dir/Users/mjrovai/pico/pico-sdk/src/rp2_common/pico_platform/platform.c.obj
 .ARM.attributes
                0x000000000000014c       0x2b CMakeFiles/app.dir/Users/mjrovai/pico/pico-sdk/src/common/pico_time/time.c.obj
 .ARM.attributes
                0x0000000000000177       0x2b CMakeFiles/app.dir/Users/mjrovai/pico/pico-sdk/src/rp2_common/hardware_timer/timer.c.obj
 .ARM.attributes
                0x00000000000001a2       0x2b CMakeFiles/app.dir/Users/mjrovai/pico/pico-sdk/src/common/pico_util/pheap.c.obj
 .ARM.attributes
                0x00000000000001cd       0x2b CMakeFiles/app.dir/Users/mjrovai/pico/pico-sdk/src/common/pico_sync/mutex.c.obj
 .ARM.attributes
                0x00000000000001f8       0x2b CMakeFiles/app.dir/Users/mjrovai/pico/pico-sdk/src/common/pico_sync/critical_section.c.obj
 .ARM.attributes
                0x0000000000000223       0x2b CMakeFiles/app.dir/Users/mjrovai/pico/pico-sdk/src/rp2_common/hardware_gpio/gpio.c.obj
 .ARM.attributes
                0x000000000000024e       0x2b CMakeFiles/app.dir/Users/mjrovai/pico/pico-sdk/src/rp2_common/pico_runtime/runtime.c.obj
 .ARM.attributes
                0x0000000000000279       0x2b CMakeFiles/app.dir/Users/mjrovai/pico/pico-sdk/src/rp2_common/hardware_clocks/clocks.c.obj
 .ARM.attributes
                0x00000000000002a4       0x2b CMakeFiles/app.dir/Users/mjrovai/pico/pico-sdk/src/rp2_common/hardware_watchdog/watchdog.c.obj
 .ARM.attributes
                0x00000000000002cf       0x2b CMakeFiles/app.dir/Users/mjrovai/pico/pico-sdk/src/rp2_common/hardware_xosc/xosc.c.obj
 .ARM.attributes
                0x00000000000002fa       0x2b CMakeFiles/app.dir/Users/mjrovai/pico/pico-sdk/src/rp2_common/hardware_pll/pll.c.obj
 .ARM.attributes
                0x0000000000000325       0x2b CMakeFiles/app.dir/Users/mjrovai/pico/pico-sdk/src/rp2_common/hardware_irq/irq.c.obj
 .ARM.attributes
                0x0000000000000350       0x22 CMakeFiles/app.dir/Users/mjrovai/pico/pico-sdk/src/rp2_common/hardware_irq/irq_handler_chain.S.obj
 .ARM.attributes
                0x0000000000000372       0x2b CMakeFiles/app.dir/Users/mjrovai/pico/pico-sdk/src/rp2_common/pico_printf/printf.c.obj
 .ARM.attributes
                0x000000000000039d       0x22 CMakeFiles/app.dir/Users/mjrovai/pico/pico-sdk/src/rp2_common/pico_bit_ops/bit_ops_aeabi.S.obj
 .ARM.attributes
                0x00000000000003bf       0x2b CMakeFiles/app.dir/Users/mjrovai/pico/pico-sdk/src/rp2_common/pico_bootrom/bootrom.c.obj
 .ARM.attributes
                0x00000000000003ea       0x22 CMakeFiles/app.dir/Users/mjrovai/pico/pico-sdk/src/rp2_common/pico_divider/divider.S.obj
 .ARM.attributes
                0x000000000000040c       0x22 CMakeFiles/app.dir/Users/mjrovai/pico/pico-sdk/src/rp2_common/pico_double/double_aeabi.S.obj
 .ARM.attributes
                0x000000000000042e       0x2b CMakeFiles/app.dir/Users/mjrovai/pico/pico-sdk/src/rp2_common/pico_double/double_init_rom.c.obj
 .ARM.attributes
                0x0000000000000459       0x22 CMakeFiles/app.dir/Users/mjrovai/pico/pico-sdk/src/rp2_common/pico_double/double_v1_rom_shim.S.obj
 .ARM.attributes
                0x000000000000047b       0x22 CMakeFiles/app.dir/Users/mjrovai/pico/pico-sdk/src/rp2_common/pico_int64_ops/pico_int64_ops_aeabi.S.obj
 .ARM.attributes
                0x000000000000049d       0x22 CMakeFiles/app.dir/Users/mjrovai/pico/pico-sdk/src/rp2_common/pico_float/float_aeabi.S.obj
 .ARM.attributes
                0x00000000000004bf       0x2b CMakeFiles/app.dir/Users/mjrovai/pico/pico-sdk/src/rp2_common/pico_float/float_init_rom.c.obj
 .ARM.attributes
                0x00000000000004ea       0x22 CMakeFiles/app.dir/Users/mjrovai/pico/pico-sdk/src/rp2_common/pico_float/float_v1_rom_shim.S.obj
 .ARM.attributes
                0x000000000000050c       0x2b CMakeFiles/app.dir/Users/mjrovai/pico/pico-sdk/src/rp2_common/pico_malloc/pico_malloc.c.obj
 .ARM.attributes
                0x0000000000000537       0x22 CMakeFiles/app.dir/Users/mjrovai/pico/pico-sdk/src/rp2_common/pico_mem_ops/mem_ops_aeabi.S.obj
 .ARM.attributes
                0x0000000000000559       0x22 CMakeFiles/app.dir/Users/mjrovai/pico/pico-sdk/src/rp2_common/pico_standard_link/crt0.S.obj
 .ARM.attributes
                0x000000000000057b       0x32 CMakeFiles/app.dir/Users/mjrovai/pico/pico-sdk/src/rp2_common/pico_standard_link/binary_info.c.obj
 .ARM.attributes
                0x00000000000005ad       0x2b CMakeFiles/app.dir/Users/mjrovai/pico/pico-sdk/src/rp2_common/pico_stdio/stdio.c.obj
 .ARM.attributes
                0x00000000000005d8       0x2b CMakeFiles/app.dir/Users/mjrovai/pico/pico-sdk/src/rp2_common/pico_stdio_usb/reset_interface.c.obj
 .ARM.attributes
                0x0000000000000603       0x2b CMakeFiles/app.dir/Users/mjrovai/pico/pico-sdk/src/rp2_common/pico_stdio_usb/stdio_usb.c.obj
 .ARM.attributes
                0x000000000000062e       0x2b CMakeFiles/app.dir/Users/mjrovai/pico/pico-sdk/src/rp2_common/pico_stdio_usb/stdio_usb_descriptors.c.obj
 .ARM.attributes
                0x0000000000000659       0x2b CMakeFiles/app.dir/Users/mjrovai/pico/pico-sdk/lib/tinyusb/src/portable/raspberrypi/rp2040/dcd_rp2040.c.obj
 .ARM.attributes
                0x0000000000000684       0x2b CMakeFiles/app.dir/Users/mjrovai/pico/pico-sdk/lib/tinyusb/src/portable/raspberrypi/rp2040/rp2040_usb.c.obj
 .ARM.attributes
                0x00000000000006af       0x2b CMakeFiles/app.dir/Users/mjrovai/pico/pico-sdk/lib/tinyusb/src/device/usbd.c.obj
 .ARM.attributes
                0x00000000000006da       0x2b CMakeFiles/app.dir/Users/mjrovai/pico/pico-sdk/lib/tinyusb/src/device/usbd_control.c.obj
 .ARM.attributes
                0x0000000000000705       0x2b CMakeFiles/app.dir/Users/mjrovai/pico/pico-sdk/lib/tinyusb/src/class/cdc/cdc_device.c.obj
 .ARM.attributes
                0x0000000000000730       0x2b CMakeFiles/app.dir/Users/mjrovai/pico/pico-sdk/lib/tinyusb/src/tusb.c.obj
 .ARM.attributes
                0x000000000000075b       0x2b CMakeFiles/app.dir/Users/mjrovai/pico/pico-sdk/lib/tinyusb/src/common/tusb_fifo.c.obj
 .ARM.attributes
                0x0000000000000786       0x2b CMakeFiles/app.dir/Users/mjrovai/pico/pico-sdk/src/rp2_common/hardware_adc/adc.c.obj
 .ARM.attributes
                0x00000000000007b1       0x22 /var/folders/ss/f643n9x53s754jfn9_g46s800000gn/T//ccDKtnmR.o
 .ARM.attributes
                0x00000000000007d3       0x1e /usr/local/Cellar/arm-none-eabi-gcc/9-2019-q4-major/gcc/bin/../lib/gcc/arm-none-eabi/9.2.1/thumb/v6-m/nofp/libgcc.a(_dvmd_tls.o)
 .ARM.attributes
                0x00000000000007f1       0x2c /usr/local/Cellar/arm-none-eabi-gcc/9-2019-q4-major/gcc/bin/../lib/gcc/arm-none-eabi/9.2.1/../../../../arm-none-eabi/lib/thumb/v6-m/nofp/libc.a(lib_a-strlen-stub.o)

.comment        0x0000000000000000       0x79
 .comment       0x0000000000000000       0x79 CMakeFiles/app.dir/main.cpp.obj
                                         0x7a (size before relaxing)
 .comment       0x0000000000000079       0x7a CMakeFiles/app.dir/Users/mjrovai/pico/pico-sdk/src/rp2_common/pico_multicore/multicore.c.obj
 .comment       0x0000000000000079       0x7a CMakeFiles/app.dir/Users/mjrovai/pico/pico-sdk/src/common/pico_sync/lock_core.c.obj
 .comment       0x0000000000000079       0x7a CMakeFiles/app.dir/Users/mjrovai/pico/pico-sdk/src/rp2_common/hardware_sync/sync.c.obj
 .comment       0x0000000000000079       0x7a CMakeFiles/app.dir/Users/mjrovai/pico/pico-sdk/src/rp2_common/hardware_claim/claim.c.obj
 .comment       0x0000000000000079       0x7a CMakeFiles/app.dir/Users/mjrovai/pico/pico-sdk/src/rp2_common/pico_platform/platform.c.obj
 .comment       0x0000000000000079       0x7a CMakeFiles/app.dir/Users/mjrovai/pico/pico-sdk/src/common/pico_time/time.c.obj
 .comment       0x0000000000000079       0x7a CMakeFiles/app.dir/Users/mjrovai/pico/pico-sdk/src/rp2_common/hardware_timer/timer.c.obj
 .comment       0x0000000000000079       0x7a CMakeFiles/app.dir/Users/mjrovai/pico/pico-sdk/src/common/pico_util/pheap.c.obj
 .comment       0x0000000000000079       0x7a CMakeFiles/app.dir/Users/mjrovai/pico/pico-sdk/src/common/pico_sync/mutex.c.obj
 .comment       0x0000000000000079       0x7a CMakeFiles/app.dir/Users/mjrovai/pico/pico-sdk/src/common/pico_sync/critical_section.c.obj
 .comment       0x0000000000000079       0x7a CMakeFiles/app.dir/Users/mjrovai/pico/pico-sdk/src/rp2_common/hardware_gpio/gpio.c.obj
 .comment       0x0000000000000079       0x7a CMakeFiles/app.dir/Users/mjrovai/pico/pico-sdk/src/rp2_common/pico_runtime/runtime.c.obj
 .comment       0x0000000000000079       0x7a CMakeFiles/app.dir/Users/mjrovai/pico/pico-sdk/src/rp2_common/hardware_clocks/clocks.c.obj
 .comment       0x0000000000000079       0x7a CMakeFiles/app.dir/Users/mjrovai/pico/pico-sdk/src/rp2_common/hardware_watchdog/watchdog.c.obj
 .comment       0x0000000000000079       0x7a CMakeFiles/app.dir/Users/mjrovai/pico/pico-sdk/src/rp2_common/hardware_xosc/xosc.c.obj
 .comment       0x0000000000000079       0x7a CMakeFiles/app.dir/Users/mjrovai/pico/pico-sdk/src/rp2_common/hardware_pll/pll.c.obj
 .comment       0x0000000000000079       0x7a CMakeFiles/app.dir/Users/mjrovai/pico/pico-sdk/src/rp2_common/hardware_irq/irq.c.obj
 .comment       0x0000000000000079       0x7a CMakeFiles/app.dir/Users/mjrovai/pico/pico-sdk/src/rp2_common/pico_printf/printf.c.obj
 .comment       0x0000000000000079       0x7a CMakeFiles/app.dir/Users/mjrovai/pico/pico-sdk/src/rp2_common/pico_bootrom/bootrom.c.obj
 .comment       0x0000000000000079       0x7a CMakeFiles/app.dir/Users/mjrovai/pico/pico-sdk/src/rp2_common/pico_double/double_init_rom.c.obj
 .comment       0x0000000000000079       0x7a CMakeFiles/app.dir/Users/mjrovai/pico/pico-sdk/src/rp2_common/pico_float/float_init_rom.c.obj
 .comment       0x0000000000000079       0x7a CMakeFiles/app.dir/Users/mjrovai/pico/pico-sdk/src/rp2_common/pico_malloc/pico_malloc.c.obj
 .comment       0x0000000000000079       0x7a CMakeFiles/app.dir/Users/mjrovai/pico/pico-sdk/src/rp2_common/pico_standard_link/binary_info.c.obj
 .comment       0x0000000000000079       0x7a CMakeFiles/app.dir/Users/mjrovai/pico/pico-sdk/src/rp2_common/pico_stdio/stdio.c.obj
 .comment       0x0000000000000079       0x7a CMakeFiles/app.dir/Users/mjrovai/pico/pico-sdk/src/rp2_common/pico_stdio_usb/reset_interface.c.obj
 .comment       0x0000000000000079       0x7a CMakeFiles/app.dir/Users/mjrovai/pico/pico-sdk/src/rp2_common/pico_stdio_usb/stdio_usb.c.obj
 .comment       0x0000000000000079       0x7a CMakeFiles/app.dir/Users/mjrovai/pico/pico-sdk/src/rp2_common/pico_stdio_usb/stdio_usb_descriptors.c.obj
 .comment       0x0000000000000079       0x7a CMakeFiles/app.dir/Users/mjrovai/pico/pico-sdk/lib/tinyusb/src/portable/raspberrypi/rp2040/dcd_rp2040.c.obj
 .comment       0x0000000000000079       0x7a CMakeFiles/app.dir/Users/mjrovai/pico/pico-sdk/lib/tinyusb/src/portable/raspberrypi/rp2040/rp2040_usb.c.obj
 .comment       0x0000000000000079       0x7a CMakeFiles/app.dir/Users/mjrovai/pico/pico-sdk/lib/tinyusb/src/device/usbd.c.obj
 .comment       0x0000000000000079       0x7a CMakeFiles/app.dir/Users/mjrovai/pico/pico-sdk/lib/tinyusb/src/device/usbd_control.c.obj
 .comment       0x0000000000000079       0x7a CMakeFiles/app.dir/Users/mjrovai/pico/pico-sdk/lib/tinyusb/src/class/cdc/cdc_device.c.obj
 .comment       0x0000000000000079       0x7a CMakeFiles/app.dir/Users/mjrovai/pico/pico-sdk/lib/tinyusb/src/tusb.c.obj
 .comment       0x0000000000000079       0x7a CMakeFiles/app.dir/Users/mjrovai/pico/pico-sdk/lib/tinyusb/src/common/tusb_fifo.c.obj
 .comment       0x0000000000000079       0x7a CMakeFiles/app.dir/Users/mjrovai/pico/pico-sdk/src/rp2_common/hardware_adc/adc.c.obj

.debug_frame    0x0000000000000000       0x28
 .debug_frame   0x0000000000000000       0x28 /usr/local/Cellar/arm-none-eabi-gcc/9-2019-q4-major/gcc/bin/../lib/gcc/arm-none-eabi/9.2.1/../../../../arm-none-eabi/lib/thumb/v6-m/nofp/libc.a(lib_a-strlen-stub.o)